Component: ARM Compiler 5.06 update 7 (build 960) Tool: armlink [4d3601]

==============================================================================

Section Cross References

    startup_stm32f405xx.o(STACK) refers (Special) to heapauxi.o(.text) for __use_two_region_memory
    startup_stm32f405xx.o(HEAP) refers (Special) to heapauxi.o(.text) for __use_two_region_memory
    startup_stm32f405xx.o(RESET) refers (Special) to heapauxi.o(.text) for __use_two_region_memory
    startup_stm32f405xx.o(RESET) refers to startup_stm32f405xx.o(STACK) for __initial_sp
    startup_stm32f405xx.o(RESET) refers to startup_stm32f405xx.o(.text) for Reset_Handler
    startup_stm32f405xx.o(RESET) refers to stm32f4xx_it.o(i.NMI_Handler) for NMI_Handler
    startup_stm32f405xx.o(RESET) refers to stm32f4xx_it.o(i.HardFault_Handler) for HardFault_Handler
    startup_stm32f405xx.o(RESET) refers to stm32f4xx_it.o(i.MemManage_Handler) for MemManage_Handler
    startup_stm32f405xx.o(RESET) refers to stm32f4xx_it.o(i.BusFault_Handler) for BusFault_Handler
    startup_stm32f405xx.o(RESET) refers to stm32f4xx_it.o(i.UsageFault_Handler) for UsageFault_Handler
    startup_stm32f405xx.o(RESET) refers to stm32f4xx_it.o(i.SVC_Handler) for SVC_Handler
    startup_stm32f405xx.o(RESET) refers to stm32f4xx_it.o(i.DebugMon_Handler) for DebugMon_Handler
    startup_stm32f405xx.o(RESET) refers to stm32f4xx_it.o(i.PendSV_Handler) for PendSV_Handler
    startup_stm32f405xx.o(RESET) refers to stm32f4xx_it.o(i.SysTick_Handler) for SysTick_Handler
    startup_stm32f405xx.o(RESET) refers to stm32f4xx_it.o(i.TIM3_IRQHandler) for TIM3_IRQHandler
    startup_stm32f405xx.o(RESET) refers to stm32f4xx_it.o(i.USART1_IRQHandler) for USART1_IRQHandler
    startup_stm32f405xx.o(RESET) refers to stm32f4xx_it.o(i.CAN2_RX1_IRQHandler) for CAN2_RX1_IRQHandler
    startup_stm32f405xx.o(RESET) refers to stm32f4xx_it.o(i.CAN2_SCE_IRQHandler) for CAN2_SCE_IRQHandler
    startup_stm32f405xx.o(RESET) refers to stm32f4xx_it.o(i.OTG_FS_IRQHandler) for OTG_FS_IRQHandler
    startup_stm32f405xx.o(.text) refers (Special) to heapauxi.o(.text) for __use_two_region_memory
    startup_stm32f405xx.o(.text) refers to system_stm32f4xx.o(i.SystemInit) for SystemInit
    startup_stm32f405xx.o(.text) refers to __main.o(!!!main) for __main
    startup_stm32f405xx.o(.text) refers to startup_stm32f405xx.o(HEAP) for Heap_Mem
    startup_stm32f405xx.o(.text) refers to startup_stm32f405xx.o(STACK) for Stack_Mem
    main.o(i.CAN2_RxCallback) refers to can_motor.o(i.MotorCAN2_ProcessRx) for MotorCAN2_ProcessRx
    main.o(i.CAN2_SCE_Callback) refers to can_motor.o(i.MotorCAN2_ResetBus) for MotorCAN2_ResetBus
    main.o(i.CAN2_SCE_Callback) refers to main.o(.bss) for .bss
    main.o(i.CAN2_SCE_Callback) refers to main.o(.data) for .data
    main.o(i.CAN_Filter_Config) refers to stm32f4xx_hal_can.o(i.HAL_CAN_ConfigFilter) for HAL_CAN_ConfigFilter
    main.o(i.CAN_Filter_Config) refers to main.o(.bss) for .bss
    main.o(i.CAN_Start) refers to main.o(i.CAN_Filter_Config) for CAN_Filter_Config
    main.o(i.CAN_Start) refers to stm32f4xx_hal.o(i.HAL_Delay) for HAL_Delay
    main.o(i.CAN_Start) refers to stm32f4xx_hal_can.o(i.HAL_CAN_Start) for HAL_CAN_Start
    main.o(i.CAN_Start) refers to stm32f4xx_hal_can.o(i.HAL_CAN_ActivateNotification) for HAL_CAN_ActivateNotification
    main.o(i.CAN_Start) refers to main.o(.bss) for .bss
    main.o(i.HAL_CAN_ErrorCallback) refers to main.o(i.CAN2_SCE_Callback) for CAN2_SCE_Callback
    main.o(i.HAL_CAN_RxFifo1MsgPendingCallback) refers to stm32f4xx_hal_can.o(i.HAL_CAN_GetRxMessage) for HAL_CAN_GetRxMessage
    main.o(i.HAL_CAN_RxFifo1MsgPendingCallback) refers to main.o(i.CAN2_RxCallback) for CAN2_RxCallback
    main.o(i.HAL_TIM_PeriodElapsedCallback) refers to can_motor.o(i.Motor_CheckOnline) for Motor_CheckOnline
    main.o(i.HAL_TIM_PeriodElapsedCallback) refers to stm32f4xx_hal.o(i.HAL_GetTick) for HAL_GetTick
    main.o(i.HAL_TIM_PeriodElapsedCallback) refers to kinematics.o(i.Kinematics_Calculate) for Kinematics_Calculate
    main.o(i.HAL_TIM_PeriodElapsedCallback) refers to can_motor.o(i.Motor_IsOnline) for Motor_IsOnline
    main.o(i.HAL_TIM_PeriodElapsedCallback) refers to pid.o(i.PID_Calculate) for PID_Calculate
    main.o(i.HAL_TIM_PeriodElapsedCallback) refers to can_motor.o(i.MotorCAN2_SendCurrent) for MotorCAN2_SendCurrent
    main.o(i.HAL_TIM_PeriodElapsedCallback) refers to pid.o(i.PID_Reset) for PID_Reset
    main.o(i.HAL_TIM_PeriodElapsedCallback) refers to main.o(i.UpdateOdometry) for UpdateOdometry
    main.o(i.HAL_TIM_PeriodElapsedCallback) refers to main.o(i.SendChassisFeedback) for SendChassisFeedback
    main.o(i.HAL_TIM_PeriodElapsedCallback) refers to main.o(.data) for .data
    main.o(i.HAL_TIM_PeriodElapsedCallback) refers to main.o(.bss) for .bss
    main.o(i.HAL_TIM_PeriodElapsedCallback) refers to can_motor.o(.bss) for motor_fb
    main.o(i.HAL_UART_RxCpltCallback) refers to stm32f4xx_hal.o(i.HAL_GetTick) for HAL_GetTick
[...]
    __cpp_initialize__aeabi_                  - Undefined Weak Reference
    __cxa_finalize                            - Undefined Weak Reference
    __rt_locale                               - Undefined Weak Reference
    __sigvec_lookup                           - Undefined Weak Reference
    _atexit_init                              - Undefined Weak Reference
    _call_atexit_fns                          - Undefined Weak Reference
    _clock_init                               - Undefined Weak Reference
    _fp_trap_init                             - Undefined Weak Reference
    _fp_trap_shutdown                         - Undefined Weak Reference
    _get_lc_collate                           - Undefined Weak Reference
    _get_lc_ctype                             - Undefined Weak Reference
    _get_lc_monetary                          - Undefined Weak Reference
    _get_lc_numeric                           - Undefined Weak Reference
    _get_lc_time                              - Undefined Weak Reference
    _getenv_init                              - Undefined Weak Reference
    _handle_redirection                       - Undefined Weak Reference
    _init_alloc                               - Undefined Weak Reference
    _init_user_alloc                          - Undefined Weak Reference
    _initio                                   - Undefined Weak Reference
    _rand_init                                - Undefined Weak Reference
    _signal_finish                            - Undefined Weak Reference
    _signal_init                              - Undefined Weak Reference
    _terminate_alloc                          - Undefined Weak Reference
    _terminate_user_alloc                     - Undefined Weak Reference
    _terminateio                              - Undefined Weak Reference
    __Vectors_Size                           0x00000188   Number         0  startup_stm32f405xx.o ABSOLUTE
    __Vectors                                0x08000000   Data           4  startup_stm32f405xx.o(RESET)
    __Vectors_End                            0x08000188   Data           0  startup_stm32f405xx.o(RESET)
    __main                                   0x08000189   Thumb Code     8  __main.o(!!!main)
    __scatterload                            0x08000191   Thumb Code     0  __scatter.o(!!!scatter)
    __scatterload_rt2                        0x08000191   Thumb Code    44  __scatter.o(!!!scatter)
    __scatterload_rt2_thumb_only             0x08000191   Thumb Code     0  __scatter.o(!!!scatter)
    __scatterload_null                       0x0800019f   Thumb Code     0  __scatter.o(!!!scatter)
    __decompress                             0x080001c5   Thumb Code    90  __dczerorl2.o(!!dczerorl2)
    __decompress1                            0x080001c5   Thumb Code     0  __dczerorl2.o(!!dczerorl2)
    __scatterload_zeroinit                   0x08000221   Thumb Code    28  __scatter_zi.o(!!handler_zi)
    __rt_lib_init                            0x0800023d   Thumb Code     0  libinit.o(.ARM.Collect$$libinit$$00000000)
    __rt_lib_init_fp_1                       0x0800023f   Thumb Code     0  libinit2.o(.ARM.Collect$$libinit$$00000001)
    __rt_lib_init_alloca_1                   0x08000243   Thumb Code     0  libinit2.o(.ARM.Collect$$libinit$$0000002E)
    __rt_lib_init_argv_1                     0x08000243   Thumb Code     0  libinit2.o(.ARM.Collect$$libinit$$0000002C)
    __rt_lib_init_atexit_1                   0x08000243   Thumb Code     0  libinit2.o(.ARM.Collect$$libinit$$0000001B)
    __rt_lib_init_clock_1                    0x08000243   Thumb Code     0  libinit2.o(.ARM.Collect$$libinit$$00000021)
    __rt_lib_init_cpp_1                      0x08000243   Thumb Code     0  libinit2.o(.ARM.Collect$$libinit$$00000032)
    __rt_lib_init_exceptions_1               0x08000243   Thumb Code     0  libinit2.o(.ARM.Collect$$libinit$$00000030)
    __rt_lib_init_fp_trap_1                  0x08000243   Thumb Code     0  libinit2.o(.ARM.Collect$$libinit$$0000001F)
    __rt_lib_init_getenv_1                   0x08000243   Thumb Code     0  libinit2.o(.ARM.Collect$$libinit$$00000023)
    __rt_lib_init_heap_1                     0x08000243   Thumb Code     0  libinit2.o(.ARM.Collect$$libinit$$0000000A)
    __rt_lib_init_lc_collate_1               0x08000243   Thumb Code     0  libinit2.o(.ARM.Collect$$libinit$$00000011)
    __rt_lib_init_lc_ctype_1                 0x08000243   Thumb Code     0  libinit2.o(.ARM.Collect$$libinit$$00000013)
    __rt_lib_init_lc_monetary_1              0x08000243   Thumb Code     0  libinit2.o(.ARM.Collect$$libinit$$00000015)
    __rt_lib_init_lc_numeric_1               0x08000243   Thumb Code     0  libinit2.o(.ARM.Collect$$libinit$$00000017)
    __rt_lib_init_lc_time_1                  0x08000243   Thumb Code     0  libinit2.o(.ARM.Collect$$libinit$$00000019)
    __rt_lib_init_preinit_1                  0x08000243   Thumb Code     0  libinit2.o(.ARM.Collect$$libinit$$00000004)
    __rt_lib_init_rand_1                     0x08000243   Thumb Code     0  libinit2.o(.ARM.Collect$$libinit$$0000000E)
    __rt_lib_init_return                     0x08000243   Thumb Code     0  libinit2.o(.ARM.Collect$$libinit$$00000033)
    __rt_lib_init_signal_1                   0x08000243   Thumb Code     0  libinit2.o(.ARM.Collect$$libinit$$0000001D)
    __rt_lib_init_stdio_1                    0x08000243   Thumb Code     0  libinit2.o(.ARM.Collect$$libinit$$00000025)
    __rt_lib_init_user_alloc_1               0x08000243   Thumb Code     0  libinit2.o(.ARM.Collect$$libinit$$0000000C)
    __rt_lib_shutdown                        0x08000245   Thumb Code     0  libshutdown.o(.ARM.Collect$$libshutdown$$00000000)
    __rt_lib_shutdown_cpp_1                  0x08000247   Thumb Code     0  libshutdown2.o(.ARM.Collect$$libshutdown$$00000004)
    __rt_lib_shutdown_fini_1                 0x08000247   Thumb Code     0  libshutdown2.o(.ARM.Collect$$libshutdown$$00000002)
    __rt_lib_shutdown_fp_trap_1              0x08000247   Thumb Code     0  libshutdown2.o(.ARM.Collect$$libshutdown$$00000009)
    __rt_lib_shutdown_heap_1                 0x08000247   Thumb Code     0  libshutdown2.o(.ARM.Collect$$libshutdown$$00000011)
    __rt_lib_shutdown_return                 0x08000247   Thumb Code     0  libshutdown2.o(.ARM.Collect$$libshutdown$$00000012)
    __rt_lib_shutdown_signal_1               0x08000247   Thumb Code     0  libshutdown2.o(.ARM.Collect$$libshutdown$$0000000C)
    __rt_lib_shutdown_stdio_1                0x08000247   Thumb Code     0  libshutdown2.o(.ARM.Collect$$libshutdown$$00000006)
    __rt_lib_shutdown_user_alloc_1           0x08000247   Thumb Code     0  libshutdown2.o(.ARM.Collect$$libshutdown$$0000000E)
    __rt_entry                               0x08000249   Thumb Code     0  __rtentry.o(.ARM.Collect$$rtentry$$00000000)
    __rt_entry_presh_1                       0x08000249   Thumb Code     0  __rtentry2.o(.ARM.Collect$$rtentry$$00000002)
    __rt_entry_sh                            0x08000249   Thumb Code     0  __rtentry4.o(.ARM.Collect$$rtentry$$00000004)
    __rt_entry_li                            0x0800024f   Thumb Code     0  __rtentry2.o(.ARM.Collect$$rtentry$$0000000A)
    __rt_entry_postsh_1                      0x0800024f   Thumb Code     0  __rtentry2.o(.ARM.Collect$$rtentry$$00000009)
    __rt_entry_main                          0x08000253   Thumb Code     0  __rtentry2.o(.ARM.Collect$$rtentry$$0000000D)
    __rt_entry_postli_1                      0x08000253   Thumb Code     0  __rtentry2.o(.ARM.Collect$$rtentry$$0000000C)
    __rt_exit                                0x0800025b   Thumb Code     0  rtexit.o(.ARM.Collect$$rtexit$$00000000)
    __rt_exit_ls                             0x0800025d   Thumb Code     0  rtexit2.o(.ARM.Collect$$rtexit$$00000003)
    __rt_exit_prels_1                        0x0800025d   Thumb Code     0  rtexit2.o(.ARM.Collect$$rtexit$$00000002)
    __rt_exit_exit                           0x08000261   Thumb Code     0  rtexit2.o(.ARM.Collect$$rtexit$$00000004)
    Reset_Handler                            0x08000269   Thumb Code     8  startup_stm32f405xx.o(.text)
    ADC_IRQHandler                           0x08000283   Thumb Code     0  startup_stm32f405xx.o(.text)
    CAN1_RX0_IRQHandler                      0x08000283   Thumb Code     0  startup_stm32f405xx.o(.text)
    CAN1_RX1_IRQHandler                      0x08000283   Thumb Code     0  startup_stm32f405xx.o(.text)
    CAN1_SCE_IRQHandler                      0x08000283   Thumb Code     0  startup_stm32f405xx.o(.text)
    CAN1_TX_IRQHandler                       0x08000283   Thumb Code     0  startup_stm32f405xx.o(.text)
    CAN2_RX0_IRQHandler                      0x08000283   Thumb Code     0  startup_stm32f405xx.o(.text)
    CAN2_TX_IRQHandler                       0x08000283   Thumb Code     0  startup_stm32f405xx.o(.text)
    DMA1_Stream0_IRQHandler                  0x08000283   Thumb Code     0  startup_stm32f405xx.o(.text)
    DMA1_Stream1_IRQHandler                  0x08000283   Thumb Code     0  startup_stm32f405xx.o(.text)
    DMA1_Stream2_IRQHandler                  0x08000283   Thumb Code     0  startup_stm32f405xx.o(.text)
    DMA1_Stream3_IRQHandler                  0x08000283   Thumb Code     0  startup_stm32f405xx.o(.text)
    DMA1_Stream4_IRQHandler                  0x08000283   Thumb Code     0  startup_stm32f405xx.o(.text)
    DMA1_Stream5_IRQHandler                  0x08000283   Thumb Code     0  startup_stm32f405xx.o(.text)
    DMA1_Stream6_IRQHandler                  0x08000283   Thumb Code     0  startup_stm32f405xx.o(.text)
    DMA1_Stream7_IRQHandler                  0x08000283   Thumb Code     0  startup_stm32f405xx.o(.text)
    DMA2_Stream0_IRQHandler                  0x08000283   Thumb Code     0  startup_stm32f405xx.o(.text)
    DMA2_Stream1_IRQHandler                  0x08000283   Thumb Code     0  startup_stm32f405xx.o(.text)
    DMA2_Stream2_IRQHandler                  0x08000283   Thumb Code     0  startup_stm32f405xx.o(.text)
    DMA2_Stream3_IRQHandler                  0x08000283   Thumb Code     0  startup_stm32f405xx.o(.text)
    DMA2_Stream4_IRQHandler                  0x08000283   Thumb Code     0  startup_stm32f405xx.o(.text)
    DMA2_Stream5_IRQHandler                  0x08000283   Thumb Code     0  startup_stm32f405xx.o(.text)
    DMA2_Stream6_IRQHandler                  0x08000283   Thumb Code     0  startup_stm32f405xx.o(.text)
    DMA2_Stream7_IRQHandler                  0x08000283   Thumb Code     0  startup_stm32f405xx.o(.text)
    EXTI0_IRQHandler                         0x08000283   Thumb Code     0  startup_stm32f405xx.o(.text)
    EXTI15_10_IRQHandler                     0x08000283   Thumb Code     0  startup_stm32f405xx.o(.text)
    EXTI1_IRQHandler                         0x08000283   Thumb Code     0  startup_stm32f405xx.o(.text)
    EXTI2_IRQHandler                         0x08000283   Thumb Code     0  startup_stm32f405xx.o(.text)
    EXTI3_IRQHandler                         0x08000283   Thumb Code     0  startup_stm32f405xx.o(.text)
    EXTI4_IRQHandler                         0x08000283   Thumb Code     0  startup_stm32f405xx.o(.text)
    EXTI9_5_IRQHandler                       0x08000283   Thumb Code     0  startup_stm32f405xx.o(.text)
    FLASH_IRQHandler                         0x08000283   Thumb Code     0  startup_stm32f405xx.o(.text)
    FMC_IRQHandler                           0x08000283   Thumb Code     0  startup_stm32f405xx.o(.text)
    FPU_IRQHandler                           0x08000283   Thumb Code     0  startup_stm32f405xx.o(.text)
    HASH_RNG_IRQHandler                      0x08000283   Thumb Code     0  startup_stm32f405xx.o(.text)
    I2C1_ER_IRQHandler                       0x08000283   Thumb Code     0  startup_stm32f405xx.o(.text)
    I2C1_EV_IRQHandler                       0x08000283   Thumb Code     0  startup_stm32f405xx.o(.text)
    I2C2_ER_IRQHandler                       0x08000283   Thumb Code     0  startup_stm32f405xx.o(.text)
    I2C2_EV_IRQHandler                       0x08000283   Thumb Code     0  startup_stm32f405xx.o(.text)
    I2C3_ER_IRQHandler                       0x08000283   Thumb Code     0  startup_stm32f405xx.o(.text)
    I2C3_EV_IRQHandler                       0x08000283   Thumb Code     0  startup_stm32f405xx.o(.text)
    OTG_FS_WKUP_IRQHandler                   0x08000283   Thumb Code     0  startup_stm32f405xx.o(.text)
    OTG_HS_EP1_IN_IRQHandler                 0x08000283   Thumb Code     0  startup_stm32f405xx.o(.text)
    OTG_HS_EP1_OUT_IRQHandler                0x08000283   Thumb Code     0  startup_stm32f405xx.o(.text)
    OTG_HS_IRQHandler                        0x08000283   Thumb Code     0  startup_stm32f405xx.o(.text)
    OTG_HS_WKUP_IRQHandler                   0x08000283   Thumb Code     0  startup_stm32f405xx.o(.text)
    PVD_IRQHandler                           0x08000283   Thumb Code     0  startup_stm32f405xx.o(.text)
    RCC_IRQHandler                           0x08000283   Thumb Code     0  startup_stm32f405xx.o(.text)
    RTC_Alarm_IRQHandler                     0x08000283   Thumb Code     0  startup_stm32f405xx.o(.text)
    RTC_WKUP_IRQHandler                      0x08000283   Thumb Code     0  startup_stm32f405xx.o(.text)
    SDIO_IRQHandler                          0x08000283   Thumb Code     0  startup_stm32f405xx.o(.text)
    SPI1_IRQHandler                          0x08000283   Thumb Code     0  startup_stm32f405xx.o(.text)
    SPI2_IRQHandler                          0x08000283   Thumb Code     0  startup_stm32f405xx.o(.text)
    SPI3_IRQHandler                          0x08000283   Thumb Code     0  startup_stm32f405xx.o(.text)
    TAMP_STAMP_IRQHandler                    0x08000283   Thumb Code     0  startup_stm32f405xx.o(.text)
    TIM1_BRK_TIM9_IRQHandler                 0x08000283   Thumb Code     0  startup_stm32f405xx.o(.text)
    TIM1_CC_IRQHandler                       0x08000283   Thumb Code     0  startup_stm32f405xx.o(.text)
    TIM1_TRG_COM_TIM11_IRQHandler            0x08000283   Thumb Code     0  startup_stm32f405xx.o(.text)
    TIM1_UP_TIM10_IRQHandler                 0x08000283   Thumb Code     0  startup_stm32f405xx.o(.text)
    TIM2_IRQHandler                          0x08000283   Thumb Code     0  startup_stm32f405xx.o(.text)
    TIM4_IRQHandler                          0x08000283   Thumb Code     0  startup_stm32f405xx.o(.text)
    TIM5_IRQHandler                          0x08000283   Thumb Code     0  startup_stm32f405xx.o(.text)
    TIM6_DAC_IRQHandler                      0x08000283   Thumb Code     0  startup_stm32f405xx.o(.text)
    TIM7_IRQHandler                          0x08000283   Thumb Code     0  startup_stm32f405xx.o(.text)
    TIM8_BRK_TIM12_IRQHandler                0x08000283   Thumb Code     0  startup_stm32f405xx.o(.text)
    TIM8_CC_IRQHandler                       0x08000283   Thumb Code     0  startup_stm32f405xx.o(.text)
    TIM8_TRG_COM_TIM14_IRQHandler            0x08000283   Thumb Code     0  startup_stm32f405xx.o(.text)
    TIM8_UP_TIM13_IRQHandler                 0x08000283   Thumb Code     0  startup_stm32f405xx.o(.text)
    UART4_IRQHandler                         0x08000283   Thumb Code     0  startup_stm32f405xx.o(.text)
    UART5_IRQHandler                         0x08000283   Thumb Code     0  startup_stm32f405xx.o(.text)
    USART2_IRQHandler                        0x08000283   Thumb Code     0  startup_stm32f405xx.o(.text)
    USART3_IRQHandler                        0x08000283   Thumb Code     0  startup_stm32f405xx.o(.text)
    USART6_IRQHandler                        0x08000283   Thumb Code     0  startup_stm32f405xx.o(.text)
    WWDG_IRQHandler                          0x08000283   Thumb Code     0  startup_stm32f405xx.o(.text)
    __user_initial_stackheap                 0x08000285   Thumb Code     0  startup_stm32f405xx.o(.text)
    __aeabi_uldivmod                         0x080002a9   Thumb Code     0  lludivv7m.o(.text)
    _ll_udiv                                 0x080002a9   Thumb Code   238  lludivv7m.o(.text)
    __aeabi_memclr4                          0x08000397   Thumb Code     0  rt_memclr_w.o(.text)
    __aeabi_memclr8                          0x08000397   Thumb Code     0  rt_memclr_w.o(.text)
    __rt_memclr_w                            0x08000397   Thumb Code    78  rt_memclr_w.o(.text)
    _memset_w                                0x0800039b   Thumb Code     0  rt_memclr_w.o(.text)
    __use_two_region_memory                  0x080003e5   Thumb Code     2  heapauxi.o(.text)
    __rt_heap_escrow$2region                 0x080003e7   Thumb Code     2  heapauxi.o(.text)
    __rt_heap_expand$2region                 0x080003e9   Thumb Code     2  heapauxi.o(.text)
    __read_errno                             0x080003eb   Thumb Code    10  _rserrno.o(.text)
    __set_errno                              0x080003f5   Thumb Code    12  _rserrno.o(.text)
    __aeabi_errno_addr                       0x08000401   Thumb Code     8  rt_errno_addr_intlibspace.o(.text)
    __errno$intlibspace                      0x08000401   Thumb Code     0  rt_errno_addr_intlibspace.o(.text)
    __rt_errno_addr$intlibspace              0x08000401   Thumb Code     0  rt_errno_addr_intlibspace.o(.text)
    __user_libspace                          0x08000409   Thumb Code     8  libspace.o(.text)
    __user_perproc_libspace                  0x08000409   Thumb Code     0  libspace.o(.text)
    __user_perthread_libspace                0x08000409   Thumb Code     0  libspace.o(.text)
    __user_setup_stackheap                   0x08000411   Thumb Code    74  sys_stackheap_outer.o(.text)
    exit                                     0x0800045b   Thumb Code    18  exit.o(.text)
    _sys_exit                                0x0800046d   Thumb Code     8  sys_exit.o(.text)
    __I$use$semihosting                      0x08000479   Thumb Code     0  use_no_semi.o(.text)
    __use_no_semihosting_swi                 0x08000479   Thumb Code     2  use_no_semi.o(.text)
    BusFault_Handler                         0x0800047b   Thumb Code     2  stm32f4xx_it.o(i.BusFault_Handler)
    __semihosting_library_function           0x0800047b   Thumb Code     0  indicate_semi.o(.text)
    CAN2_RX1_IRQHandler                      0x0800047d   Thumb Code     6  stm32f4xx_it.o(i.CAN2_RX1_IRQHandler)
    CAN2_RxCallback                          0x08000489   Thumb Code    14  main.o(i.CAN2_RxCallback)
    CAN2_SCE_Callback                        0x08000499   Thumb Code    38  main.o(i.CAN2_SCE_Callback)
    CAN2_SCE_IRQHandler                      0x080004c9   Thumb Code     6  stm32f4xx_it.o(i.CAN2_SCE_IRQHandler)
    CAN_Filter_Config                        0x080004d5   Thumb Code    46  main.o(i.CAN_Filter_Config)
    CAN_Start                                0x08000509   Thumb Code    58  main.o(i.CAN_Start)
    CDC_Transmit_FS                          0x08000599   Thumb Code    38  usbd_cdc_if.o(i.CDC_Transmit_FS)
    DebugMon_Handler                         0x080005c5   Thumb Code     2  stm32f4xx_it.o(i.DebugMon_Handler)
    Error_Handler                            0x080005c7   Thumb Code     4  main.o(i.Error_Handler)
    HAL_CAN_ActivateNotification             0x080005cb   Thumb Code    36  stm32f4xx_hal_can.o(i.HAL_CAN_ActivateNotification)
    HAL_CAN_AddTxMessage                     0x080005ef   Thumb Code   208  stm32f4xx_hal_can.o(i.HAL_CAN_AddTxMessage)
    HAL_CAN_ConfigFilter                     0x080006c1   Thumb Code   262  stm32f4xx_hal_can.o(i.HAL_CAN_ConfigFilter)
    HAL_CAN_ErrorCallback                    0x080007cd   Thumb Code    14  main.o(i.HAL_CAN_ErrorCallback)
    HAL_CAN_GetRxMessage                     0x080007e1   Thumb Code   244  stm32f4xx_hal_can.o(i.HAL_CAN_GetRxMessage)
    HAL_CAN_IRQHandler                       0x080008d5   Thumb Code   508  stm32f4xx_hal_can.o(i.HAL_CAN_IRQHandler)
    HAL_CAN_Init                             0x08000ad1   Thumb Code   282  stm32f4xx_hal_can.o(i.HAL_CAN_Init)
    HAL_CAN_MspInit                          0x08000bed   Thumb Code   142  stm32f4xx_hal_msp.o(i.HAL_CAN_MspInit)
    HAL_CAN_ResetError                       0x08000c89   Thumb Code    34  stm32f4xx_hal_can.o(i.HAL_CAN_ResetError)
    HAL_CAN_RxFifo0FullCallback              0x08000cab   Thumb Code     2  stm32f4xx_hal_can.o(i.HAL_CAN_RxFifo0FullCallback)
    HAL_CAN_RxFifo0MsgPendingCallback        0x08000cad   Thumb Code     2  stm32f4xx_hal_can.o(i.HAL_CAN_RxFifo0MsgPendingCallback)
    HAL_CAN_RxFifo1FullCallback              0x08000caf   Thumb Code     2  stm32f4xx_hal_can.o(i.HAL_CAN_RxFifo1FullCallback)
    HAL_CAN_RxFifo1MsgPendingCallback        0x08000cb1   Thumb Code    42  main.o(i.HAL_CAN_RxFifo1MsgPendingCallback)
    HAL_CAN_SleepCallback                    0x08000ce1   Thumb Code     2  stm32f4xx_hal_can.o(i.HAL_CAN_SleepCallback)
    HAL_CAN_Start                            0x08000ce5   Thumb Code    88  stm32f4xx_hal_can.o(i.HAL_CAN_Start)
    HAL_CAN_TxMailbox0AbortCallback          0x08000d3d   Thumb Code     2  stm32f4xx_hal_can.o(i.HAL_CAN_TxMailbox0AbortCallback)
    HAL_CAN_TxMailbox0CompleteCallback       0x08000d3f   Thumb Code     2  stm32f4xx_hal_can.o(i.HAL_CAN_TxMailbox0CompleteCallback)
    HAL_CAN_TxMailbox1AbortCallback          0x08000d41   Thumb Code     2  stm32f4xx_hal_can.o(i.HAL_CAN_TxMailbox1AbortCallback)
    HAL_CAN_TxMailbox1CompleteCallback       0x08000d43   Thumb Code     2  stm32f4xx_hal_can.o(i.HAL_CAN_TxMailbox1CompleteCallback)
    HAL_CAN_TxMailbox2AbortCallback          0x08000d45   Thumb Code     2  stm32f4xx_hal_can.o(i.HAL_CAN_TxMailbox2AbortCallback)
    HAL_CAN_TxMailbox2CompleteCallback       0x08000d47   Thumb Code     2  stm32f4xx_hal_can.o(i.HAL_CAN_TxMailbox2CompleteCallback)
    HAL_CAN_WakeUpFromRxMsgCallback          0x08000d49   Thumb Code     2  stm32f4xx_hal_can.o(i.HAL_CAN_WakeUpFromRxMsgCallback)
    HAL_DMA_Abort                            0x08000d4b   Thumb Code   146  stm32f4xx_hal_dma.o(i.HAL_DMA_Abort)
    HAL_DMA_Abort_IT                         0x08000ddd   Thumb Code    36  stm32f4xx_hal_dma.o(i.HAL_DMA_Abort_IT)
    HAL_Delay                                0x08000e01   Thumb Code    32  stm32f4xx_hal.o(i.HAL_Delay)
    HAL_GPIO_Init                            0x08000e25   Thumb Code   510  stm32f4xx_hal_gpio.o(i.HAL_GPIO_Init)
    HAL_GPIO_TogglePin                       0x08001059   Thumb Code    16  stm32f4xx_hal_gpio.o(i.HAL_GPIO_TogglePin)
    HAL_GPIO_WritePin                        0x08001069   Thumb Code    10  stm32f4xx_hal_gpio.o(i.HAL_GPIO_WritePin)
    HAL_GetTick                              0x08001075   Thumb Code     6  stm32f4xx_hal.o(i.HAL_GetTick)
    HAL_IncTick                              0x08001081   Thumb Code    12  stm32f4xx_hal.o(i.HAL_IncTick)
    HAL_Init                                 0x08001091   Thumb Code    48  stm32f4xx_hal.o(i.HAL_Init)
    HAL_InitTick                             0x080010c5   Thumb Code    54  stm32f4xx_hal.o(i.HAL_InitTick)
    HAL_MspInit                              0x08001105   Thumb Code    42  stm32f4xx_hal_msp.o(i.HAL_MspInit)
    HAL_NVIC_EnableIRQ                       0x08001135   Thumb Code    26  stm32f4xx_hal_cortex.o(i.HAL_NVIC_EnableIRQ)
    HAL_NVIC_SetPriority                     0x08001151   Thumb Code    60  stm32f4xx_hal_cortex.o(i.HAL_NVIC_SetPriority)
    HAL_NVIC_SetPriorityGrouping             0x08001191   Thumb Code    26  stm32f4xx_hal_cortex.o(i.HAL_NVIC_SetPriorityGrouping)
    HAL_PCDEx_LPM_Callback                   0x080011b5   Thumb Code     2  stm32f4xx_hal_pcd_ex.o(i.HAL_PCDEx_LPM_Callback)
    HAL_PCDEx_SetRxFiFo                      0x080011b7   Thumb Code     8  stm32f4xx_hal_pcd_ex.o(i.HAL_PCDEx_SetRxFiFo)
    HAL_PCDEx_SetTxFiFo                      0x080011bf   Thumb Code    68  stm32f4xx_hal_pcd_ex.o(i.HAL_PCDEx_SetTxFiFo)
    HAL_PCD_ConnectCallback                  0x08001203   Thumb Code     8  usbd_conf.o(i.HAL_PCD_ConnectCallback)
    HAL_PCD_DataInStageCallback              0x0800120b   Thumb Code    18  usbd_conf.o(i.HAL_PCD_DataInStageCallback)
    HAL_PCD_DataOutStageCallback             0x0800121d   Thumb Code    20  usbd_conf.o(i.HAL_PCD_DataOutStageCallback)
    HAL_PCD_DisconnectCallback               0x08001231   Thumb Code     8  usbd_conf.o(i.HAL_PCD_DisconnectCallback)
    HAL_PCD_EP_Abort                         0x08001239   Thumb Code    30  stm32f4xx_hal_pcd.o(i.HAL_PCD_EP_Abort)
    HAL_PCD_EP_Close                         0x08001257   Thumb Code    74  stm32f4xx_hal_pcd.o(i.HAL_PCD_EP_Close)
    HAL_PCD_EP_ClrStall                      0x080012a1   Thumb Code    90  stm32f4xx_hal_pcd.o(i.HAL_PCD_EP_ClrStall)
    HAL_PCD_EP_GetRxCount                    0x080012fb   Thumb Code    18  stm32f4xx_hal_pcd.o(i.HAL_PCD_EP_GetRxCount)
    HAL_PCD_EP_Open                          0x0800130d   Thumb Code    98  stm32f4xx_hal_pcd.o(i.HAL_PCD_EP_Open)
    HAL_PCD_EP_Receive                       0x0800136f   Thumb Code    56  stm32f4xx_hal_pcd.o(i.HAL_PCD_EP_Receive)
    HAL_PCD_EP_SetStall                      0x080013a7   Thumb Code   114  stm32f4xx_hal_pcd.o(i.HAL_PCD_EP_SetStall)
    HAL_PCD_EP_Transmit                      0x08001419   Thumb Code    50  stm32f4xx_hal_pcd.o(i.HAL_PCD_EP_Transmit)
    HAL_PCD_IRQHandler                       0x0800144d   Thumb Code  1372  stm32f4xx_hal_pcd.o(i.HAL_PCD_IRQHandler)
    HAL_PCD_ISOINIncompleteCallback          0x080019a9   Thumb Code     8  usbd_conf.o(i.HAL_PCD_ISOINIncompleteCallback)
    HAL_PCD_ISOOUTIncompleteCallback         0x080019b1   Thumb Code     8  usbd_conf.o(i.HAL_PCD_ISOOUTIncompleteCallback)
    HAL_PCD_Init                             0x080019b9   Thumb Code   204  stm32f4xx_hal_pcd.o(i.HAL_PCD_Init)
    HAL_PCD_MspInit                          0x08001a85   Thumb Code   122  usbd_conf.o(i.HAL_PCD_MspInit)
    HAL_PCD_ResetCallback                    0x08001b09   Thumb Code    44  usbd_conf.o(i.HAL_PCD_ResetCallback)
    HAL_PCD_ResumeCallback                   0x08001b35   Thumb Code     8  usbd_conf.o(i.HAL_PCD_ResumeCallback)
    HAL_PCD_SOFCallback                      0x08001b3d   Thumb Code     8  usbd_conf.o(i.HAL_PCD_SOFCallback)
    HAL_PCD_SetAddress                       0x08001b45   Thumb Code    38  stm32f4xx_hal_pcd.o(i.HAL_PCD_SetAddress)
    HAL_PCD_SetupStageCallback               0x08001b6b   Thumb Code    14  usbd_conf.o(i.HAL_PCD_SetupStageCallback)
    HAL_PCD_Start                            0x08001b79   Thumb Code    66  stm32f4xx_hal_pcd.o(i.HAL_PCD_Start)
    HAL_PCD_SuspendCallback                  0x08001bbd   Thumb Code    44  usbd_conf.o(i.HAL_PCD_SuspendCallback)
    HAL_RCC_ClockConfig                      0x08001bed   Thumb Code   288  stm32f4xx_hal_rcc.o(i.HAL_RCC_ClockConfig)
    HAL_RCC_GetHCLKFreq                      0x08001d21   Thumb Code     6  stm32f4xx_hal_rcc.o(i.HAL_RCC_GetHCLKFreq)
    HAL_RCC_GetPCLK1Freq                     0x08001d2d   Thumb Code    20  stm32f4xx_hal_rcc.o(i.HAL_RCC_GetPCLK1Freq)
    HAL_RCC_GetPCLK2Freq                     0x08001d4d   Thumb Code    20  stm32f4xx_hal_rcc.o(i.HAL_RCC_GetPCLK2Freq)
    HAL_RCC_GetSysClockFreq                  0x08001d6d   Thumb Code    88  stm32f4xx_hal_rcc.o(i.HAL_RCC_GetSysClockFreq)
    HAL_RCC_OscConfig                        0x08001dcd   Thumb Code   856  stm32f4xx_hal_rcc.o(i.HAL_RCC_OscConfig)
    HAL_SYSTICK_Config                       0x08002139   Thumb Code    40  stm32f4xx_hal_cortex.o(i.HAL_SYSTICK_Config)
    HAL_TIMEx_BreakCallback                  0x08002161   Thumb Code     2  stm32f4xx_hal_tim_ex.o(i.HAL_TIMEx_BreakCallback)
    HAL_TIMEx_CommutCallback                 0x08002163   Thumb Code     2  stm32f4xx_hal_tim_ex.o(i.HAL_TIMEx_CommutCallback)
    HAL_TIMEx_MasterConfigSynchronization    0x08002165   Thumb Code   116  stm32f4xx_hal_tim_ex.o(i.HAL_TIMEx_MasterConfigSynchronization)
    HAL_TIM_Base_Init                        0x080021f5   Thumb Code    90  stm32f4xx_hal_tim.o(i.HAL_TIM_Base_Init)
    HAL_TIM_Base_MspInit                     0x08002251   Thumb Code    50  stm32f4xx_hal_msp.o(i.HAL_TIM_Base_MspInit)
    HAL_TIM_Base_Start_IT                    0x0800228d   Thumb Code   100  stm32f4xx_hal_tim.o(i.HAL_TIM_Base_Start_IT)
    HAL_TIM_ConfigClockSource                0x0800230d   Thumb Code   220  stm32f4xx_hal_tim.o(i.HAL_TIM_ConfigClockSource)
    HAL_TIM_IC_CaptureCallback               0x080023e9   Thumb Code     2  stm32f4xx_hal_tim.o(i.HAL_TIM_IC_CaptureCallback)
    HAL_TIM_IRQHandler                       0x080023eb   Thumb Code   304  stm32f4xx_hal_tim.o(i.HAL_TIM_IRQHandler)
    HAL_TIM_OC_DelayElapsedCallback          0x0800251b   Thumb Code     2  stm32f4xx_hal_tim.o(i.HAL_TIM_OC_DelayElapsedCallback)
    HAL_TIM_PWM_PulseFinishedCallback        0x0800251d   Thumb Code     2  stm32f4xx_hal_tim.o(i.HAL_TIM_PWM_PulseFinishedCallback)
    HAL_TIM_PeriodElapsedCallback            0x08002521   Thumb Code   286  main.o(i.HAL_TIM_PeriodElapsedCallback)
    HAL_TIM_TriggerCallback                  0x08002655   Thumb Code     2  stm32f4xx_hal_tim.o(i.HAL_TIM_TriggerCallback)
    HAL_UARTEx_RxEventCallback               0x08002657   Thumb Code     2  stm32f4xx_hal_uart.o(i.HAL_UARTEx_RxEventCallback)
    HAL_UART_ErrorCallback                   0x08002659   Thumb Code     2  stm32f4xx_hal_uart.o(i.HAL_UART_ErrorCallback)
    HAL_UART_IRQHandler                      0x0800265d   Thumb Code   636  stm32f4xx_hal_uart.o(i.HAL_UART_IRQHandler)
    HAL_UART_Init                            0x080028dd   Thumb Code   100  stm32f4xx_hal_uart.o(i.HAL_UART_Init)
    HAL_UART_MspInit                         0x08002941   Thumb Code   110  stm32f4xx_hal_msp.o(i.HAL_UART_MspInit)
    HAL_UART_Receive_IT                      0x080029bd   Thumb Code    28  stm32f4xx_hal_uart.o(i.HAL_UART_Receive_IT)
    HAL_UART_RxCpltCallback                  0x080029d9   Thumb Code    58  main.o(i.HAL_UART_RxCpltCallback)
    HAL_UART_TxCpltCallback                  0x08002a21   Thumb Code     2  stm32f4xx_hal_uart.o(i.HAL_UART_TxCpltCallback)
    HardFault_Handler                        0x08002a23   Thumb Code     2  stm32f4xx_it.o(i.HardFault_Handler)
    Kinematics_Calculate                     0x08002a5d   Thumb Code   236  kinematics.o(i.Kinematics_Calculate)
    Kinematics_Forward                       0x08002b65   Thumb Code   298  kinematics.o(i.Kinematics_Forward)
    MX_USB_DEVICE_Init                       0x08002ddd   Thumb Code    66  usb_device.o(i.MX_USB_DEVICE_Init)
    MemManage_Handler                        0x08002e31   Thumb Code     2  stm32f4xx_it.o(i.MemManage_Handler)
    MotorCAN2_ProcessRx                      0x08002e35   Thumb Code    56  can_motor.o(i.MotorCAN2_ProcessRx)
    MotorCAN2_ResetBus                       0x08002e75   Thumb Code    26  can_motor.o(i.MotorCAN2_ResetBus)
    MotorCAN2_SendCurrent                    0x08002e95   Thumb Code    80  can_motor.o(i.MotorCAN2_SendCurrent)
    Motor_CheckOnline                        0x08002ee9   Thumb Code    30  can_motor.o(i.Motor_CheckOnline)
    Motor_IsOnline                           0x08002f0d   Thumb Code    28  can_motor.o(i.Motor_IsOnline)
    NMI_Handler                              0x08002f2d   Thumb Code     2  stm32f4xx_it.o(i.NMI_Handler)
    OTG_FS_IRQHandler                        0x08002f31   Thumb Code     6  stm32f4xx_it.o(i.OTG_FS_IRQHandler)
    PID_Calculate                            0x080030ab   Thumb Code   152  pid.o(i.PID_Calculate)
    PID_Init                                 0x08003145   Thumb Code    24  pid.o(i.PID_Init)
    PID_Reset                                0x08003161   Thumb Code    14  pid.o(i.PID_Reset)
    PendSV_Handler                           0x08003175   Thumb Code     2  stm32f4xx_it.o(i.PendSV_Handler)
    SVC_Handler                              0x08003177   Thumb Code     2  stm32f4xx_it.o(i.SVC_Handler)
    SendChassisFeedback                      0x08003185   Thumb Code    24  main.o(i.SendChassisFeedback)
    SysTick_Handler                          0x080031a5   Thumb Code     4  stm32f4xx_it.o(i.SysTick_Handler)
    SystemClock_Config                       0x080031a9   Thumb Code   140  main.o(i.SystemClock_Config)
    SystemInit                               0x0800323d   Thumb Code    12  system_stm32f4xx.o(i.SystemInit)
    TIM3_IRQHandler                          0x0800324d   Thumb Code     6  stm32f4xx_it.o(i.TIM3_IRQHandler)
    TIM_Base_SetConfig                       0x08003259   Thumb Code   164  stm32f4xx_hal_tim.o(i.TIM_Base_SetConfig)
    TIM_ETR_SetConfig                        0x08003329   Thumb Code    20  stm32f4xx_hal_tim.o(i.TIM_ETR_SetConfig)
    UART_Start_Receive_IT                    0x080035bd   Thumb Code    54  stm32f4xx_hal_uart.o(i.UART_Start_Receive_IT)
    USART1_IRQHandler                        0x080035f5   Thumb Code     6  stm32f4xx_it.o(i.USART1_IRQHandler)
    USBD_CDC_GetDeviceQualifierDescriptor    0x08003781   Thumb Code     8  usbd_cdc.o(i.USBD_CDC_GetDeviceQualifierDescriptor)
    USBD_CDC_ReceivePacket                   0x08003965   Thumb Code    50  usbd_cdc.o(i.USBD_CDC_ReceivePacket)
    USBD_CDC_RegisterInterface               0x0800399d   Thumb Code    22  usbd_cdc.o(i.USBD_CDC_RegisterInterface)
    USBD_CDC_SetRxBuffer                     0x080039b3   Thumb Code    26  usbd_cdc.o(i.USBD_CDC_SetRxBuffer)
    USBD_CDC_SetTxBuffer                     0x080039cd   Thumb Code    30  usbd_cdc.o(i.USBD_CDC_SetTxBuffer)
    USBD_CDC_TransmitPacket                  0x08003ac1   Thumb Code    76  usbd_cdc.o(i.USBD_CDC_TransmitPacket)
    USBD_ClrClassConfig                      0x08003b11   Thumb Code    20  usbd_core.o(i.USBD_ClrClassConfig)
    USBD_CoreFindEP                          0x08003b25   Thumb Code     4  usbd_core.o(i.USBD_CoreFindEP)
    USBD_CoreFindIF                          0x08003b29   Thumb Code     4  usbd_core.o(i.USBD_CoreFindIF)
    USBD_CtlContinueRx                       0x08003b2d   Thumb Code    16  usbd_ioreq.o(i.USBD_CtlContinueRx)
    USBD_CtlContinueSendData                 0x08003b3d   Thumb Code    16  usbd_ioreq.o(i.USBD_CtlContinueSendData)
    USBD_CtlError                            0x08003b4d   Thumb Code    22  usbd_ctlreq.o(i.USBD_CtlError)
    USBD_CtlPrepareRx                        0x08003b63   Thumb Code    34  usbd_ioreq.o(i.USBD_CtlPrepareRx)
    USBD_CtlReceiveStatus                    0x08003b85   Thumb Code    22  usbd_ioreq.o(i.USBD_CtlReceiveStatus)
    USBD_CtlSendData                         0x08003b9b   Thumb Code    28  usbd_ioreq.o(i.USBD_CtlSendData)
    USBD_CtlSendStatus                       0x08003bb7   Thumb Code    22  usbd_ioreq.o(i.USBD_CtlSendStatus)
    USBD_FS_ConfigStrDescriptor              0x08003bcd   Thumb Code    16  usbd_desc.o(i.USBD_FS_ConfigStrDescriptor)
    USBD_FS_DeviceDescriptor                 0x08003bed   Thumb Code     8  usbd_desc.o(i.USBD_FS_DeviceDescriptor)
    USBD_FS_InterfaceStrDescriptor           0x08003bf9   Thumb Code    16  usbd_desc.o(i.USBD_FS_InterfaceStrDescriptor)
    USBD_FS_LangIDStrDescriptor              0x08003c1d   Thumb Code     8  usbd_desc.o(i.USBD_FS_LangIDStrDescriptor)
    USBD_FS_ManufacturerStrDescriptor        0x08003c29   Thumb Code    16  usbd_desc.o(i.USBD_FS_ManufacturerStrDescriptor)
    USBD_FS_ProductStrDescriptor             0x08003c51   Thumb Code    16  usbd_desc.o(i.USBD_FS_ProductStrDescriptor)
    USBD_FS_SerialStrDescriptor              0x08003c7d   Thumb Code    48  usbd_desc.o(i.USBD_FS_SerialStrDescriptor)
    USBD_GetEpDesc                           0x08003d9b   Thumb Code    58  usbd_core.o(i.USBD_GetEpDesc)
    USBD_GetNextDesc                         0x08003de9   Thumb Code    14  usbd_core.o(i.USBD_GetNextDesc)
    USBD_GetString                           0x08003df7   Thumb Code    78  usbd_ctlreq.o(i.USBD_GetString)
    USBD_Get_USB_Status                      0x08003e45   Thumb Code    24  usbd_conf.o(i.USBD_Get_USB_Status)
    USBD_Init                                0x08003e5d   Thumb Code    38  usbd_core.o(i.USBD_Init)
    USBD_LL_ClearStallEP                     0x08003e83   Thumb Code    18  usbd_conf.o(i.USBD_LL_ClearStallEP)
    USBD_LL_CloseEP                          0x08003e95   Thumb Code    18  usbd_conf.o(i.USBD_LL_CloseEP)
    USBD_LL_DataInStage                      0x08003ea7   Thumb Code   184  usbd_core.o(i.USBD_LL_DataInStage)
    USBD_LL_DataOutStage                     0x08003f5f   Thumb Code   148  usbd_core.o(i.USBD_LL_DataOutStage)
    USBD_LL_DevConnected                     0x08003ff3   Thumb Code     4  usbd_core.o(i.USBD_LL_DevConnected)
    USBD_LL_DevDisconnected                  0x08003ff7   Thumb Code    30  usbd_core.o(i.USBD_LL_DevDisconnected)
    USBD_LL_GetRxDataSize                    0x08004015   Thumb Code     8  usbd_conf.o(i.USBD_LL_GetRxDataSize)
    USBD_LL_Init                             0x0800401d   Thumb Code    90  usbd_conf.o(i.USBD_LL_Init)
    USBD_LL_IsStallEP                        0x0800407d   Thumb Code    30  usbd_conf.o(i.USBD_LL_IsStallEP)
    USBD_LL_IsoINIncomplete                  0x0800409b   Thumb Code    40  usbd_core.o(i.USBD_LL_IsoINIncomplete)
    USBD_LL_IsoOUTIncomplete                 0x080040c3   Thumb Code    40  usbd_core.o(i.USBD_LL_IsoOUTIncomplete)
    USBD_LL_OpenEP                           0x080040eb   Thumb Code    24  usbd_conf.o(i.USBD_LL_OpenEP)
    USBD_LL_PrepareReceive                   0x08004103   Thumb Code    18  usbd_conf.o(i.USBD_LL_PrepareReceive)
    USBD_LL_Reset                            0x08004115   Thumb Code    94  usbd_core.o(i.USBD_LL_Reset)
    USBD_LL_Resume                           0x08004173   Thumb Code    20  usbd_core.o(i.USBD_LL_Resume)
    USBD_LL_SOF                              0x08004187   Thumb Code    26  usbd_core.o(i.USBD_LL_SOF)
    USBD_LL_SetSpeed                         0x080041a1   Thumb Code     6  usbd_core.o(i.USBD_LL_SetSpeed)
    USBD_LL_SetUSBAddress                    0x080041a7   Thumb Code    18  usbd_conf.o(i.USBD_LL_SetUSBAddress)
    USBD_LL_SetupStage                       0x080041b9   Thumb Code    96  usbd_core.o(i.USBD_LL_SetupStage)
    USBD_LL_StallEP                          0x08004219   Thumb Code    18  usbd_conf.o(i.USBD_LL_StallEP)
    USBD_LL_Start                            0x0800422b   Thumb Code    18  usbd_conf.o(i.USBD_LL_Start)
    USBD_LL_Suspend                          0x0800423d   Thumb Code    26  usbd_core.o(i.USBD_LL_Suspend)
    USBD_LL_Transmit                         0x08004257   Thumb Code    18  usbd_conf.o(i.USBD_LL_Transmit)
    USBD_ParseSetupRequest                   0x08004269   Thumb Code    44  usbd_ctlreq.o(i.USBD_ParseSetupRequest)
    USBD_RegisterClass                       0x08004295   Thumb Code    58  usbd_core.o(i.USBD_RegisterClass)
    USBD_SetClassConfig                      0x080042cf   Thumb Code    20  usbd_core.o(i.USBD_SetClassConfig)
    USBD_Start                               0x0800439d   Thumb Code     4  usbd_core.o(i.USBD_Start)
    USBD_StdDevReq                           0x080043a1   Thumb Code   300  usbd_ctlreq.o(i.USBD_StdDevReq)
    USBD_StdEPReq                            0x080044cd   Thumb Code   358  usbd_ctlreq.o(i.USBD_StdEPReq)
    USBD_StdItfReq                           0x08004633   Thumb Code   114  usbd_ctlreq.o(i.USBD_StdItfReq)
    USBD_static_free                         0x080046a5   Thumb Code     2  usbd_conf.o(i.USBD_static_free)
    USBD_static_malloc                       0x080046a9   Thumb Code     4  usbd_conf.o(i.USBD_static_malloc)
    USB_ActivateEndpoint                     0x080046b1   Thumb Code   122  stm32f4xx_ll_usb.o(i.USB_ActivateEndpoint)
    USB_ActivateSetup                        0x08004731   Thumb Code    28  stm32f4xx_ll_usb.o(i.USB_ActivateSetup)
    USB_CMD_Process                          0x0800474d   Thumb Code    36  main.o(i.USB_CMD_Process)
    USB_CoreInit                             0x08004775   Thumb Code   126  stm32f4xx_ll_usb.o(i.USB_CoreInit)
    USB_DeactivateEndpoint                   0x0800483d   Thumb Code   194  stm32f4xx_ll_usb.o(i.USB_DeactivateEndpoint)
    USB_DevConnect                           0x08004909   Thumb Code    28  stm32f4xx_ll_usb.o(i.USB_DevConnect)
    USB_DevDisconnect                        0x08004925   Thumb Code    28  stm32f4xx_ll_usb.o(i.USB_DevDisconnect)
    USB_DevInit                              0x08004941   Thumb Code   370  stm32f4xx_ll_usb.o(i.USB_DevInit)
    USB_DisableGlobalInt                     0x08004abd   Thumb Code    12  stm32f4xx_ll_usb.o(i.USB_DisableGlobalInt)
    USB_EP0_OutStart                         0x08004ac9   Thumb Code    84  stm32f4xx_ll_usb.o(i.USB_EP0_OutStart)
    USB_EPClearStall                         0x08004b21   Thumb Code    88  stm32f4xx_ll_usb.o(i.USB_EPClearStall)
    USB_EPSetStall                           0x08004b79   Thumb Code    88  stm32f4xx_ll_usb.o(i.USB_EPSetStall)
    USB_EPStartXfer                          0x08004bd1   Thumb Code   562  stm32f4xx_ll_usb.o(i.USB_EPStartXfer)
    USB_EPStopXfer                           0x08004e09   Thumb Code   158  stm32f4xx_ll_usb.o(i.USB_EPStopXfer)
    USB_EnableGlobalInt                      0x08004ea7   Thumb Code    12  stm32f4xx_ll_usb.o(i.USB_EnableGlobalInt)
    USB_FlushRxFifo                          0x08004eb3   Thumb Code    56  stm32f4xx_ll_usb.o(i.USB_FlushRxFifo)
    USB_FlushTxFifo                          0x08004eeb   Thumb Code    60  stm32f4xx_ll_usb.o(i.USB_FlushTxFifo)
    USB_GetDevSpeed                          0x08004f27   Thumb Code    26  stm32f4xx_ll_usb.o(i.USB_GetDevSpeed)
    USB_GetMode                              0x08004f41   Thumb Code     8  stm32f4xx_ll_usb.o(i.USB_GetMode)
    USB_ReadDevAllInEpInterrupt              0x08004f49   Thumb Code    14  stm32f4xx_ll_usb.o(i.USB_ReadDevAllInEpInterrupt)
    USB_ReadDevAllOutEpInterrupt             0x08004f57   Thumb Code    14  stm32f4xx_ll_usb.o(i.USB_ReadDevAllOutEpInterrupt)
    USB_ReadDevInEPInterrupt                 0x08004f65   Thumb Code    36  stm32f4xx_ll_usb.o(i.USB_ReadDevInEPInterrupt)
    USB_ReadDevOutEPInterrupt                0x08004f89   Thumb Code    16  stm32f4xx_ll_usb.o(i.USB_ReadDevOutEPInterrupt)
    USB_ReadInterrupts                       0x08004f99   Thumb Code     8  stm32f4xx_ll_usb.o(i.USB_ReadInterrupts)
    USB_ReadPacket                           0x08004fa1   Thumb Code    62  stm32f4xx_ll_usb.o(i.USB_ReadPacket)
    USB_SetCurrentMode                       0x08004fdf   Thumb Code    92  stm32f4xx_ll_usb.o(i.USB_SetCurrentMode)
    USB_SetDevAddress                        0x0800503b   Thumb Code    34  stm32f4xx_ll_usb.o(i.USB_SetDevAddress)
    USB_SetTurnaroundTime                    0x0800505d   Thumb Code   158  stm32f4xx_ll_usb.o(i.USB_SetTurnaroundTime)
    USB_WritePacket                          0x08005145   Thumb Code    40  stm32f4xx_ll_usb.o(i.USB_WritePacket)
    UpdateOdometry                           0x0800516d   Thumb Code    64  main.o(i.UpdateOdometry)
    UsageFault_Handler                       0x080051b9   Thumb Code     2  stm32f4xx_it.o(i.UsageFault_Handler)
    __hardfp_sqrtf                           0x080051db   Thumb Code    58  sqrtf.o(i.__hardfp_sqrtf)
    main                                     0x08005215   Thumb Code   186  main.o(i.main)
    __aeabi_d2f                              0x080052f5   Thumb Code     0  d2f.o(x$fpl$d2f)
    _d2f                                     0x080052f5   Thumb Code    98  d2f.o(x$fpl$d2f)
    __aeabi_ddiv                             0x08005359   Thumb Code     0  ddiv.o(x$fpl$ddiv)
    _ddiv                                    0x08005359   Thumb Code   552  ddiv.o(x$fpl$ddiv)
    __aeabi_d2iz                             0x08005609   Thumb Code     0  dfix.o(x$fpl$dfix)
    _dfix                                    0x08005609   Thumb Code    94  dfix.o(x$fpl$dfix)
    __fpl_dnaninf                            0x08005667   Thumb Code   156  dnaninf.o(x$fpl$dnaninf)
    __fpl_dretinf                            0x08005703   Thumb Code    12  dretinf.o(x$fpl$dretinf)
    __aeabi_f2d                              0x08005711   Thumb Code     0  f2d.o(x$fpl$f2d)
    _f2d                                     0x08005711   Thumb Code    86  f2d.o(x$fpl$f2d)
    __fpl_fnaninf                            0x08005767   Thumb Code   140  fnaninf.o(x$fpl$fnaninf)
    _fp_init                                 0x080057f3   Thumb Code    10  fpinit.o(x$fpl$fpinit)
    __fplib_config_fpu_vfp                   0x080057fb   Thumb Code     0  fpinit.o(x$fpl$fpinit)
    __fplib_config_pureend_doubles           0x080057fb   Thumb Code     0  fpinit.o(x$fpl$fpinit)
    __fpl_fretinf                            0x080057fd   Thumb Code    10  fretinf.o(x$fpl$fretinf)
    AHBPrescTable                            0x08005806   Data          16  system_stm32f4xx.o(.constdata)
    __I$use$fp                               0x08005806   Number         0  usenofp.o(x$fpl$usenofp)
    APBPrescTable                            0x08005816   Data           8  system_stm32f4xx.o(.constdata)
    Region$$Table$$Base                      0x08005820   Number         0  anon$$obj.o(Region$$Table)
    Region$$Table$$Limit                     0x08005840   Number         0  anon$$obj.o(Region$$Table)
    can2_error_status                        0x20000000   Data           1  main.o(.data)
    uwTickFreq                               0x20000024   Data           1  stm32f4xx_hal.o(.data)
    uwTickPrio                               0x20000028   Data           4  stm32f4xx_hal.o(.data)
    uwTick                                   0x2000002c   Data           4  stm32f4xx_hal.o(.data)
    SystemCoreClock                          0x20000030   Data           4  system_stm32f4xx.o(.data)
    FS_Desc                                  0x2000003c   Data          28  usbd_desc.o(.data)
    USBD_LangIDDesc                          0x20000058   Data           4  usbd_desc.o(.data)
    USBD_FS_DeviceDesc                       0x2000005c   Data          18  usbd_desc.o(.data)
    USBD_StringSerial                        0x20000070   Data          26  usbd_desc.o(.data)
    USBD_Interface_fops_FS                   0x2000008c   Data          20  usbd_cdc_if.o(.data)
    USBD_CDC                                 0x200000f8   Data          56  usbd_cdc.o(.data)
    hcan2                                    0x2000014c   Data          40  main.o(.bss)
    htim3                                    0x20000174   Data          72  main.o(.bss)
    huart1                                   0x200001bc   Data          72  main.o(.bss)
    motor_fb                                 0x20000284   Data          28  can_motor.o(.bss)
    hUsbDeviceFS                             0x200002a0   Data         732  usb_device.o(.bss)
    USBD_StrDesc                             0x2000057c   Data         512  usbd_desc.o(.bss)
    UserRxBufferFS                           0x2000077c   Data        2048  usbd_cdc_if.o(.bss)
    UserTxBufferFS                           0x20000f7c   Data        2048  usbd_cdc_if.o(.bss)
    hpcd_USB_OTG_FS                          0x2000199c   Data        1252  usbd_conf.o(.bss)
    __libspace_start                         0x20001e80   Data          96  libspace.o(.bss)
    __temporary_stack_top$libspace           0x20001ee0   Data           0  libspace.o(.bss)



==============================================================================

Memory Map of the image

  Image Entry point : 0x08000189

  Load Region LR_IROM1 (Base: 0x08000000, Size: 0x00005970, Max: 0x00100000, ABSOLUTE, COMPRESSED[0x000058f8])

    Execution Region ER_IROM1 (Exec base: 0x08000000, Load base: 0x08000000, Size: 0x00005840, Max: 0x00100000, ABSOLUTE)

    Exec Addr    Load Addr    Size         Type   Attr      Idx    E Section Name        Object

    0x08000000   0x08000000   0x00000188   Data   RO            3    RESET               startup_stm32f405xx.o
    0x08000188   0x08000188   0x00000008   Code   RO         4783  * !!!main             c_w.l(__main.o)
    0x08000190   0x08000190   0x00000034   Code   RO         4994    !!!scatter          c_w.l(__scatter.o)
    0x080001c4   0x080001c4   0x0000005a   Code   RO         4992    !!dczerorl2         c_w.l(__dczerorl2.o)
    0x0800021e   0x0800021e   0x00000002   PAD
    0x08000220   0x08000220   0x0000001c   Code   RO         4996    !!handler_zi        c_w.l(__scatter_zi.o)
    0x0800023c   0x0800023c   0x00000002   Code   RO         4863    .ARM.Collect$$libinit$$00000000  c_w.l(libinit.o)
    0x0800023e   0x0800023e   0x00000004   Code   RO         4872    .ARM.Collect$$libinit$$00000001  c_w.l(libinit2.o)
    0x08000242   0x08000242   0x00000000   Code   RO         4875    .ARM.Collect$$libinit$$00000004  c_w.l(libinit2.o)
    0x08000242   0x08000242   0x00000000   Code   RO         4878    .ARM.Collect$$libinit$$0000000A  c_w.l(libinit2.o)
    0x08000242   0x08000242   0x00000000   Code   RO         4880    .ARM.Collect$$libinit$$0000000C  c_w.l(libinit2.o)
    0x08000242   0x08000242   0x00000000   Code   RO         4882    .ARM.Collect$$libinit$$0000000E  c_w.l(libinit2.o)
    0x08000242   0x08000242   0x00000000   Code   RO         4885    .ARM.Collect$$libinit$$00000011  c_w.l(libinit2.o)
    0x08000242   0x08000242   0x00000000   Code   RO         4887    .ARM.Collect$$libinit$$00000013  c_w.l(libinit2.o)
    0x08000242   0x08000242   0x00000000   Code   RO         4889    .ARM.Collect$$libinit$$00000015  c_w.l(libinit2.o)
    0x08000242   0x08000242   0x00000000   Code   RO         4891    .ARM.Collect$$libinit$$00000017  c_w.l(libinit2.o)
    0x08000242   0x08000242   0x00000000   Code   RO         4893    .ARM.Collect$$libinit$$00000019  c_w.l(libinit2.o)
    0x08000242   0x08000242   0x00000000   Code   RO         4895    .ARM.Collect$$libinit$$0000001B  c_w.l(libinit2.o)
    0x08000242   0x08000242   0x00000000   Code   RO         4897    .ARM.Collect$$libinit$$0000001D  c_w.l(libinit2.o)
    0x08000242   0x08000242   0x00000000   Code   RO         4899    .ARM.Collect$$libinit$$0000001F  c_w.l(libinit2.o)
    0x08000242   0x08000242   0x00000000   Code   RO         4901    .ARM.Collect$$libinit$$00000021  c_w.l(libinit2.o)
    0x08000242   0x08000242   0x00000000   Code   RO         4903    .ARM.Collect$$libinit$$00000023  c_w.l(libinit2.o)
    0x08000242   0x08000242   0x00000000   Code   RO         4905    .ARM.Collect$$libinit$$00000025  c_w.l(libinit2.o)
    0x08000242   0x08000242   0x00000000   Code   RO         4909    .ARM.Collect$$libinit$$0000002C  c_w.l(libinit2.o)
    0x08000242   0x08000242   0x00000000   Code   RO         4911    .ARM.Collect$$libinit$$0000002E  c_w.l(libinit2.o)
    0x08000242   0x08000242   0x00000000   Code   RO         4913    .ARM.Collect$$libinit$$00000030  c_w.l(libinit2.o)
    0x08000242   0x08000242   0x00000000   Code   RO         4915    .ARM.Collect$$libinit$$00000032  c_w.l(libinit2.o)
    0x08000242   0x08000242   0x00000002   Code   RO         4916    .ARM.Collect$$libinit$$00000033  c_w.l(libinit2.o)
    0x08000244   0x08000244   0x00000002   Code   RO         4947    .ARM.Collect$$libshutdown$$00000000  c_w.l(libshutdown.o)
    0x08000246   0x08000246   0x00000000   Code   RO         4973    .ARM.Collect$$libshutdown$$00000002  c_w.l(libshutdown2.o)
    0x08000246   0x08000246   0x00000000   Code   RO         4975    .ARM.Collect$$libshutdown$$00000004  c_w.l(libshutdown2.o)
    0x08000246   0x08000246   0x00000000   Code   RO         4977    .ARM.Collect$$libshutdown$$00000006  c_w.l(libshutdown2.o)
    0x08000246   0x08000246   0x00000000   Code   RO         4980    .ARM.Collect$$libshutdown$$00000009  c_w.l(libshutdown2.o)
    0x08000246   0x08000246   0x00000000   Code   RO         4983    .ARM.Collect$$libshutdown$$0000000C  c_w.l(libshutdown2.o)
    0x08000246   0x08000246   0x00000000   Code   RO         4985    .ARM.Collect$$libshutdown$$0000000E  c_w.l(libshutdown2.o)
    0x08000246   0x08000246   0x00000000   Code   RO         4988    .ARM.Collect$$libshutdown$$00000011  c_w.l(libshutdown2.o)
    0x08000246   0x08000246   0x00000002   Code   RO         4989    .ARM.Collect$$libshutdown$$00000012  c_w.l(libshutdown2.o)
    0x08000248   0x08000248   0x00000000   Code   RO         4809    .ARM.Collect$$rtentry$$00000000  c_w.l(__rtentry.o)
    0x08000248   0x08000248   0x00000000   Code   RO         4826    .ARM.Collect$$rtentry$$00000002  c_w.l(__rtentry2.o)
    0x08000248   0x08000248   0x00000006   Code   RO         4838    .ARM.Collect$$rtentry$$00000004  c_w.l(__rtentry4.o)
    0x0800024e   0x0800024e   0x00000000   Code   RO         4828    .ARM.Collect$$rtentry$$00000009  c_w.l(__rtentry2.o)
    0x0800024e   0x0800024e   0x00000004   Code   RO         4829    .ARM.Collect$$rtentry$$0000000A  c_w.l(__rtentry2.o)
    0x08000252   0x08000252   0x00000000   Code   RO         4831    .ARM.Collect$$rtentry$$0000000C  c_w.l(__rtentry2.o)
    0x08000252   0x08000252   0x00000008   Code   RO         4832    .ARM.Collect$$rtentry$$0000000D  c_w.l(__rtentry2.o)
    0x0800025a   0x0800025a   0x00000002   Code   RO         4864    .ARM.Collect$$rtexit$$00000000  c_w.l(rtexit.o)
    0x0800025c   0x0800025c   0x00000000   Code   RO         4920    .ARM.Collect$$rtexit$$00000002  c_w.l(rtexit2.o)
    0x0800025c   0x0800025c   0x00000004   Code   RO         4921    .ARM.Collect$$rtexit$$00000003  c_w.l(rtexit2.o)
    0x08000260   0x08000260   0x00000006   Code   RO         4922    .ARM.Collect$$rtexit$$00000004  c_w.l(rtexit2.o)
    0x08000266   0x08000266   0x00000002   PAD
    0x08000268   0x08000268   0x00000040   Code   RO            4    .text               startup_stm32f405xx.o
    0x080002a8   0x080002a8   0x000000ee   Code   RO         4777    .text               c_w.l(lludivv7m.o)
    0x08000396   0x08000396   0x0000004e   Code   RO         4779    .text               c_w.l(rt_memclr_w.o)
    0x080003e4   0x080003e4   0x00000006   Code   RO         4781    .text               c_w.l(heapauxi.o)
    0x080003ea   0x080003ea   0x00000016   Code   RO         4814    .text               c_w.l(_rserrno.o)
    0x08000400   0x08000400   0x00000008   Code   RO         4845    .text               c_w.l(rt_errno_addr_intlibspace.o)
    0x08000408   0x08000408   0x00000008   Code   RO         4847    .text               c_w.l(libspace.o)
    0x08000410   0x08000410   0x0000004a   Code   RO         4850    .text               c_w.l(sys_stackheap_outer.o)
    0x0800045a   0x0800045a   0x00000012   Code   RO         4852    .text               c_w.l(exit.o)
    0x0800046c   0x0800046c   0x0000000c   Code   RO         4917    .text               c_w.l(sys_exit.o)
    0x08000478   0x08000478   0x00000002   Code   RO         4936    .text               c_w.l(use_no_semi.o)
    0x0800047a   0x0800047a   0x00000000   Code   RO         4938    .text               c_w.l(indicate_semi.o)
    0x0800047a   0x0800047a   0x00000002   Code   RO          291    i.BusFault_Handler  stm32f4xx_it.o
    0x0800047c   0x0800047c   0x0000000c   Code   RO          292    i.CAN2_RX1_IRQHandler  stm32f4xx_it.o
    0x08000488   0x08000488   0x0000000e   Code   RO           13    i.CAN2_RxCallback   main.o
    0x08000496   0x08000496   0x00000002   PAD
    0x08000498   0x08000498   0x00000030   Code   RO           14    i.CAN2_SCE_Callback  main.o
    0x080004c8   0x080004c8   0x0000000c   Code   RO          293    i.CAN2_SCE_IRQHandler  stm32f4xx_it.o
    0x080004d4   0x080004d4   0x00000034   Code   RO           15    i.CAN_Filter_Config  main.o
    0x08000508   0x08000508   0x00000040   Code   RO           16    i.CAN_Start         main.o
    0x08000548   0x08000548   0x00000004   Code   RO         4111    i.CDC_Control_FS    usbd_cdc_if.o
    0x0800054c   0x0800054c   0x00000004   Code   RO         4112    i.CDC_DeInit_FS     usbd_cdc_if.o
    0x08000550   0x08000550   0x00000024   Code   RO         4113    i.CDC_Init_FS       usbd_cdc_if.o
    0x08000574   0x08000574   0x00000020   Code   RO         4114    i.CDC_Receive_FS    usbd_cdc_if.o
    0x08000594   0x08000594   0x00000004   Code   RO         4115    i.CDC_TransmitCplt_FS  usbd_cdc_if.o
    0x08000598   0x08000598   0x0000002c   Code   RO         4116    i.CDC_Transmit_FS   usbd_cdc_if.o
    0x080005c4   0x080005c4   0x00000002   Code   RO          294    i.DebugMon_Handler  stm32f4xx_it.o
    0x080005c6   0x080005c6   0x00000004   Code   RO           17    i.Error_Handler     main.o
    0x080005ca   0x080005ca   0x00000024   Code   RO         2275    i.HAL_CAN_ActivateNotification  stm32f4xx_hal_can.o
    0x080005ee   0x080005ee   0x000000d0   Code   RO         2276    i.HAL_CAN_AddTxMessage  stm32f4xx_hal_can.o
    0x080006be   0x080006be   0x00000002   PAD
    0x080006c0   0x080006c0   0x0000010c   Code   RO         2277    i.HAL_CAN_ConfigFilter  stm32f4xx_hal_can.o
    0x080007cc   0x080007cc   0x00000014   Code   RO           18    i.HAL_CAN_ErrorCallback  main.o
    0x080007e0   0x080007e0   0x000000f4   Code   RO         2283    i.HAL_CAN_GetRxMessage  stm32f4xx_hal_can.o
    0x080008d4   0x080008d4   0x000001fc   Code   RO         2287    i.HAL_CAN_IRQHandler  stm32f4xx_hal_can.o
    0x08000ad0   0x08000ad0   0x0000011a   Code   RO         2288    i.HAL_CAN_Init      stm32f4xx_hal_can.o
    0x08000bea   0x08000bea   0x00000002   PAD
    0x08000bec   0x08000bec   0x0000009c   Code   RO          398    i.HAL_CAN_MspInit   stm32f4xx_hal_msp.o
    0x08000c88   0x08000c88   0x00000022   Code   RO         2294    i.HAL_CAN_ResetError  stm32f4xx_hal_can.o
    0x08000caa   0x08000caa   0x00000002   Code   RO         2295    i.HAL_CAN_RxFifo0FullCallback  stm32f4xx_hal_can.o
    0x08000cac   0x08000cac   0x00000002   Code   RO         2296    i.HAL_CAN_RxFifo0MsgPendingCallback  stm32f4xx_hal_can.o
    0x08000cae   0x08000cae   0x00000002   Code   RO         2297    i.HAL_CAN_RxFifo1FullCallback  stm32f4xx_hal_can.o
    0x08000cb0   0x08000cb0   0x00000030   Code   RO           19    i.HAL_CAN_RxFifo1MsgPendingCallback  main.o
    0x08000ce0   0x08000ce0   0x00000002   Code   RO         2299    i.HAL_CAN_SleepCallback  stm32f4xx_hal_can.o
    0x08000ce2   0x08000ce2   0x00000002   PAD
    0x08000ce4   0x08000ce4   0x00000058   Code   RO         2300    i.HAL_CAN_Start     stm32f4xx_hal_can.o
    0x08000d3c   0x08000d3c   0x00000002   Code   RO         2302    i.HAL_CAN_TxMailbox0AbortCallback  stm32f4xx_hal_can.o
    0x08000d3e   0x08000d3e   0x00000002   Code   RO         2303    i.HAL_CAN_TxMailbox0CompleteCallback  stm32f4xx_hal_can.o
    0x08000d40   0x08000d40   0x00000002   Code   RO         2304    i.HAL_CAN_TxMailbox1AbortCallback  stm32f4xx_hal_can.o
    0x08000d42   0x08000d42   0x00000002   Code   RO         2305    i.HAL_CAN_TxMailbox1CompleteCallback  stm32f4xx_hal_can.o
    0x08000d44   0x08000d44   0x00000002   Code   RO         2306    i.HAL_CAN_TxMailbox2AbortCallback  stm32f4xx_hal_can.o
    0x08000d46   0x08000d46   0x00000002   Code   RO         2307    i.HAL_CAN_TxMailbox2CompleteCallback  stm32f4xx_hal_can.o
    0x08000d48   0x08000d48   0x00000002   Code   RO         2309    i.HAL_CAN_WakeUpFromRxMsgCallback  stm32f4xx_hal_can.o
    0x08000d4a   0x08000d4a   0x00000092   Code   RO         1556    i.HAL_DMA_Abort     stm32f4xx_hal_dma.o
    0x08000ddc   0x08000ddc   0x00000024   Code   RO         1557    i.HAL_DMA_Abort_IT  stm32f4xx_hal_dma.o
    0x08000e00   0x08000e00   0x00000024   Code   RO         2011    i.HAL_Delay         stm32f4xx_hal.o
    0x08000e24   0x08000e24   0x00000234   Code   RO         1449    i.HAL_GPIO_Init     stm32f4xx_hal_gpio.o
    0x08001058   0x08001058   0x00000010   Code   RO         1452    i.HAL_GPIO_TogglePin  stm32f4xx_hal_gpio.o
    0x08001068   0x08001068   0x0000000a   Code   RO         1453    i.HAL_GPIO_WritePin  stm32f4xx_hal_gpio.o
    0x08001072   0x08001072   0x00000002   PAD
    0x08001074   0x08001074   0x0000000c   Code   RO         2019    i.HAL_GetTick       stm32f4xx_hal.o
    0x08001080   0x08001080   0x00000010   Code   RO         2025    i.HAL_IncTick       stm32f4xx_hal.o
    0x08001090   0x08001090   0x00000034   Code   RO         2026    i.HAL_Init          stm32f4xx_hal.o
    0x080010c4   0x080010c4   0x00000040   Code   RO         2027    i.HAL_InitTick      stm32f4xx_hal.o
    0x08001104   0x08001104   0x00000030   Code   RO          399    i.HAL_MspInit       stm32f4xx_hal_msp.o
    0x08001134   0x08001134   0x0000001a   Code   RO         1859    i.HAL_NVIC_EnableIRQ  stm32f4xx_hal_cortex.o
    0x0800114e   0x0800114e   0x00000002   PAD
    0x08001150   0x08001150   0x00000040   Code   RO         1865    i.HAL_NVIC_SetPriority  stm32f4xx_hal_cortex.o
    0x08001190   0x08001190   0x00000024   Code   RO         1866    i.HAL_NVIC_SetPriorityGrouping  stm32f4xx_hal_cortex.o
    0x080011b4   0x080011b4   0x00000002   Code   RO          696    i.HAL_PCDEx_LPM_Callback  stm32f4xx_hal_pcd_ex.o
    0x080011b6   0x080011b6   0x00000008   Code   RO          697    i.HAL_PCDEx_SetRxFiFo  stm32f4xx_hal_pcd_ex.o
    0x080011be   0x080011be   0x00000044   Code   RO          698    i.HAL_PCDEx_SetTxFiFo  stm32f4xx_hal_pcd_ex.o
    0x08001202   0x08001202   0x00000008   Code   RO         4168    i.HAL_PCD_ConnectCallback  usbd_conf.o
    0x0800120a   0x0800120a   0x00000012   Code   RO         4169    i.HAL_PCD_DataInStageCallback  usbd_conf.o
    0x0800121c   0x0800121c   0x00000014   Code   RO         4170    i.HAL_PCD_DataOutStageCallback  usbd_conf.o
    0x08001230   0x08001230   0x00000008   Code   RO         4171    i.HAL_PCD_DisconnectCallback  usbd_conf.o
    0x08001238   0x08001238   0x0000001e   Code   RO          466    i.HAL_PCD_EP_Abort  stm32f4xx_hal_pcd.o
    0x08001256   0x08001256   0x0000004a   Code   RO          467    i.HAL_PCD_EP_Close  stm32f4xx_hal_pcd.o
    0x080012a0   0x080012a0   0x0000005a   Code   RO          468    i.HAL_PCD_EP_ClrStall  stm32f4xx_hal_pcd.o
    0x080012fa   0x080012fa   0x00000012   Code   RO          470    i.HAL_PCD_EP_GetRxCount  stm32f4xx_hal_pcd.o
    0x0800130c   0x0800130c   0x00000062   Code   RO          471    i.HAL_PCD_EP_Open   stm32f4xx_hal_pcd.o
    0x0800136e   0x0800136e   0x00000038   Code   RO          472    i.HAL_PCD_EP_Receive  stm32f4xx_hal_pcd.o
    0x080013a6   0x080013a6   0x00000072   Code   RO          473    i.HAL_PCD_EP_SetStall  stm32f4xx_hal_pcd.o
    0x08001418   0x08001418   0x00000032   Code   RO          474    i.HAL_PCD_EP_Transmit  stm32f4xx_hal_pcd.o
    0x0800144a   0x0800144a   0x00000002   PAD
    0x0800144c   0x0800144c   0x0000055c   Code   RO          476    i.HAL_PCD_IRQHandler  stm32f4xx_hal_pcd.o
    0x080019a8   0x080019a8   0x00000008   Code   RO         4172    i.HAL_PCD_ISOINIncompleteCallback  usbd_conf.o
    0x080019b0   0x080019b0   0x00000008   Code   RO         4173    i.HAL_PCD_ISOOUTIncompleteCallback  usbd_conf.o
    0x080019b8   0x080019b8   0x000000cc   Code   RO          479    i.HAL_PCD_Init      stm32f4xx_hal_pcd.o
    0x08001a84   0x08001a84   0x00000084   Code   RO         4175    i.HAL_PCD_MspInit   usbd_conf.o
    0x08001b08   0x08001b08   0x0000002c   Code   RO         4176    i.HAL_PCD_ResetCallback  usbd_conf.o
    0x08001b34   0x08001b34   0x00000008   Code   RO         4177    i.HAL_PCD_ResumeCallback  usbd_conf.o
    0x08001b3c   0x08001b3c   0x00000008   Code   RO         4178    i.HAL_PCD_SOFCallback  usbd_conf.o
    0x08001b44   0x08001b44   0x00000026   Code   RO          485    i.HAL_PCD_SetAddress  stm32f4xx_hal_pcd.o
    0x08001b6a   0x08001b6a   0x0000000e   Code   RO         4179    i.HAL_PCD_SetupStageCallback  usbd_conf.o
    0x08001b78   0x08001b78   0x00000042   Code   RO          488    i.HAL_PCD_Start     stm32f4xx_hal_pcd.o
    0x08001bba   0x08001bba   0x00000002   PAD
    0x08001bbc   0x08001bbc   0x00000030   Code   RO         4180    i.HAL_PCD_SuspendCallback  usbd_conf.o
    0x08001bec   0x08001bec   0x00000134   Code   RO         1043    i.HAL_RCC_ClockConfig  stm32f4xx_hal_rcc.o
    0x08001d20   0x08001d20   0x0000000c   Code   RO         1048    i.HAL_RCC_GetHCLKFreq  stm32f4xx_hal_rcc.o
    0x08001d2c   0x08001d2c   0x00000020   Code   RO         1050    i.HAL_RCC_GetPCLK1Freq  stm32f4xx_hal_rcc.o
    0x08001d4c   0x08001d4c   0x00000020   Code   RO         1051    i.HAL_RCC_GetPCLK2Freq  stm32f4xx_hal_rcc.o
    0x08001d6c   0x08001d6c   0x00000060   Code   RO         1052    i.HAL_RCC_GetSysClockFreq  stm32f4xx_hal_rcc.o
    0x08001dcc   0x08001dcc   0x0000036c   Code   RO         1055    i.HAL_RCC_OscConfig  stm32f4xx_hal_rcc.o
    0x08002138   0x08002138   0x00000028   Code   RO         1870    i.HAL_SYSTICK_Config  stm32f4xx_hal_cortex.o
    0x08002160   0x08002160   0x00000002   Code   RO         3214    i.HAL_TIMEx_BreakCallback  stm32f4xx_hal_tim_ex.o
    0x08002162   0x08002162   0x00000002   Code   RO         3215    i.HAL_TIMEx_CommutCallback  stm32f4xx_hal_tim_ex.o
    0x08002164   0x08002164   0x00000090   Code   RO         3233    i.HAL_TIMEx_MasterConfigSynchronization  stm32f4xx_hal_tim_ex.o
    0x080021f4   0x080021f4   0x0000005a   Code   RO         2510    i.HAL_TIM_Base_Init  stm32f4xx_hal_tim.o
    0x0800224e   0x0800224e   0x00000002   PAD
    0x08002250   0x08002250   0x0000003c   Code   RO          401    i.HAL_TIM_Base_MspInit  stm32f4xx_hal_msp.o
    0x0800228c   0x0800228c   0x00000080   Code   RO         2515    i.HAL_TIM_Base_Start_IT  stm32f4xx_hal_tim.o
    0x0800230c   0x0800230c   0x000000dc   Code   RO         2519    i.HAL_TIM_ConfigClockSource  stm32f4xx_hal_tim.o
    0x080023e8   0x080023e8   0x00000002   Code   RO         2544    i.HAL_TIM_IC_CaptureCallback  stm32f4xx_hal_tim.o
    0x080023ea   0x080023ea   0x00000130   Code   RO         2558    i.HAL_TIM_IRQHandler  stm32f4xx_hal_tim.o
    0x0800251a   0x0800251a   0x00000002   Code   RO         2561    i.HAL_TIM_OC_DelayElapsedCallback  stm32f4xx_hal_tim.o
    0x0800251c   0x0800251c   0x00000002   Code   RO         2588    i.HAL_TIM_PWM_PulseFinishedCallback  stm32f4xx_hal_tim.o
    0x0800251e   0x0800251e   0x00000002   PAD
    0x08002520   0x08002520   0x00000134   Code   RO           20    i.HAL_TIM_PeriodElapsedCallback  main.o
    0x08002654   0x08002654   0x00000002   Code   RO         2601    i.HAL_TIM_TriggerCallback  stm32f4xx_hal_tim.o
    0x08002656   0x08002656   0x00000002   Code   RO         3493    i.HAL_UARTEx_RxEventCallback  stm32f4xx_hal_uart.o
    0x08002658   0x08002658   0x00000002   Code   RO         3507    i.HAL_UART_ErrorCallback  stm32f4xx_hal_uart.o
    0x0800265a   0x0800265a   0x00000002   PAD
    0x0800265c   0x0800265c   0x00000280   Code   RO         3510    i.HAL_UART_IRQHandler  stm32f4xx_hal_uart.o
    0x080028dc   0x080028dc   0x00000064   Code   RO         3511    i.HAL_UART_Init     stm32f4xx_hal_uart.o
    0x08002940   0x08002940   0x0000007c   Code   RO          403    i.HAL_UART_MspInit  stm32f4xx_hal_msp.o
    0x080029bc   0x080029bc   0x0000001c   Code   RO         3516    i.HAL_UART_Receive_IT  stm32f4xx_hal_uart.o
    0x080029d8   0x080029d8   0x00000048   Code   RO           21    i.HAL_UART_RxCpltCallback  main.o
    0x08002a20   0x08002a20   0x00000002   Code   RO         3522    i.HAL_UART_TxCpltCallback  stm32f4xx_hal_uart.o
    0x08002a22   0x08002a22   0x00000002   Code   RO          295    i.HardFault_Handler  stm32f4xx_it.o
    0x08002a24   0x08002a24   0x00000038   Code   RO         4025    i.IntToUnicode      usbd_desc.o
    0x08002a5c   0x08002a5c   0x00000108   Code   RO         3939    i.Kinematics_Calculate  kinematics.o
    0x08002b64   0x08002b64   0x00000144   Code   RO         3940    i.Kinematics_Forward  kinematics.o
    0x08002ca8   0x08002ca8   0x00000040   Code   RO           22    i.MX_CAN2_Init      main.o
    0x08002ce8   0x08002ce8   0x0000008c   Code   RO           23    i.MX_GPIO_Init      main.o
    0x08002d74   0x08002d74   0x00000068   Code   RO           24    i.MX_TIM3_Init      main.o
    0x08002ddc   0x08002ddc   0x00000054   Code   RO         3994    i.MX_USB_DEVICE_Init  usb_device.o
    0x08002e30   0x08002e30   0x00000002   Code   RO          296    i.MemManage_Handler  stm32f4xx_it.o
    0x08002e32   0x08002e32   0x00000002   PAD
    0x08002e34   0x08002e34   0x00000040   Code   RO         3882    i.MotorCAN2_ProcessRx  can_motor.o
    0x08002e74   0x08002e74   0x00000020   Code   RO         3883    i.MotorCAN2_ResetBus  can_motor.o
    0x08002e94   0x08002e94   0x00000054   Code   RO         3884    i.MotorCAN2_SendCurrent  can_motor.o
    0x08002ee8   0x08002ee8   0x00000024   Code   RO         3885    i.Motor_CheckOnline  can_motor.o
    0x08002f0c   0x08002f0c   0x00000020   Code   RO         3886    i.Motor_IsOnline    can_motor.o
    0x08002f2c   0x08002f2c   0x00000002   Code   RO          297    i.NMI_Handler       stm32f4xx_it.o
    0x08002f2e   0x08002f2e   0x00000002   PAD
    0x08002f30   0x08002f30   0x0000000c   Code   RO          298    i.OTG_FS_IRQHandler  stm32f4xx_it.o
    0x08002f3c   0x08002f3c   0x000000cc   Code   RO          492    i.PCD_EP_OutXfrComplete_int  stm32f4xx_hal_pcd.o
    0x08003008   0x08003008   0x000000a2   Code   RO          493    i.PCD_WriteEmptyTxFifo  stm32f4xx_hal_pcd.o
    0x080030aa   0x080030aa   0x00000098   Code   RO         3964    i.PID_Calculate     pid.o
    0x08003142   0x08003142   0x00000002   PAD
    0x08003144   0x08003144   0x0000001c   Code   RO         3965    i.PID_Init          pid.o
    0x08003160   0x08003160   0x00000014   Code   RO         3966    i.PID_Reset         pid.o
    0x08003174   0x08003174   0x00000002   Code   RO          299    i.PendSV_Handler    stm32f4xx_it.o
    0x08003176   0x08003176   0x00000002   Code   RO          300    i.SVC_Handler       stm32f4xx_it.o
    0x08003178   0x08003178   0x0000000a   Code   RO         4534    i.SWAPBYTE          usbd_ctlreq.o
    0x08003182   0x08003182   0x00000002   PAD
    0x08003184   0x08003184   0x00000020   Code   RO           25    i.SendChassisFeedback  main.o
    0x080031a4   0x080031a4   0x00000004   Code   RO          301    i.SysTick_Handler   stm32f4xx_it.o
    0x080031a8   0x080031a8   0x00000094   Code   RO           26    i.SystemClock_Config  main.o
    0x0800323c   0x0800323c   0x00000010   Code   RO         3845    i.SystemInit        system_stm32f4xx.o
    0x0800324c   0x0800324c   0x0000000c   Code   RO          302    i.TIM3_IRQHandler   stm32f4xx_it.o
    0x08003258   0x08003258   0x000000d0   Code   RO         2603    i.TIM_Base_SetConfig  stm32f4xx_hal_tim.o
    0x08003328   0x08003328   0x00000014   Code   RO         2614    i.TIM_ETR_SetConfig  stm32f4xx_hal_tim.o
    0x0800333c   0x0800333c   0x00000010   Code   RO         2615    i.TIM_ITRx_SetConfig  stm32f4xx_hal_tim.o
    0x0800334c   0x0800334c   0x00000022   Code   RO         2621    i.TIM_TI1_ConfigInputStage  stm32f4xx_hal_tim.o
    0x0800336e   0x0800336e   0x00000024   Code   RO         2623    i.TIM_TI2_ConfigInputStage  stm32f4xx_hal_tim.o
    0x08003392   0x08003392   0x0000000e   Code   RO         3524    i.UART_DMAAbortOnError  stm32f4xx_hal_uart.o
    0x080033a0   0x080033a0   0x0000004e   Code   RO         3534    i.UART_EndRxTransfer  stm32f4xx_hal_uart.o
    0x080033ee   0x080033ee   0x000000c2   Code   RO         3536    i.UART_Receive_IT   stm32f4xx_hal_uart.o
    0x080034b0   0x080034b0   0x0000010c   Code   RO         3537    i.UART_SetConfig    stm32f4xx_hal_uart.o
    0x080035bc   0x080035bc   0x00000036   Code   RO         3539    i.UART_Start_Receive_IT  stm32f4xx_hal_uart.o
    0x080035f2   0x080035f2   0x00000002   PAD
    0x080035f4   0x080035f4   0x0000000c   Code   RO          303    i.USART1_IRQHandler  stm32f4xx_it.o
    0x08003600   0x08003600   0x00000076   Code   RO         4672    i.USBD_CDC_DataIn   usbd_cdc.o
    0x08003676   0x08003676   0x0000003c   Code   RO         4673    i.USBD_CDC_DataOut  usbd_cdc.o
    0x080036b2   0x080036b2   0x00000002   PAD
    0x080036b4   0x080036b4   0x00000094   Code   RO         4674    i.USBD_CDC_DeInit   usbd_cdc.o
    0x08003748   0x08003748   0x00000036   Code   RO         4675    i.USBD_CDC_EP0_RxReady  usbd_cdc.o
    0x0800377e   0x0800377e   0x00000002   PAD
    0x08003780   0x08003780   0x0000000c   Code   RO         4676    i.USBD_CDC_GetDeviceQualifierDescriptor  usbd_cdc.o
    0x0800378c   0x0800378c   0x0000003c   Code   RO         4677    i.USBD_CDC_GetFSCfgDesc  usbd_cdc.o
    0x080037c8   0x080037c8   0x00000040   Code   RO         4678    i.USBD_CDC_GetHSCfgDesc  usbd_cdc.o
    0x08003808   0x08003808   0x0000003c   Code   RO         4679    i.USBD_CDC_GetOtherSpeedCfgDesc  usbd_cdc.o
    0x08003844   0x08003844   0x00000120   Code   RO         4680    i.USBD_CDC_Init     usbd_cdc.o
    0x08003964   0x08003964   0x00000038   Code   RO         4681    i.USBD_CDC_ReceivePacket  usbd_cdc.o
    0x0800399c   0x0800399c   0x00000016   Code   RO         4682    i.USBD_CDC_RegisterInterface  usbd_cdc.o
    0x080039b2   0x080039b2   0x0000001a   Code   RO         4683    i.USBD_CDC_SetRxBuffer  usbd_cdc.o
    0x080039cc   0x080039cc   0x0000001e   Code   RO         4684    i.USBD_CDC_SetTxBuffer  usbd_cdc.o
    0x080039ea   0x080039ea   0x000000d4   Code   RO         4685    i.USBD_CDC_Setup    usbd_cdc.o
    0x08003abe   0x08003abe   0x00000002   PAD
    0x08003ac0   0x08003ac0   0x00000050   Code   RO         4686    i.USBD_CDC_TransmitPacket  usbd_cdc.o
    0x08003b10   0x08003b10   0x00000014   Code   RO         4375    i.USBD_ClrClassConfig  usbd_core.o
    0x08003b24   0x08003b24   0x00000004   Code   RO         4376    i.USBD_CoreFindEP   usbd_core.o
    0x08003b28   0x08003b28   0x00000004   Code   RO         4377    i.USBD_CoreFindIF   usbd_core.o
    0x08003b2c   0x08003b2c   0x00000010   Code   RO         4612    i.USBD_CtlContinueRx  usbd_ioreq.o
    0x08003b3c   0x08003b3c   0x00000010   Code   RO         4613    i.USBD_CtlContinueSendData  usbd_ioreq.o
    0x08003b4c   0x08003b4c   0x00000016   Code   RO         4535    i.USBD_CtlError     usbd_ctlreq.o
    0x08003b62   0x08003b62   0x00000022   Code   RO         4614    i.USBD_CtlPrepareRx  usbd_ioreq.o
    0x08003b84   0x08003b84   0x00000016   Code   RO         4615    i.USBD_CtlReceiveStatus  usbd_ioreq.o
    0x08003b9a   0x08003b9a   0x0000001c   Code   RO         4616    i.USBD_CtlSendData  usbd_ioreq.o
    0x08003bb6   0x08003bb6   0x00000016   Code   RO         4617    i.USBD_CtlSendStatus  usbd_ioreq.o
    0x08003bcc   0x08003bcc   0x00000020   Code   RO         4026    i.USBD_FS_ConfigStrDescriptor  usbd_desc.o
    0x08003bec   0x08003bec   0x0000000c   Code   RO         4027    i.USBD_FS_DeviceDescriptor  usbd_desc.o
    0x08003bf8   0x08003bf8   0x00000024   Code   RO         4028    i.USBD_FS_InterfaceStrDescriptor  usbd_desc.o
    0x08003c1c   0x08003c1c   0x0000000c   Code   RO         4029    i.USBD_FS_LangIDStrDescriptor  usbd_desc.o
    0x08003c28   0x08003c28   0x00000028   Code   RO         4030    i.USBD_FS_ManufacturerStrDescriptor  usbd_desc.o
    0x08003c50   0x08003c50   0x0000002c   Code   RO         4031    i.USBD_FS_ProductStrDescriptor  usbd_desc.o
    0x08003c7c   0x08003c7c   0x00000038   Code   RO         4032    i.USBD_FS_SerialStrDescriptor  usbd_desc.o
    0x08003cb4   0x08003cb4   0x000000e6   Code   RO         4536    i.USBD_GetDescriptor  usbd_ctlreq.o
    0x08003d9a   0x08003d9a   0x0000003a   Code   RO         4379    i.USBD_GetEpDesc    usbd_core.o
    0x08003dd4   0x08003dd4   0x00000014   Code   RO         4537    i.USBD_GetLen       usbd_ctlreq.o
    0x08003de8   0x08003de8   0x0000000e   Code   RO         4380    i.USBD_GetNextDesc  usbd_core.o
    0x08003df6   0x08003df6   0x0000004e   Code   RO         4538    i.USBD_GetString    usbd_ctlreq.o
    0x08003e44   0x08003e44   0x00000018   Code   RO         4181    i.USBD_Get_USB_Status  usbd_conf.o
    0x08003e5c   0x08003e5c   0x00000026   Code   RO         4381    i.USBD_Init         usbd_core.o
    0x08003e82   0x08003e82   0x00000012   Code   RO         4182    i.USBD_LL_ClearStallEP  usbd_conf.o
    0x08003e94   0x08003e94   0x00000012   Code   RO         4183    i.USBD_LL_CloseEP   usbd_conf.o
    0x08003ea6   0x08003ea6   0x000000b8   Code   RO         4382    i.USBD_LL_DataInStage  usbd_core.o
    0x08003f5e   0x08003f5e   0x00000094   Code   RO         4383    i.USBD_LL_DataOutStage  usbd_core.o
    0x08003ff2   0x08003ff2   0x00000004   Code   RO         4384    i.USBD_LL_DevConnected  usbd_core.o
    0x08003ff6   0x08003ff6   0x0000001e   Code   RO         4385    i.USBD_LL_DevDisconnected  usbd_core.o
    0x08004014   0x08004014   0x00000008   Code   RO         4187    i.USBD_LL_GetRxDataSize  usbd_conf.o
    0x0800401c   0x0800401c   0x00000060   Code   RO         4188    i.USBD_LL_Init      usbd_conf.o
    0x0800407c   0x0800407c   0x0000001e   Code   RO         4189    i.USBD_LL_IsStallEP  usbd_conf.o
    0x0800409a   0x0800409a   0x00000028   Code   RO         4386    i.USBD_LL_IsoINIncomplete  usbd_core.o
    0x080040c2   0x080040c2   0x00000028   Code   RO         4387    i.USBD_LL_IsoOUTIncomplete  usbd_core.o
    0x080040ea   0x080040ea   0x00000018   Code   RO         4190    i.USBD_LL_OpenEP    usbd_conf.o
    0x08004102   0x08004102   0x00000012   Code   RO         4191    i.USBD_LL_PrepareReceive  usbd_conf.o
    0x08004114   0x08004114   0x0000005e   Code   RO         4388    i.USBD_LL_Reset     usbd_core.o
    0x08004172   0x08004172   0x00000014   Code   RO         4389    i.USBD_LL_Resume    usbd_core.o
    0x08004186   0x08004186   0x0000001a   Code   RO         4390    i.USBD_LL_SOF       usbd_core.o
    0x080041a0   0x080041a0   0x00000006   Code   RO         4391    i.USBD_LL_SetSpeed  usbd_core.o
    0x080041a6   0x080041a6   0x00000012   Code   RO         4192    i.USBD_LL_SetUSBAddress  usbd_conf.o
    0x080041b8   0x080041b8   0x00000060   Code   RO         4392    i.USBD_LL_SetupStage  usbd_core.o
    0x08004218   0x08004218   0x00000012   Code   RO         4193    i.USBD_LL_StallEP   usbd_conf.o
    0x0800422a   0x0800422a   0x00000012   Code   RO         4194    i.USBD_LL_Start     usbd_conf.o
    0x0800423c   0x0800423c   0x0000001a   Code   RO         4393    i.USBD_LL_Suspend   usbd_core.o
    0x08004256   0x08004256   0x00000012   Code   RO         4196    i.USBD_LL_Transmit  usbd_conf.o
    0x08004268   0x08004268   0x0000002c   Code   RO         4539    i.USBD_ParseSetupRequest  usbd_ctlreq.o
    0x08004294   0x08004294   0x0000003a   Code   RO         4394    i.USBD_RegisterClass  usbd_core.o
    0x080042ce   0x080042ce   0x00000014   Code   RO         4396    i.USBD_SetClassConfig  usbd_core.o
    0x080042e2   0x080042e2   0x00000002   PAD
    0x080042e4   0x080042e4   0x000000b8   Code   RO         4540    i.USBD_SetConfig    usbd_ctlreq.o
    0x0800439c   0x0800439c   0x00000004   Code   RO         4397    i.USBD_Start        usbd_core.o
    0x080043a0   0x080043a0   0x0000012c   Code   RO         4541    i.USBD_StdDevReq    usbd_ctlreq.o
    0x080044cc   0x080044cc   0x00000166   Code   RO         4542    i.USBD_StdEPReq     usbd_ctlreq.o
    0x08004632   0x08004632   0x00000072   Code   RO         4543    i.USBD_StdItfReq    usbd_ctlreq.o
    0x080046a4   0x080046a4   0x00000002   Code   RO         4197    i.USBD_static_free  usbd_conf.o
    0x080046a6   0x080046a6   0x00000002   PAD
    0x080046a8   0x080046a8   0x00000008   Code   RO         4198    i.USBD_static_malloc  usbd_conf.o
    0x080046b0   0x080046b0   0x00000080   Code   RO          738    i.USB_ActivateEndpoint  stm32f4xx_ll_usb.o
    0x08004730   0x08004730   0x0000001c   Code   RO          740    i.USB_ActivateSetup  stm32f4xx_ll_usb.o
    0x0800474c   0x0800474c   0x00000028   Code   RO           27    i.USB_CMD_Process   main.o
    0x08004774   0x08004774   0x00000084   Code   RO          742    i.USB_CoreInit      stm32f4xx_ll_usb.o
    0x080047f8   0x080047f8   0x00000044   Code   RO          743    i.USB_CoreReset     stm32f4xx_ll_usb.o
    0x0800483c   0x0800483c   0x000000cc   Code   RO          746    i.USB_DeactivateEndpoint  stm32f4xx_ll_usb.o
    0x08004908   0x08004908   0x0000001c   Code   RO          747    i.USB_DevConnect    stm32f4xx_ll_usb.o
    0x08004924   0x08004924   0x0000001c   Code   RO          748    i.USB_DevDisconnect  stm32f4xx_ll_usb.o
    0x08004940   0x08004940   0x0000017c   Code   RO          749    i.USB_DevInit       stm32f4xx_ll_usb.o
    0x08004abc   0x08004abc   0x0000000c   Code   RO          750    i.USB_DisableGlobalInt  stm32f4xx_ll_usb.o
    0x08004ac8   0x08004ac8   0x00000058   Code   RO          753    i.USB_EP0_OutStart  stm32f4xx_ll_usb.o
    0x08004b20   0x08004b20   0x00000058   Code   RO          754    i.USB_EPClearStall  stm32f4xx_ll_usb.o
    0x08004b78   0x08004b78   0x00000058   Code   RO          755    i.USB_EPSetStall    stm32f4xx_ll_usb.o
    0x08004bd0   0x08004bd0   0x00000238   Code   RO          756    i.USB_EPStartXfer   stm32f4xx_ll_usb.o
    0x08004e08   0x08004e08   0x0000009e   Code   RO          757    i.USB_EPStopXfer    stm32f4xx_ll_usb.o
    0x08004ea6   0x08004ea6   0x0000000c   Code   RO          758    i.USB_EnableGlobalInt  stm32f4xx_ll_usb.o
    0x08004eb2   0x08004eb2   0x00000038   Code   RO          759    i.USB_FlushRxFifo   stm32f4xx_ll_usb.o
    0x08004eea   0x08004eea   0x0000003c   Code   RO          760    i.USB_FlushTxFifo   stm32f4xx_ll_usb.o
    0x08004f26   0x08004f26   0x0000001a   Code   RO          762    i.USB_GetDevSpeed   stm32f4xx_ll_usb.o
    0x08004f40   0x08004f40   0x00000008   Code   RO          764    i.USB_GetMode       stm32f4xx_ll_usb.o
    0x08004f48   0x08004f48   0x0000000e   Code   RO          772    i.USB_ReadDevAllInEpInterrupt  stm32f4xx_ll_usb.o
    0x08004f56   0x08004f56   0x0000000e   Code   RO          773    i.USB_ReadDevAllOutEpInterrupt  stm32f4xx_ll_usb.o
    0x08004f64   0x08004f64   0x00000024   Code   RO          774    i.USB_ReadDevInEPInterrupt  stm32f4xx_ll_usb.o
    0x08004f88   0x08004f88   0x00000010   Code   RO          775    i.USB_ReadDevOutEPInterrupt  stm32f4xx_ll_usb.o
    0x08004f98   0x08004f98   0x00000008   Code   RO          776    i.USB_ReadInterrupts  stm32f4xx_ll_usb.o
    0x08004fa0   0x08004fa0   0x0000003e   Code   RO          777    i.USB_ReadPacket    stm32f4xx_ll_usb.o
    0x08004fde   0x08004fde   0x0000005c   Code   RO          779    i.USB_SetCurrentMode  stm32f4xx_ll_usb.o
    0x0800503a   0x0800503a   0x00000022   Code   RO          780    i.USB_SetDevAddress  stm32f4xx_ll_usb.o
    0x0800505c   0x0800505c   0x000000e8   Code   RO          782    i.USB_SetTurnaroundTime  stm32f4xx_ll_usb.o
    0x08005144   0x08005144   0x00000028   Code   RO          785    i.USB_WritePacket   stm32f4xx_ll_usb.o
    0x0800516c   0x0800516c   0x0000004c   Code   RO           28    i.UpdateOdometry    main.o
    0x080051b8   0x080051b8   0x00000002   Code   RO          304    i.UsageFault_Handler  stm32f4xx_it.o
    0x080051ba   0x080051ba   0x00000020   Code   RO         1872    i.__NVIC_SetPriority  stm32f4xx_hal_cortex.o
    0x080051da   0x080051da   0x0000003a   Code   RO         4797    i.__hardfp_sqrtf    m_wm.l(sqrtf.o)
    0x08005214   0x08005214   0x000000e0   Code   RO           29    i.main              main.o
    0x080052f4   0x080052f4   0x00000062   Code   RO         4785    x$fpl$d2f           fz_wm.l(d2f.o)
    0x08005356   0x08005356   0x00000002   PAD
    0x08005358   0x08005358   0x000002b0   Code   RO         4788    x$fpl$ddiv          fz_wm.l(ddiv.o)
    0x08005608   0x08005608   0x0000005e   Code   RO         4791    x$fpl$dfix          fz_wm.l(dfix.o)
    0x08005666   0x08005666   0x0000009c   Code   RO         4816    x$fpl$dnaninf       fz_wm.l(dnaninf.o)
    0x08005702   0x08005702   0x0000000c   Code   RO         4818    x$fpl$dretinf       fz_wm.l(dretinf.o)
    0x0800570e   0x0800570e   0x00000002   PAD
    0x08005710   0x08005710   0x00000056   Code   RO         4795    x$fpl$f2d           fz_wm.l(f2d.o)
    0x08005766   0x08005766   0x0000008c   Code   RO         4820    x$fpl$fnaninf       fz_wm.l(fnaninf.o)
    0x080057f2   0x080057f2   0x0000000a   Code   RO         4932    x$fpl$fpinit        fz_wm.l(fpinit.o)
    0x080057fc   0x080057fc   0x0000000a   Code   RO         4822    x$fpl$fretinf       fz_wm.l(fretinf.o)
    0x08005806   0x08005806   0x00000000   Code   RO         4824    x$fpl$usenofp       fz_wm.l(usenofp.o)
    0x08005806   0x08005806   0x00000010   Data   RO         3846    .constdata          system_stm32f4xx.o
    0x08005816   0x08005816   0x00000008   Data   RO         3847    .constdata          system_stm32f4xx.o
    0x0800581e   0x0800581e   0x00000002   PAD
    0x08005820   0x08005820   0x00000020   Data   RO         4990    Region$$Table       anon$$obj.o


    Execution Region RW_IRAM1 (Exec base: 0x20000000, Load base: 0x08005840, Size: 0x000024e0, Max: 0x0001c000, ABSOLUTE, COMPRESSED[0x000000b8])

    Exec Addr    Load Addr    Size         Type   Attr      Idx    E Section Name        Object

    0x20000000   COMPRESSED   0x00000024   Data   RW           31    .data               main.o
    0x20000024   COMPRESSED   0x0000000c   Data   RW         2033    .data               stm32f4xx_hal.o
    0x20000030   COMPRESSED   0x00000004   Data   RW         3848    .data               system_stm32f4xx.o
    0x20000034   COMPRESSED   0x00000008   Data   RW         3888    .data               can_motor.o
    0x2000003c   COMPRESSED   0x0000001c   Data   RW         4034    .data               usbd_desc.o
    0x20000058   COMPRESSED   0x00000032   Data   RW         4035    .data               usbd_desc.o
    0x2000008a   COMPRESSED   0x00000002   PAD
    0x2000008c   COMPRESSED   0x00000014   Data   RW         4118    .data               usbd_cdc_if.o
    0x200000a0   COMPRESSED   0x00000001   Data   RW         4544    .data               usbd_ctlreq.o
    0x200000a1   COMPRESSED   0x00000003   PAD
    0x200000a4   COMPRESSED   0x00000053   Data   RW         4687    .data               usbd_cdc.o
    0x200000f7   COMPRESSED   0x00000001   PAD
    0x200000f8   COMPRESSED   0x00000038   Data   RW         4688    .data               usbd_cdc.o
    0x20000130        -       0x00000154   Zero   RW           30    .bss                main.o
    0x20000284        -       0x0000001c   Zero   RW         3887    .bss                can_motor.o
    0x200002a0        -       0x000002dc   Zero   RW         3995    .bss                usb_device.o
    0x2000057c        -       0x00000200   Zero   RW         4033    .bss                usbd_desc.o
    0x2000077c        -       0x00001000   Zero   RW         4117    .bss                usbd_cdc_if.o
    0x2000177c        -       0x00000704   Zero   RW         4199    .bss                usbd_conf.o
    0x20001e80        -       0x00000060   Zero   RW         4848    .bss                c_w.l(libspace.o)
    0x20001ee0        -       0x00000200   Zero   RW            2    HEAP                startup_stm32f405xx.o
    0x200020e0        -       0x00000400   Zero   RW            1    STACK               startup_stm32f405xx.o


    Execution Region RW_IRAM2 (Exec base: 0x2001c000, Load base: 0x080058f8, Size: 0x00000000, Max: 0x00004000, ABSOLUTE)

    **** No section assigned to this execution region ****


==============================================================================

Image component sizes


      Code (inc. data)   RO Data    RW Data    ZI Data      Debug   Object Name

       248         28          0          8         28       4883   can_motor.o
       588         54          0          0          0       2960   kinematics.o
      1458        166          0         36        340     781941   main.o
       200         10          0          0          0       2895   pid.o
        64         26        392          0       1536        852   startup_stm32f405xx.o
       180         28          0         12          0       9677   stm32f4xx_hal.o
      1690          6          0          0          0      14800   stm32f4xx_hal_can.o
       198         14          0          0          0      33907   stm32f4xx_hal_cortex.o
       182          0          0          0          0       2147   stm32f4xx_hal_dma.o
       590         54          0          0          0       2917   stm32f4xx_hal_gpio.o
       388         44          0          0          0       3082   stm32f4xx_hal_msp.o
      2576         12          0          0          0      13780   stm32f4xx_hal_pcd.o
        78          0          0          0          0       2457   stm32f4xx_hal_pcd_ex.o
      1356         78          0          0          0       5844   stm32f4xx_hal_rcc.o
      1064         72          0          0          0      10533   stm32f4xx_hal_tim.o
       148         28          0          0          0       2545   stm32f4xx_hal_tim_ex.o
      1382         14          0          0          0       9440   stm32f4xx_hal_uart.o
        80         30          0          0          0       6716   stm32f4xx_it.o
      2708        116          0          0          0      23720   stm32f4xx_ll_usb.o
        16          4         24          4          0       1175   system_stm32f4xx.o
        84         18          0          0        732        840   usb_device.o
      1290         38          0        139          0      14677   usbd_cdc.o
       124         22          0         20       4096       4080   usbd_cdc_if.o
       642         24          0          0       1796      17236   usbd_conf.o
       934          0          0          0          0      15707   usbd_core.o
      1360         28          0          1          0      15520   usbd_ctlreq.o
       288        104          0         78        512       6329   usbd_desc.o
       138          0          0          0          0       4636   usbd_ioreq.o

    ----------------------------------------------------------------------
     20096       1018        450        304       9040    1015296   Object Totals
         0          0         32          0          0          0   (incl. Generated)
        42          0          2          6          0          0   (incl. Padding)

    ----------------------------------------------------------------------

      Code (inc. data)   RO Data    RW Data    ZI Data      Debug   Library Member Name

        90          0          0          0          0          0   __dczerorl2.o
         8          0          0          0          0         68   __main.o
         0          0          0          0          0          0   __rtentry.o
        12          0          0          0          0          0   __rtentry2.o
         6          0          0          0          0          0   __rtentry4.o
        52          8          0          0          0          0   __scatter.o
        28          0          0          0          0          0   __scatter_zi.o
        22          0          0          0          0        100   _rserrno.o
        18          0          0          0          0         80   exit.o
         6          0          0          0          0        152   heapauxi.o
         0          0          0          0          0          0   indicate_semi.o
         2          0          0          0          0          0   libinit.o
         6          0          0          0          0          0   libinit2.o
         2          0          0          0          0          0   libshutdown.o
         2          0          0          0          0          0   libshutdown2.o
         8          4          0          0         96         68   libspace.o
       238          0          0          0          0        100   lludivv7m.o
         8          4          0          0          0         68   rt_errno_addr_intlibspace.o
        78          0          0          0          0         80   rt_memclr_w.o
         2          0          0          0          0          0   rtexit.o
        10          0          0          0          0          0   rtexit2.o
        12          4          0          0          0         68   sys_exit.o
        74          0          0          0          0         80   sys_stackheap_outer.o
         2          0          0          0          0         68   use_no_semi.o
        98          4          0          0          0        140   d2f.o
       688        140          0          0          0        256   ddiv.o
        94          4          0          0          0        140   dfix.o
       156          4          0          0          0        140   dnaninf.o
        12          0          0          0          0        116   dretinf.o
        86          4          0          0          0        132   f2d.o
       140          4          0          0          0        132   fnaninf.o
        10          0          0          0          0        116   fpinit.o
        10          0          0          0          0        116   fretinf.o
         0          0          0          0          0          0   usenofp.o
        58          0          0          0          0        136   sqrtf.o

    ----------------------------------------------------------------------
      2046        180          0          0         96       2356   Library Totals
         8          0          0          0          0          0   (incl. Padding)

    ----------------------------------------------------------------------

      Code (inc. data)   RO Data    RW Data    ZI Data      Debug   Library Name

       686         20          0          0         96        932   c_w.l
      1294        160          0          0          0       1288   fz_wm.l
        58          0          0          0          0        136   m_wm.l

    ----------------------------------------------------------------------
      2046        180          0          0         96       2356   Library Totals

    ----------------------------------------------------------------------

==============================================================================


      Code (inc. data)   RO Data    RW Data    ZI Data      Debug   

     22142       1198        450        304       9136     992288   Grand Totals
     22142       1198        450        184       9136     992288   ELF Image Totals (compressed)
     22142       1198        450        184          0          0   ROM Totals

==============================================================================

    Total RO  Size (Code + RO Data)                22592 (  22.06kB)
    Total RW  Size (RW Data + ZI Data)              9440 (   9.22kB)
    Total ROM Size (Code + RO Data + RW Data)      22776 (  22.24kB)

==============================================================================

