Component: ARM Compiler 5.06 update 7 (build 960) Tool: armlink [4d3601]

==============================================================================

Section Cross References

    startup_stm32f405xx.o(STACK) refers (Special) to heapauxi.o(.text) for __use_two_region_memory
    startup_stm32f405xx.o(HEAP) refers (Special) to heapauxi.o(.text) for __use_two_region_memory
    startup_stm32f405xx.o(RESET) refers (Special) to heapauxi.o(.text) for __use_two_region_memory
    startup_stm32f405xx.o(RESET) refers to startup_stm32f405xx.o(STACK) for __initial_sp
    startup_stm32f405xx.o(RESET) refers to startup_stm32f405xx.o(.text) for Reset_Handler
    startup_stm32f405xx.o(RESET) refers to stm32f4xx_it.o(i.NMI_Handler) for NMI_Handler
    startup_stm32f405xx.o(RESET) refers to stm32f4xx_it.o(i.HardFault_Handler) for HardFault_Handler
    startup_stm32f405xx.o(RESET) refers to stm32f4xx_it.o(i.MemManage_Handler) for MemManage_Handler
    startup_stm32f405xx.o(RESET) refers to stm32f4xx_it.o(i.BusFault_Handler) for BusFault_Handler
    startup_stm32f405xx.o(RESET) refers to stm32f4xx_it.o(i.UsageFault_Handler) for UsageFault_Handler
    startup_stm32f405xx.o(RESET) refers to stm32f4xx_it.o(i.SVC_Handler) for SVC_Handler
    startup_stm32f405xx.o(RESET) refers to stm32f4xx_it.o(i.DebugMon_Handler) for DebugMon_Handler
    startup_stm32f405xx.o(RESET) refers to stm32f4xx_it.o(i.PendSV_Handler) for PendSV_Handler
    startup_stm32f405xx.o(RESET) refers to stm32f4xx_it.o(i.SysTick_Handler) for SysTick_Handler
    startup_stm32f405xx.o(RESET) refers to stm32f4xx_it.o(i.TIM3_IRQHandler) for TIM3_IRQHandler
    startup_stm32f405xx.o(RESET) refers to stm32f4xx_it.o(i.CAN2_RX1_IRQHandler) for CAN2_RX1_IRQHandler
    startup_stm32f405xx.o(RESET) refers to stm32f4xx_it.o(i.CAN2_SCE_IRQHandler) for CAN2_SCE_IRQHandler
    startup_stm32f405xx.o(RESET) refers to stm32f4xx_it.o(i.OTG_FS_IRQHandler) for OTG_FS_IRQHandler
    startup_stm32f405xx.o(.text) refers (Special) to heapauxi.o(.text) for __use_two_region_memory
    startup_stm32f405xx.o(.text) refers to system_stm32f4xx.o(i.SystemInit) for SystemInit
    startup_stm32f405xx.o(.text) refers to __main.o(!!!main) for __main
    startup_stm32f405xx.o(.text) refers to startup_stm32f405xx.o(HEAP) for Heap_Mem
    startup_stm32f405xx.o(.text) refers to startup_stm32f405xx.o(STACK) for Stack_Mem
    main.o(i.CAN2_RxCallback) refers to can_motor.o(i.MotorCAN2_ProcessRx) for MotorCAN2_ProcessRx
    main.o(i.CAN2_SCE_Callback) refers to can_motor.o(i.MotorCAN2_ResetBus) for MotorCAN2_ResetBus
    main.o(i.CAN2_SCE_Callback) refers to main.o(.bss) for .bss
    main.o(i.CAN2_SCE_Callback) refers to main.o(.data) for .data
    main.o(i.CAN_Filter_Config) refers to stm32f4xx_hal_can.o(i.HAL_CAN_ConfigFilter) for HAL_CAN_ConfigFilter
    main.o(i.CAN_Filter_Config) refers to main.o(.bss) for .bss
    main.o(i.CAN_Start) refers to main.o(i.CAN_Filter_Config) for CAN_Filter_Config
    main.o(i.CAN_Start) refers to stm32f4xx_hal.o(i.HAL_Delay) for HAL_Delay
    main.o(i.CAN_Start) refers to stm32f4xx_hal_can.o(i.HAL_CAN_Start) for HAL_CAN_Start
    main.o(i.CAN_Start) refers to stm32f4xx_hal_can.o(i.HAL_CAN_ActivateNotification) for HAL_CAN_ActivateNotification
    main.o(i.CAN_Start) refers to main.o(.bss) for .bss
    main.o(i.HAL_CAN_ErrorCallback) refers to main.o(i.CAN2_SCE_Callback) for CAN2_SCE_Callback
    main.o(i.HAL_CAN_RxFifo1MsgPendingCallback) refers to stm32f4xx_hal_can.o(i.HAL_CAN_GetRxMessage) for HAL_CAN_GetRxMessage
    main.o(i.HAL_CAN_RxFifo1MsgPendingCallback) refers to main.o(i.CAN2_RxCallback) for CAN2_RxCallback
    main.o(i.HAL_TIM_PeriodElapsedCallback) refers to stm32f4xx_hal_iwdg.o(i.HAL_IWDG_Refresh) for HAL_IWDG_Refresh
    main.o(i.HAL_TIM_PeriodElapsedCallback) refers to can_motor.o(i.Motor_CheckOnline) for Motor_CheckOnline
    main.o(i.HAL_TIM_PeriodElapsedCallback) refers to stm32f4xx_hal.o(i.HAL_GetTick) for HAL_GetTick
    main.o(i.HAL_TIM_PeriodElapsedCallback) refers to kinematics.o(i.Kinematics_Calculate) for Kinematics_Calculate
    main.o(i.HAL_TIM_PeriodElapsedCallback) refers to can_motor.o(i.Motor_IsOnline) for Motor_IsOnline
    main.o(i.HAL_TIM_PeriodElapsedCallback) refers to pid.o(i.PID_Calculate) for PID_Calculate
    main.o(i.HAL_TIM_PeriodElapsedCallback) refers to can_motor.o(i.MotorCAN2_SendCurrent) for MotorCAN2_SendCurrent
    main.o(i.HAL_TIM_PeriodElapsedCallback) refers to pid.o(i.PID_Reset) for PID_Reset
    main.o(i.HAL_TIM_PeriodElapsedCallback) refers to main.o(i.UpdateOdometry) for UpdateOdometry
    main.o(i.HAL_TIM_PeriodElapsedCallback) refers to main.o(i.SendChassisFeedback) for SendChassisFeedback
    main.o(i.HAL_TIM_PeriodElapsedCallback) refers to main.o(.bss) for .bss
    main.o(i.HAL_TIM_PeriodElapsedCallback) refers to main.o(.data) for .data
    main.o(i.HAL_TIM_PeriodElapsedCallback) refers to can_motor.o(.bss) for motor_fb
[...]
    fb_counter                               0x20000001   Data           1  main.o(.data)
    last_cmd_time                            0x20000004   Data           4  main.o(.data)
    last_time                                0x20000008   Data           4  main.o(.data)
    target_cmd                               0x2000000c   Data           8  main.o(.data)
    target_rpm                               0x20000014   Data           8  main.o(.data)
    .data                                    0x2000001c   Section       12  stm32f4xx_hal.o(.data)
    .data                                    0x20000028   Section        4  system_stm32f4xx.o(.data)
    .data                                    0x2000002c   Section        8  can_motor.o(.data)
    motor_feed_loss                          0x2000002c   Data           8  can_motor.o(.data)
    .data                                    0x20000034   Section       28  usbd_desc.o(.data)
    .data                                    0x20000050   Section       50  usbd_desc.o(.data)
    .data                                    0x20000084   Section       20  usbd_cdc_if.o(.data)
    .data                                    0x20000098   Section        1  usbd_ctlreq.o(.data)
    cfgidx                                   0x20000098   Data           1  usbd_ctlreq.o(.data)
    .data                                    0x2000009c   Section       83  usbd_cdc.o(.data)
    CDCInEpAdd                               0x2000009c   Data           1  usbd_cdc.o(.data)
    CDCOutEpAdd                              0x2000009d   Data           1  usbd_cdc.o(.data)
    CDCCmdEpAdd                              0x2000009e   Data           1  usbd_cdc.o(.data)
    USBD_CDC_DeviceQualifierDesc             0x200000a0   Data          10  usbd_cdc.o(.data)
    USBD_CDC_CfgDesc                         0x200000ac   Data          67  usbd_cdc.o(.data)
    .data                                    0x200000f0   Section       56  usbd_cdc.o(.data)
    .bss                                     0x20000128   Section      280  main.o(.bss)
    chassis_fb                               0x20000128   Data          12  main.o(.bss)
    current_cmd                              0x20000134   Data          16  main.o(.bss)
    speed_pid                                0x200001c0   Data         128  main.o(.bss)
    .bss                                     0x20000240   Section       28  can_motor.o(.bss)
    .bss                                     0x2000025c   Section      732  usb_device.o(.bss)
    .bss                                     0x20000538   Section      512  usbd_desc.o(.bss)
    .bss                                     0x20000738   Section     4096  usbd_cdc_if.o(.bss)
    .bss                                     0x20001738   Section     1796  usbd_conf.o(.bss)
    mem                                      0x20001738   Data         544  usbd_conf.o(.bss)
    .bss                                     0x20001e3c   Section       96  libspace.o(.bss)
    HEAP                                     0x20001ea0   Section      512  startup_stm32f405xx.o(HEAP)
    Heap_Mem                                 0x20001ea0   Data         512  startup_stm32f405xx.o(HEAP)
    STACK                                    0x200020a0   Section     1024  startup_stm32f405xx.o(STACK)
    Stack_Mem                                0x200020a0   Data        1024  startup_stm32f405xx.o(STACK)
    __initial_sp                             0x200024a0   Data           0  startup_stm32f405xx.o(STACK)

    Global Symbols

    Symbol Name                              Value     Ov Type        Size  Object(Section)

    BuildAttributes$$THM_ISAv4$E$P$D$K$B$S$7EM$VFPi3$EXTD16$VFPS$VFMA$PE$A:L22UL41UL21$X:L11$S22US41US21$IEEE1$IW$USESV6$~STKCKD$USESV7$~SHL$OTIME$ROPI$IEEEJ$EBA8$UX$STANDARDLIB$REQ8$PRES8$EABIv2 0x00000000   Number         0  anon$$obj.o ABSOLUTE
    __ARM_use_no_argv                        0x00000000   Number         0  main.o ABSOLUTE
    __ARM_exceptions_init                     - Undefined Weak Reference
    __alloca_initialize                       - Undefined Weak Reference
    __arm_fini_                               - Undefined Weak Reference
    __arm_preinit_                            - Undefined Weak Reference
    __cpp_initialize__aeabi_                  - Undefined Weak Reference
    __cxa_finalize                            - Undefined Weak Reference
    __rt_locale                               - Undefined Weak Reference
    __sigvec_lookup                           - Undefined Weak Reference
    _atexit_init                              - Undefined Weak Reference
    _call_atexit_fns                          - Undefined Weak Reference
    _clock_init                               - Undefined Weak Reference
    _fp_trap_init                             - Undefined Weak Reference
    _fp_trap_shutdown                         - Undefined Weak Reference
    _get_lc_collate                           - Undefined Weak Reference
    _get_lc_ctype                             - Undefined Weak Reference
    _get_lc_monetary                          - Undefined Weak Reference
    _get_lc_numeric                           - Undefined Weak Reference
    _get_lc_time                              - Undefined Weak Reference
    _getenv_init                              - Undefined Weak Reference
    _handle_redirection                       - Undefined Weak Reference
    _init_alloc                               - Undefined Weak Reference
    _init_user_alloc                          - Undefined Weak Reference
    _initio                                   - Undefined Weak Reference
    _rand_init                                - Undefined Weak Reference
    _signal_finish                            - Undefined Weak Reference
    _signal_init                              - Undefined Weak Reference
    _terminate_alloc                          - Undefined Weak Reference
    _terminate_user_alloc                     - Undefined Weak Reference
    _terminateio                              - Undefined Weak Reference
    __Vectors_Size                           0x00000188   Number         0  startup_stm32f405xx.o ABSOLUTE
    __Vectors                                0x08000000   Data           4  startup_stm32f405xx.o(RESET)
    __Vectors_End                            0x08000188   Data           0  startup_stm32f405xx.o(RESET)
    __main                                   0x08000189   Thumb Code     8  __main.o(!!!main)
    __scatterload                            0x08000191   Thumb Code     0  __scatter.o(!!!scatter)
    __scatterload_rt2                        0x08000191   Thumb Code    44  __scatter.o(!!!scatter)
    __scatterload_rt2_thumb_only             0x08000191   Thumb Code     0  __scatter.o(!!!scatter)
    __scatterload_null                       0x0800019f   Thumb Code     0  __scatter.o(!!!scatter)
    __scatterload_copy                       0x080001c5   Thumb Code    26  __scatter_copy.o(!!handler_copy)
    __scatterload_zeroinit                   0x080001e1   Thumb Code    28  __scatter_zi.o(!!handler_zi)
    __rt_lib_init                            0x080001fd   Thumb Code     0  libinit.o(.ARM.Collect$$libinit$$00000000)
    __rt_lib_init_fp_1                       0x080001ff   Thumb Code     0  libinit2.o(.ARM.Collect$$libinit$$00000001)
    __rt_lib_init_alloca_1                   0x08000203   Thumb Code     0  libinit2.o(.ARM.Collect$$libinit$$0000002E)
    __rt_lib_init_argv_1                     0x08000203   Thumb Code     0  libinit2.o(.ARM.Collect$$libinit$$0000002C)
    __rt_lib_init_atexit_1                   0x08000203   Thumb Code     0  libinit2.o(.ARM.Collect$$libinit$$0000001B)
    __rt_lib_init_clock_1                    0x08000203   Thumb Code     0  libinit2.o(.ARM.Collect$$libinit$$00000021)
    __rt_lib_init_cpp_1                      0x08000203   Thumb Code     0  libinit2.o(.ARM.Collect$$libinit$$00000032)
    __rt_lib_init_exceptions_1               0x08000203   Thumb Code     0  libinit2.o(.ARM.Collect$$libinit$$00000030)
    __rt_lib_init_fp_trap_1                  0x08000203   Thumb Code     0  libinit2.o(.ARM.Collect$$libinit$$0000001F)
    __rt_lib_init_getenv_1                   0x08000203   Thumb Code     0  libinit2.o(.ARM.Collect$$libinit$$00000023)
    __rt_lib_init_heap_1                     0x08000203   Thumb Code     0  libinit2.o(.ARM.Collect$$libinit$$0000000A)
    __rt_lib_init_lc_collate_1               0x08000203   Thumb Code     0  libinit2.o(.ARM.Collect$$libinit$$00000011)
    __rt_lib_init_lc_ctype_1                 0x08000203   Thumb Code     0  libinit2.o(.ARM.Collect$$libinit$$00000013)
    __rt_lib_init_lc_monetary_1              0x08000203   Thumb Code     0  libinit2.o(.ARM.Collect$$libinit$$00000015)
    __rt_lib_init_lc_numeric_1               0x08000203   Thumb Code     0  libinit2.o(.ARM.Collect$$libinit$$00000017)
    __rt_lib_init_lc_time_1                  0x08000203   Thumb Code     0  libinit2.o(.ARM.Collect$$libinit$$00000019)
    __rt_lib_init_preinit_1                  0x08000203   Thumb Code     0  libinit2.o(.ARM.Collect$$libinit$$00000004)
    __rt_lib_init_rand_1                     0x08000203   Thumb Code     0  libinit2.o(.ARM.Collect$$libinit$$0000000E)
    __rt_lib_init_return                     0x08000203   Thumb Code     0  libinit2.o(.ARM.Collect$$libinit$$00000033)
    __rt_lib_init_signal_1                   0x08000203   Thumb Code     0  libinit2.o(.ARM.Collect$$libinit$$0000001D)
    __rt_lib_init_stdio_1                    0x08000203   Thumb Code     0  libinit2.o(.ARM.Collect$$libinit$$00000025)
    __rt_lib_init_user_alloc_1               0x08000203   Thumb Code     0  libinit2.o(.ARM.Collect$$libinit$$0000000C)
    __rt_lib_shutdown                        0x08000205   Thumb Code     0  libshutdown.o(.ARM.Collect$$libshutdown$$00000000)
    __rt_lib_shutdown_cpp_1                  0x08000207   Thumb Code     0  libshutdown2.o(.ARM.Collect$$libshutdown$$00000004)
    __rt_lib_shutdown_fini_1                 0x08000207   Thumb Code     0  libshutdown2.o(.ARM.Collect$$libshutdown$$00000002)
    __rt_lib_shutdown_fp_trap_1              0x08000207   Thumb Code     0  libshutdown2.o(.ARM.Collect$$libshutdown$$00000009)
    __rt_lib_shutdown_heap_1                 0x08000207   Thumb Code     0  libshutdown2.o(.ARM.Collect$$libshutdown$$00000011)
    __rt_lib_shutdown_return                 0x08000207   Thumb Code     0  libshutdown2.o(.ARM.Collect$$libshutdown$$00000012)
    __rt_lib_shutdown_signal_1               0x08000207   Thumb Code     0  libshutdown2.o(.ARM.Collect$$libshutdown$$0000000C)
    __rt_lib_shutdown_stdio_1                0x08000207   Thumb Code     0  libshutdown2.o(.ARM.Collect$$libshutdown$$00000006)
    __rt_lib_shutdown_user_alloc_1           0x08000207   Thumb Code     0  libshutdown2.o(.ARM.Collect$$libshutdown$$0000000E)
    __rt_entry                               0x08000209   Thumb Code     0  __rtentry.o(.ARM.Collect$$rtentry$$00000000)
    __rt_entry_presh_1                       0x08000209   Thumb Code     0  __rtentry2.o(.ARM.Collect$$rtentry$$00000002)
    __rt_entry_sh                            0x08000209   Thumb Code     0  __rtentry4.o(.ARM.Collect$$rtentry$$00000004)
    __rt_entry_li                            0x0800020f   Thumb Code     0  __rtentry2.o(.ARM.Collect$$rtentry$$0000000A)
    __rt_entry_postsh_1                      0x0800020f   Thumb Code     0  __rtentry2.o(.ARM.Collect$$rtentry$$00000009)
    __rt_entry_main                          0x08000213   Thumb Code     0  __rtentry2.o(.ARM.Collect$$rtentry$$0000000D)
    __rt_entry_postli_1                      0x08000213   Thumb Code     0  __rtentry2.o(.ARM.Collect$$rtentry$$0000000C)
    __rt_exit                                0x0800021b   Thumb Code     0  rtexit.o(.ARM.Collect$$rtexit$$00000000)
    __rt_exit_ls                             0x0800021d   Thumb Code     0  rtexit2.o(.ARM.Collect$$rtexit$$00000003)
    __rt_exit_prels_1                        0x0800021d   Thumb Code     0  rtexit2.o(.ARM.Collect$$rtexit$$00000002)
    __rt_exit_exit                           0x08000221   Thumb Code     0  rtexit2.o(.ARM.Collect$$rtexit$$00000004)
    Reset_Handler                            0x08000229   Thumb Code     8  startup_stm32f405xx.o(.text)
    ADC_IRQHandler                           0x08000243   Thumb Code     0  startup_stm32f405xx.o(.text)
    CAN1_RX0_IRQHandler                      0x08000243   Thumb Code     0  startup_stm32f405xx.o(.text)
    CAN1_RX1_IRQHandler                      0x08000243   Thumb Code     0  startup_stm32f405xx.o(.text)
    CAN1_SCE_IRQHandler                      0x08000243   Thumb Code     0  startup_stm32f405xx.o(.text)
    CAN1_TX_IRQHandler                       0x08000243   Thumb Code     0  startup_stm32f405xx.o(.text)
    CAN2_RX0_IRQHandler                      0x08000243   Thumb Code     0  startup_stm32f405xx.o(.text)
    CAN2_TX_IRQHandler                       0x08000243   Thumb Code     0  startup_stm32f405xx.o(.text)
    DMA1_Stream0_IRQHandler                  0x08000243   Thumb Code     0  startup_stm32f405xx.o(.text)
    DMA1_Stream1_IRQHandler                  0x08000243   Thumb Code     0  startup_stm32f405xx.o(.text)
    DMA1_Stream2_IRQHandler                  0x08000243   Thumb Code     0  startup_stm32f405xx.o(.text)
    DMA1_Stream3_IRQHandler                  0x08000243   Thumb Code     0  startup_stm32f405xx.o(.text)
    DMA1_Stream4_IRQHandler                  0x08000243   Thumb Code     0  startup_stm32f405xx.o(.text)
    DMA1_Stream5_IRQHandler                  0x08000243   Thumb Code     0  startup_stm32f405xx.o(.text)
    DMA1_Stream6_IRQHandler                  0x08000243   Thumb Code     0  startup_stm32f405xx.o(.text)
    DMA1_Stream7_IRQHandler                  0x08000243   Thumb Code     0  startup_stm32f405xx.o(.text)
    DMA2_Stream0_IRQHandler                  0x08000243   Thumb Code     0  startup_stm32f405xx.o(.text)
    DMA2_Stream1_IRQHandler                  0x08000243   Thumb Code     0  startup_stm32f405xx.o(.text)
    DMA2_Stream2_IRQHandler                  0x08000243   Thumb Code     0  startup_stm32f405xx.o(.text)
    DMA2_Stream3_IRQHandler                  0x08000243   Thumb Code     0  startup_stm32f405xx.o(.text)
    DMA2_Stream4_IRQHandler                  0x08000243   Thumb Code     0  startup_stm32f405xx.o(.text)
    DMA2_Stream5_IRQHandler                  0x08000243   Thumb Code     0  startup_stm32f405xx.o(.text)
    DMA2_Stream6_IRQHandler                  0x08000243   Thumb Code     0  startup_stm32f405xx.o(.text)
    DMA2_Stream7_IRQHandler                  0x08000243   Thumb Code     0  startup_stm32f405xx.o(.text)
    EXTI0_IRQHandler                         0x08000243   Thumb Code     0  startup_stm32f405xx.o(.text)
    EXTI15_10_IRQHandler                     0x08000243   Thumb Code     0  startup_stm32f405xx.o(.text)
    EXTI1_IRQHandler                         0x08000243   Thumb Code     0  startup_stm32f405xx.o(.text)
    EXTI2_IRQHandler                         0x08000243   Thumb Code     0  startup_stm32f405xx.o(.text)
    EXTI3_IRQHandler                         0x08000243   Thumb Code     0  startup_stm32f405xx.o(.text)
    EXTI4_IRQHandler                         0x08000243   Thumb Code     0  startup_stm32f405xx.o(.text)
    EXTI9_5_IRQHandler                       0x08000243   Thumb Code     0  startup_stm32f405xx.o(.text)
    FLASH_IRQHandler                         0x08000243   Thumb Code     0  startup_stm32f405xx.o(.text)
    FMC_IRQHandler                           0x08000243   Thumb Code     0  startup_stm32f405xx.o(.text)
    FPU_IRQHandler                           0x08000243   Thumb Code     0  startup_stm32f405xx.o(.text)
    HASH_RNG_IRQHandler                      0x08000243   Thumb Code     0  startup_stm32f405xx.o(.text)
    I2C1_ER_IRQHandler                       0x08000243   Thumb Code     0  startup_stm32f405xx.o(.text)
    I2C1_EV_IRQHandler                       0x08000243   Thumb Code     0  startup_stm32f405xx.o(.text)
    I2C2_ER_IRQHandler                       0x08000243   Thumb Code     0  startup_stm32f405xx.o(.text)
    I2C2_EV_IRQHandler                       0x08000243   Thumb Code     0  startup_stm32f405xx.o(.text)
    I2C3_ER_IRQHandler                       0x08000243   Thumb Code     0  startup_stm32f405xx.o(.text)
    I2C3_EV_IRQHandler                       0x08000243   Thumb Code     0  startup_stm32f405xx.o(.text)
    OTG_FS_WKUP_IRQHandler                   0x08000243   Thumb Code     0  startup_stm32f405xx.o(.text)
    OTG_HS_EP1_IN_IRQHandler                 0x08000243   Thumb Code     0  startup_stm32f405xx.o(.text)
    OTG_HS_EP1_OUT_IRQHandler                0x08000243   Thumb Code     0  startup_stm32f405xx.o(.text)
    OTG_HS_IRQHandler                        0x08000243   Thumb Code     0  startup_stm32f405xx.o(.text)
    OTG_HS_WKUP_IRQHandler                   0x08000243   Thumb Code     0  startup_stm32f405xx.o(.text)
    PVD_IRQHandler                           0x08000243   Thumb Code     0  startup_stm32f405xx.o(.text)
    RCC_IRQHandler                           0x08000243   Thumb Code     0  startup_stm32f405xx.o(.text)
    RTC_Alarm_IRQHandler                     0x08000243   Thumb Code     0  startup_stm32f405xx.o(.text)
    RTC_WKUP_IRQHandler                      0x08000243   Thumb Code     0  startup_stm32f405xx.o(.text)
    SDIO_IRQHandler                          0x08000243   Thumb Code     0  startup_stm32f405xx.o(.text)
    SPI1_IRQHandler                          0x08000243   Thumb Code     0  startup_stm32f405xx.o(.text)
    SPI2_IRQHandler                          0x08000243   Thumb Code     0  startup_stm32f405xx.o(.text)
    SPI3_IRQHandler                          0x08000243   Thumb Code     0  startup_stm32f405xx.o(.text)
    TAMP_STAMP_IRQHandler                    0x08000243   Thumb Code     0  startup_stm32f405xx.o(.text)
    TIM1_BRK_TIM9_IRQHandler                 0x08000243   Thumb Code     0  startup_stm32f405xx.o(.text)
    TIM1_CC_IRQHandler                       0x08000243   Thumb Code     0  startup_stm32f405xx.o(.text)
    TIM1_TRG_COM_TIM11_IRQHandler            0x08000243   Thumb Code     0  startup_stm32f405xx.o(.text)
    TIM1_UP_TIM10_IRQHandler                 0x08000243   Thumb Code     0  startup_stm32f405xx.o(.text)
    TIM2_IRQHandler                          0x08000243   Thumb Code     0  startup_stm32f405xx.o(.text)
    TIM4_IRQHandler                          0x08000243   Thumb Code     0  startup_stm32f405xx.o(.text)
    TIM5_IRQHandler                          0x08000243   Thumb Code     0  startup_stm32f405xx.o(.text)
    TIM6_DAC_IRQHandler                      0x08000243   Thumb Code     0  startup_stm32f405xx.o(.text)
    TIM7_IRQHandler                          0x08000243   Thumb Code     0  startup_stm32f405xx.o(.text)
    TIM8_BRK_TIM12_IRQHandler                0x08000243   Thumb Code     0  startup_stm32f405xx.o(.text)
    TIM8_CC_IRQHandler                       0x08000243   Thumb Code     0  startup_stm32f405xx.o(.text)
    TIM8_TRG_COM_TIM14_IRQHandler            0x08000243   Thumb Code     0  startup_stm32f405xx.o(.text)
    TIM8_UP_TIM13_IRQHandler                 0x08000243   Thumb Code     0  startup_stm32f405xx.o(.text)
    UART4_IRQHandler                         0x08000243   Thumb Code     0  startup_stm32f405xx.o(.text)
    UART5_IRQHandler                         0x08000243   Thumb Code     0  startup_stm32f405xx.o(.text)
    USART1_IRQHandler                        0x08000243   Thumb Code     0  startup_stm32f405xx.o(.text)
    USART2_IRQHandler                        0x08000243   Thumb Code     0  startup_stm32f405xx.o(.text)
    USART3_IRQHandler                        0x08000243   Thumb Code     0  startup_stm32f405xx.o(.text)
    USART6_IRQHandler                        0x08000243   Thumb Code     0  startup_stm32f405xx.o(.text)
    WWDG_IRQHandler                          0x08000243   Thumb Code     0  startup_stm32f405xx.o(.text)
    __user_initial_stackheap                 0x08000245   Thumb Code     0  startup_stm32f405xx.o(.text)
    __aeabi_uldivmod                         0x08000269   Thumb Code     0  lludivv7m.o(.text)
    _ll_udiv                                 0x08000269   Thumb Code   238  lludivv7m.o(.text)
    __aeabi_memclr4                          0x08000357   Thumb Code     0  rt_memclr_w.o(.text)
    __aeabi_memclr8                          0x08000357   Thumb Code     0  rt_memclr_w.o(.text)
    __rt_memclr_w                            0x08000357   Thumb Code    78  rt_memclr_w.o(.text)
    _memset_w                                0x0800035b   Thumb Code     0  rt_memclr_w.o(.text)
    __use_two_region_memory                  0x080003a5   Thumb Code     2  heapauxi.o(.text)
    __rt_heap_escrow$2region                 0x080003a7   Thumb Code     2  heapauxi.o(.text)
    __rt_heap_expand$2region                 0x080003a9   Thumb Code     2  heapauxi.o(.text)
    __read_errno                             0x080003ab   Thumb Code    10  _rserrno.o(.text)
    __set_errno                              0x080003b5   Thumb Code    12  _rserrno.o(.text)
    __aeabi_errno_addr                       0x080003c1   Thumb Code     8  rt_errno_addr_intlibspace.o(.text)
    __errno$intlibspace                      0x080003c1   Thumb Code     0  rt_errno_addr_intlibspace.o(.text)
    __rt_errno_addr$intlibspace              0x080003c1   Thumb Code     0  rt_errno_addr_intlibspace.o(.text)
    __user_libspace                          0x080003c9   Thumb Code     8  libspace.o(.text)
    __user_perproc_libspace                  0x080003c9   Thumb Code     0  libspace.o(.text)
    __user_perthread_libspace                0x080003c9   Thumb Code     0  libspace.o(.text)
    __user_setup_stackheap                   0x080003d1   Thumb Code    74  sys_stackheap_outer.o(.text)
    exit                                     0x0800041b   Thumb Code    18  exit.o(.text)
    _sys_exit                                0x0800042d   Thumb Code     8  sys_exit.o(.text)
    __I$use$semihosting                      0x08000439   Thumb Code     0  use_no_semi.o(.text)
    __use_no_semihosting_swi                 0x08000439   Thumb Code     2  use_no_semi.o(.text)
    BusFault_Handler                         0x0800043b   Thumb Code     2  stm32f4xx_it.o(i.BusFault_Handler)
    __semihosting_library_function           0x0800043b   Thumb Code     0  indicate_semi.o(.text)
    CAN2_RX1_IRQHandler                      0x0800043d   Thumb Code     6  stm32f4xx_it.o(i.CAN2_RX1_IRQHandler)
    CAN2_RxCallback                          0x08000449   Thumb Code    14  main.o(i.CAN2_RxCallback)
    CAN2_SCE_Callback                        0x08000459   Thumb Code    38  main.o(i.CAN2_SCE_Callback)
    CAN2_SCE_IRQHandler                      0x08000489   Thumb Code     6  stm32f4xx_it.o(i.CAN2_SCE_IRQHandler)
    CAN_Filter_Config                        0x08000495   Thumb Code    46  main.o(i.CAN_Filter_Config)
    CAN_Start                                0x080004c9   Thumb Code    58  main.o(i.CAN_Start)
    CDC_Transmit_FS                          0x08000559   Thumb Code    38  usbd_cdc_if.o(i.CDC_Transmit_FS)
    DebugMon_Handler                         0x08000585   Thumb Code     2  stm32f4xx_it.o(i.DebugMon_Handler)
    Error_Handler                            0x08000587   Thumb Code     4  main.o(i.Error_Handler)
    HAL_CAN_ActivateNotification             0x0800058b   Thumb Code    36  stm32f4xx_hal_can.o(i.HAL_CAN_ActivateNotification)
    HAL_CAN_AddTxMessage                     0x080005af   Thumb Code   208  stm32f4xx_hal_can.o(i.HAL_CAN_AddTxMessage)
    HAL_CAN_ConfigFilter                     0x08000681   Thumb Code   262  stm32f4xx_hal_can.o(i.HAL_CAN_ConfigFilter)
    HAL_CAN_ErrorCallback                    0x0800078d   Thumb Code    14  main.o(i.HAL_CAN_ErrorCallback)
    HAL_CAN_GetRxMessage                     0x080007a1   Thumb Code   244  stm32f4xx_hal_can.o(i.HAL_CAN_GetRxMessage)
    HAL_CAN_IRQHandler                       0x08000895   Thumb Code   508  stm32f4xx_hal_can.o(i.HAL_CAN_IRQHandler)
    HAL_CAN_Init                             0x08000a91   Thumb Code   282  stm32f4xx_hal_can.o(i.HAL_CAN_Init)
    HAL_CAN_MspInit                          0x08000bad   Thumb Code   142  stm32f4xx_hal_msp.o(i.HAL_CAN_MspInit)
    HAL_CAN_ResetError                       0x08000c49   Thumb Code    34  stm32f4xx_hal_can.o(i.HAL_CAN_ResetError)
    HAL_CAN_RxFifo0FullCallback              0x08000c6b   Thumb Code     2  stm32f4xx_hal_can.o(i.HAL_CAN_RxFifo0FullCallback)
    HAL_CAN_RxFifo0MsgPendingCallback        0x08000c6d   Thumb Code     2  stm32f4xx_hal_can.o(i.HAL_CAN_RxFifo0MsgPendingCallback)
    HAL_CAN_RxFifo1FullCallback              0x08000c6f   Thumb Code     2  stm32f4xx_hal_can.o(i.HAL_CAN_RxFifo1FullCallback)
    HAL_CAN_RxFifo1MsgPendingCallback        0x08000c71   Thumb Code    42  main.o(i.HAL_CAN_RxFifo1MsgPendingCallback)
    HAL_CAN_SleepCallback                    0x08000ca1   Thumb Code     2  stm32f4xx_hal_can.o(i.HAL_CAN_SleepCallback)
    HAL_CAN_Start                            0x08000ca5   Thumb Code    88  stm32f4xx_hal_can.o(i.HAL_CAN_Start)
    HAL_CAN_TxMailbox0AbortCallback          0x08000cfd   Thumb Code     2  stm32f4xx_hal_can.o(i.HAL_CAN_TxMailbox0AbortCallback)
    HAL_CAN_TxMailbox0CompleteCallback       0x08000cff   Thumb Code     2  stm32f4xx_hal_can.o(i.HAL_CAN_TxMailbox0CompleteCallback)
    HAL_CAN_TxMailbox1AbortCallback          0x08000d01   Thumb Code     2  stm32f4xx_hal_can.o(i.HAL_CAN_TxMailbox1AbortCallback)
    HAL_CAN_TxMailbox1CompleteCallback       0x08000d03   Thumb Code     2  stm32f4xx_hal_can.o(i.HAL_CAN_TxMailbox1CompleteCallback)
    HAL_CAN_TxMailbox2AbortCallback          0x08000d05   Thumb Code     2  stm32f4xx_hal_can.o(i.HAL_CAN_TxMailbox2AbortCallback)
    HAL_CAN_TxMailbox2CompleteCallback       0x08000d07   Thumb Code     2  stm32f4xx_hal_can.o(i.HAL_CAN_TxMailbox2CompleteCallback)
    HAL_CAN_WakeUpFromRxMsgCallback          0x08000d09   Thumb Code     2  stm32f4xx_hal_can.o(i.HAL_CAN_WakeUpFromRxMsgCallback)
    HAL_Delay                                0x08000d0d   Thumb Code    32  stm32f4xx_hal.o(i.HAL_Delay)
    HAL_GPIO_Init                            0x08000d31   Thumb Code   510  stm32f4xx_hal_gpio.o(i.HAL_GPIO_Init)
    HAL_GetTick                              0x08000f65   Thumb Code     6  stm32f4xx_hal.o(i.HAL_GetTick)
    HAL_IWDG_Init                            0x08000f71   Thumb Code    94  stm32f4xx_hal_iwdg.o(i.HAL_IWDG_Init)
    HAL_IWDG_Refresh                         0x08000fcf   Thumb Code    12  stm32f4xx_hal_iwdg.o(i.HAL_IWDG_Refresh)
    HAL_IncTick                              0x08000fdd   Thumb Code    12  stm32f4xx_hal.o(i.HAL_IncTick)
    HAL_Init                                 0x08000fed   Thumb Code    48  stm32f4xx_hal.o(i.HAL_Init)
    HAL_InitTick                             0x08001021   Thumb Code    54  stm32f4xx_hal.o(i.HAL_InitTick)
    HAL_MspInit                              0x08001061   Thumb Code    42  stm32f4xx_hal_msp.o(i.HAL_MspInit)
    HAL_NVIC_EnableIRQ                       0x08001091   Thumb Code    26  stm32f4xx_hal_cortex.o(i.HAL_NVIC_EnableIRQ)
    HAL_NVIC_SetPriority                     0x080010ad   Thumb Code    60  stm32f4xx_hal_cortex.o(i.HAL_NVIC_SetPriority)
    HAL_NVIC_SetPriorityGrouping             0x080010ed   Thumb Code    26  stm32f4xx_hal_cortex.o(i.HAL_NVIC_SetPriorityGrouping)
    HAL_PCDEx_LPM_Callback                   0x08001111   Thumb Code     2  stm32f4xx_hal_pcd_ex.o(i.HAL_PCDEx_LPM_Callback)
    HAL_PCDEx_SetRxFiFo                      0x08001113   Thumb Code     8  stm32f4xx_hal_pcd_ex.o(i.HAL_PCDEx_SetRxFiFo)
    HAL_PCDEx_SetTxFiFo                      0x0800111b   Thumb Code    68  stm32f4xx_hal_pcd_ex.o(i.HAL_PCDEx_SetTxFiFo)
    HAL_PCD_ConnectCallback                  0x0800115f   Thumb Code     8  usbd_conf.o(i.HAL_PCD_ConnectCallback)
    HAL_PCD_DataInStageCallback              0x08001167   Thumb Code    18  usbd_conf.o(i.HAL_PCD_DataInStageCallback)
    HAL_PCD_DataOutStageCallback             0x08001179   Thumb Code    20  usbd_conf.o(i.HAL_PCD_DataOutStageCallback)
    HAL_PCD_DisconnectCallback               0x0800118d   Thumb Code     8  usbd_conf.o(i.HAL_PCD_DisconnectCallback)
    HAL_PCD_EP_Abort                         0x08001195   Thumb Code    30  stm32f4xx_hal_pcd.o(i.HAL_PCD_EP_Abort)
    HAL_PCD_EP_Close                         0x080011b3   Thumb Code    74  stm32f4xx_hal_pcd.o(i.HAL_PCD_EP_Close)
    HAL_PCD_EP_ClrStall                      0x080011fd   Thumb Code    90  stm32f4xx_hal_pcd.o(i.HAL_PCD_EP_ClrStall)
    HAL_PCD_EP_GetRxCount                    0x08001257   Thumb Code    18  stm32f4xx_hal_pcd.o(i.HAL_PCD_EP_GetRxCount)
    HAL_PCD_EP_Open                          0x08001269   Thumb Code    98  stm32f4xx_hal_pcd.o(i.HAL_PCD_EP_Open)
    HAL_PCD_EP_Receive                       0x080012cb   Thumb Code    56  stm32f4xx_hal_pcd.o(i.HAL_PCD_EP_Receive)
    HAL_PCD_EP_SetStall                      0x08001303   Thumb Code   114  stm32f4xx_hal_pcd.o(i.HAL_PCD_EP_SetStall)
    HAL_PCD_EP_Transmit                      0x08001375   Thumb Code    50  stm32f4xx_hal_pcd.o(i.HAL_PCD_EP_Transmit)
    HAL_PCD_IRQHandler                       0x080013a9   Thumb Code  1372  stm32f4xx_hal_pcd.o(i.HAL_PCD_IRQHandler)
    HAL_PCD_ISOINIncompleteCallback          0x08001905   Thumb Code     8  usbd_conf.o(i.HAL_PCD_ISOINIncompleteCallback)
    HAL_PCD_ISOOUTIncompleteCallback         0x0800190d   Thumb Code     8  usbd_conf.o(i.HAL_PCD_ISOOUTIncompleteCallback)
    HAL_PCD_Init                             0x08001915   Thumb Code   204  stm32f4xx_hal_pcd.o(i.HAL_PCD_Init)
    HAL_PCD_MspInit                          0x080019e1   Thumb Code   122  usbd_conf.o(i.HAL_PCD_MspInit)
    HAL_PCD_ResetCallback                    0x08001a65   Thumb Code    44  usbd_conf.o(i.HAL_PCD_ResetCallback)
    HAL_PCD_ResumeCallback                   0x08001a91   Thumb Code     8  usbd_conf.o(i.HAL_PCD_ResumeCallback)
    HAL_PCD_SOFCallback                      0x08001a99   Thumb Code     8  usbd_conf.o(i.HAL_PCD_SOFCallback)
    HAL_PCD_SetAddress                       0x08001aa1   Thumb Code    38  stm32f4xx_hal_pcd.o(i.HAL_PCD_SetAddress)
    HAL_PCD_SetupStageCallback               0x08001ac7   Thumb Code    14  usbd_conf.o(i.HAL_PCD_SetupStageCallback)
    HAL_PCD_Start                            0x08001ad5   Thumb Code    66  stm32f4xx_hal_pcd.o(i.HAL_PCD_Start)
    HAL_PCD_SuspendCallback                  0x08001b19   Thumb Code    44  usbd_conf.o(i.HAL_PCD_SuspendCallback)
    HAL_RCC_ClockConfig                      0x08001b49   Thumb Code   288  stm32f4xx_hal_rcc.o(i.HAL_RCC_ClockConfig)
    HAL_RCC_GetHCLKFreq                      0x08001c7d   Thumb Code     6  stm32f4xx_hal_rcc.o(i.HAL_RCC_GetHCLKFreq)
    HAL_RCC_GetSysClockFreq                  0x08001c89   Thumb Code    88  stm32f4xx_hal_rcc.o(i.HAL_RCC_GetSysClockFreq)
    HAL_RCC_OscConfig                        0x08001ce9   Thumb Code   856  stm32f4xx_hal_rcc.o(i.HAL_RCC_OscConfig)
    HAL_SYSTICK_Config                       0x08002055   Thumb Code    40  stm32f4xx_hal_cortex.o(i.HAL_SYSTICK_Config)
    HAL_TIMEx_BreakCallback                  0x0800207d   Thumb Code     2  stm32f4xx_hal_tim_ex.o(i.HAL_TIMEx_BreakCallback)
    HAL_TIMEx_CommutCallback                 0x0800207f   Thumb Code     2  stm32f4xx_hal_tim_ex.o(i.HAL_TIMEx_CommutCallback)
    HAL_TIMEx_MasterConfigSynchronization    0x08002081   Thumb Code   116  stm32f4xx_hal_tim_ex.o(i.HAL_TIMEx_MasterConfigSynchronization)
    HAL_TIM_Base_Init                        0x08002111   Thumb Code    90  stm32f4xx_hal_tim.o(i.HAL_TIM_Base_Init)
    HAL_TIM_Base_MspInit                     0x0800216d   Thumb Code    50  stm32f4xx_hal_msp.o(i.HAL_TIM_Base_MspInit)
    HAL_TIM_Base_Start_IT                    0x080021a9   Thumb Code   100  stm32f4xx_hal_tim.o(i.HAL_TIM_Base_Start_IT)
    HAL_TIM_ConfigClockSource                0x08002229   Thumb Code   220  stm32f4xx_hal_tim.o(i.HAL_TIM_ConfigClockSource)
    HAL_TIM_IC_CaptureCallback               0x08002305   Thumb Code     2  stm32f4xx_hal_tim.o(i.HAL_TIM_IC_CaptureCallback)
    HAL_TIM_IRQHandler                       0x08002307   Thumb Code   304  stm32f4xx_hal_tim.o(i.HAL_TIM_IRQHandler)
    HAL_TIM_OC_DelayElapsedCallback          0x08002437   Thumb Code     2  stm32f4xx_hal_tim.o(i.HAL_TIM_OC_DelayElapsedCallback)
    HAL_TIM_PWM_PulseFinishedCallback        0x08002439   Thumb Code     2  stm32f4xx_hal_tim.o(i.HAL_TIM_PWM_PulseFinishedCallback)
    HAL_TIM_PeriodElapsedCallback            0x0800243d   Thumb Code   294  main.o(i.HAL_TIM_PeriodElapsedCallback)
    HAL_TIM_TriggerCallback                  0x08002579   Thumb Code     2  stm32f4xx_hal_tim.o(i.HAL_TIM_TriggerCallback)
    HardFault_Handler                        0x0800257b   Thumb Code     2  stm32f4xx_it.o(i.HardFault_Handler)
    Kinematics_Calculate                     0x080025b5   Thumb Code   236  kinematics.o(i.Kinematics_Calculate)
    Kinematics_Forward                       0x080026bd   Thumb Code   298  kinematics.o(i.Kinematics_Forward)
    MX_USB_DEVICE_Init                       0x080028f5   Thumb Code    66  usb_device.o(i.MX_USB_DEVICE_Init)
    MemManage_Handler                        0x08002949   Thumb Code     2  stm32f4xx_it.o(i.MemManage_Handler)
    MotorCAN2_ProcessRx                      0x0800294d   Thumb Code    56  can_motor.o(i.MotorCAN2_ProcessRx)
    MotorCAN2_ResetBus                       0x0800298d   Thumb Code    26  can_motor.o(i.MotorCAN2_ResetBus)
    MotorCAN2_SendCurrent                    0x080029ad   Thumb Code    80  can_motor.o(i.MotorCAN2_SendCurrent)
    Motor_CheckOnline                        0x08002a01   Thumb Code    30  can_motor.o(i.Motor_CheckOnline)
    Motor_IsOnline                           0x08002a25   Thumb Code    28  can_motor.o(i.Motor_IsOnline)
    NMI_Handler                              0x08002a45   Thumb Code     2  stm32f4xx_it.o(i.NMI_Handler)
    OTG_FS_IRQHandler                        0x08002a49   Thumb Code     6  stm32f4xx_it.o(i.OTG_FS_IRQHandler)
    PID_Calculate                            0x08002bc3   Thumb Code   152  pid.o(i.PID_Calculate)
    PID_Init                                 0x08002c5d   Thumb Code    24  pid.o(i.PID_Init)
    PID_Reset                                0x08002c79   Thumb Code    14  pid.o(i.PID_Reset)
    PendSV_Handler                           0x08002c8d   Thumb Code     2  stm32f4xx_it.o(i.PendSV_Handler)
    SVC_Handler                              0x08002c8f   Thumb Code     2  stm32f4xx_it.o(i.SVC_Handler)
    SendChassisFeedback                      0x08002c9d   Thumb Code    24  main.o(i.SendChassisFeedback)
    SysTick_Handler                          0x08002cbd   Thumb Code     4  stm32f4xx_it.o(i.SysTick_Handler)
    SystemClock_Config                       0x08002cc1   Thumb Code   146  main.o(i.SystemClock_Config)
    SystemInit                               0x08002d5d   Thumb Code    12  system_stm32f4xx.o(i.SystemInit)
    TIM3_IRQHandler                          0x08002d6d   Thumb Code     6  stm32f4xx_it.o(i.TIM3_IRQHandler)
    TIM_Base_SetConfig                       0x08002d79   Thumb Code   164  stm32f4xx_hal_tim.o(i.TIM_Base_SetConfig)
    TIM_ETR_SetConfig                        0x08002e49   Thumb Code    20  stm32f4xx_hal_tim.o(i.TIM_ETR_SetConfig)
    USBD_CDC_GetDeviceQualifierDescriptor    0x08003031   Thumb Code     8  usbd_cdc.o(i.USBD_CDC_GetDeviceQualifierDescriptor)
    USBD_CDC_ReceivePacket                   0x08003215   Thumb Code    50  usbd_cdc.o(i.USBD_CDC_ReceivePacket)
    USBD_CDC_RegisterInterface               0x0800324d   Thumb Code    22  usbd_cdc.o(i.USBD_CDC_RegisterInterface)
    USBD_CDC_SetRxBuffer                     0x08003263   Thumb Code    26  usbd_cdc.o(i.USBD_CDC_SetRxBuffer)
    USBD_CDC_SetTxBuffer                     0x0800327d   Thumb Code    30  usbd_cdc.o(i.USBD_CDC_SetTxBuffer)
    USBD_CDC_TransmitPacket                  0x08003371   Thumb Code    76  usbd_cdc.o(i.USBD_CDC_TransmitPacket)
    USBD_ClrClassConfig                      0x080033c1   Thumb Code    20  usbd_core.o(i.USBD_ClrClassConfig)
    USBD_CoreFindEP                          0x080033d5   Thumb Code     4  usbd_core.o(i.USBD_CoreFindEP)
    USBD_CoreFindIF                          0x080033d9   Thumb Code     4  usbd_core.o(i.USBD_CoreFindIF)
    USBD_CtlContinueRx                       0x080033dd   Thumb Code    16  usbd_ioreq.o(i.USBD_CtlContinueRx)
    USBD_CtlContinueSendData                 0x080033ed   Thumb Code    16  usbd_ioreq.o(i.USBD_CtlContinueSendData)
    USBD_CtlError                            0x080033fd   Thumb Code    22  usbd_ctlreq.o(i.USBD_CtlError)
    USBD_CtlPrepareRx                        0x08003413   Thumb Code    34  usbd_ioreq.o(i.USBD_CtlPrepareRx)
    USBD_CtlReceiveStatus                    0x08003435   Thumb Code    22  usbd_ioreq.o(i.USBD_CtlReceiveStatus)
    USBD_CtlSendData                         0x0800344b   Thumb Code    28  usbd_ioreq.o(i.USBD_CtlSendData)
    USBD_CtlSendStatus                       0x08003467   Thumb Code    22  usbd_ioreq.o(i.USBD_CtlSendStatus)
    USBD_FS_ConfigStrDescriptor              0x0800347d   Thumb Code    16  usbd_desc.o(i.USBD_FS_ConfigStrDescriptor)
    USBD_FS_DeviceDescriptor                 0x0800349d   Thumb Code     8  usbd_desc.o(i.USBD_FS_DeviceDescriptor)
    USBD_FS_InterfaceStrDescriptor           0x080034a9   Thumb Code    16  usbd_desc.o(i.USBD_FS_InterfaceStrDescriptor)
    USBD_FS_LangIDStrDescriptor              0x080034cd   Thumb Code     8  usbd_desc.o(i.USBD_FS_LangIDStrDescriptor)
    USBD_FS_ManufacturerStrDescriptor        0x080034d9   Thumb Code    16  usbd_desc.o(i.USBD_FS_ManufacturerStrDescriptor)
    USBD_FS_ProductStrDescriptor             0x08003501   Thumb Code    16  usbd_desc.o(i.USBD_FS_ProductStrDescriptor)
    USBD_FS_SerialStrDescriptor              0x0800352d   Thumb Code    48  usbd_desc.o(i.USBD_FS_SerialStrDescriptor)
    USBD_GetEpDesc                           0x0800364b   Thumb Code    58  usbd_core.o(i.USBD_GetEpDesc)
    USBD_GetNextDesc                         0x08003699   Thumb Code    14  usbd_core.o(i.USBD_GetNextDesc)
    USBD_GetString                           0x080036a7   Thumb Code    78  usbd_ctlreq.o(i.USBD_GetString)
    USBD_Get_USB_Status                      0x080036f5   Thumb Code    24  usbd_conf.o(i.USBD_Get_USB_Status)
    USBD_Init                                0x0800370d   Thumb Code    38  usbd_core.o(i.USBD_Init)
    USBD_LL_ClearStallEP                     0x08003733   Thumb Code    18  usbd_conf.o(i.USBD_LL_ClearStallEP)
    USBD_LL_CloseEP                          0x08003745   Thumb Code    18  usbd_conf.o(i.USBD_LL_CloseEP)
    USBD_LL_DataInStage                      0x08003757   Thumb Code   184  usbd_core.o(i.USBD_LL_DataInStage)
    USBD_LL_DataOutStage                     0x0800380f   Thumb Code   148  usbd_core.o(i.USBD_LL_DataOutStage)
    USBD_LL_DevConnected                     0x080038a3   Thumb Code     4  usbd_core.o(i.USBD_LL_DevConnected)
    USBD_LL_DevDisconnected                  0x080038a7   Thumb Code    30  usbd_core.o(i.USBD_LL_DevDisconnected)
    USBD_LL_GetRxDataSize                    0x080038c5   Thumb Code     8  usbd_conf.o(i.USBD_LL_GetRxDataSize)
    USBD_LL_Init                             0x080038cd   Thumb Code    90  usbd_conf.o(i.USBD_LL_Init)
    USBD_LL_IsStallEP                        0x0800392d   Thumb Code    30  usbd_conf.o(i.USBD_LL_IsStallEP)
    USBD_LL_IsoINIncomplete                  0x0800394b   Thumb Code    40  usbd_core.o(i.USBD_LL_IsoINIncomplete)
    USBD_LL_IsoOUTIncomplete                 0x08003973   Thumb Code    40  usbd_core.o(i.USBD_LL_IsoOUTIncomplete)
    USBD_LL_OpenEP                           0x0800399b   Thumb Code    24  usbd_conf.o(i.USBD_LL_OpenEP)
    USBD_LL_PrepareReceive                   0x080039b3   Thumb Code    18  usbd_conf.o(i.USBD_LL_PrepareReceive)
    USBD_LL_Reset                            0x080039c5   Thumb Code    94  usbd_core.o(i.USBD_LL_Reset)
    USBD_LL_Resume                           0x08003a23   Thumb Code    20  usbd_core.o(i.USBD_LL_Resume)
    USBD_LL_SOF                              0x08003a37   Thumb Code    26  usbd_core.o(i.USBD_LL_SOF)
    USBD_LL_SetSpeed                         0x08003a51   Thumb Code     6  usbd_core.o(i.USBD_LL_SetSpeed)
    USBD_LL_SetUSBAddress                    0x08003a57   Thumb Code    18  usbd_conf.o(i.USBD_LL_SetUSBAddress)
    USBD_LL_SetupStage                       0x08003a69   Thumb Code    96  usbd_core.o(i.USBD_LL_SetupStage)
    USBD_LL_StallEP                          0x08003ac9   Thumb Code    18  usbd_conf.o(i.USBD_LL_StallEP)
    USBD_LL_Start                            0x08003adb   Thumb Code    18  usbd_conf.o(i.USBD_LL_Start)
    USBD_LL_Suspend                          0x08003aed   Thumb Code    26  usbd_core.o(i.USBD_LL_Suspend)
    USBD_LL_Transmit                         0x08003b07   Thumb Code    18  usbd_conf.o(i.USBD_LL_Transmit)
    USBD_ParseSetupRequest                   0x08003b19   Thumb Code    44  usbd_ctlreq.o(i.USBD_ParseSetupRequest)
    USBD_RegisterClass                       0x08003b45   Thumb Code    58  usbd_core.o(i.USBD_RegisterClass)
    USBD_SetClassConfig                      0x08003b7f   Thumb Code    20  usbd_core.o(i.USBD_SetClassConfig)
    USBD_Start                               0x08003c4d   Thumb Code     4  usbd_core.o(i.USBD_Start)
    USBD_StdDevReq                           0x08003c51   Thumb Code   300  usbd_ctlreq.o(i.USBD_StdDevReq)
    USBD_StdEPReq                            0x08003d7d   Thumb Code   358  usbd_ctlreq.o(i.USBD_StdEPReq)
    USBD_StdItfReq                           0x08003ee3   Thumb Code   114  usbd_ctlreq.o(i.USBD_StdItfReq)
    USBD_static_free                         0x08003f55   Thumb Code     2  usbd_conf.o(i.USBD_static_free)
    USBD_static_malloc                       0x08003f59   Thumb Code     4  usbd_conf.o(i.USBD_static_malloc)
    USB_ActivateEndpoint                     0x08003f61   Thumb Code   122  stm32f4xx_ll_usb.o(i.USB_ActivateEndpoint)
    USB_ActivateSetup                        0x08003fe1   Thumb Code    28  stm32f4xx_ll_usb.o(i.USB_ActivateSetup)
    USB_CMD_Process                          0x08003ffd   Thumb Code    42  main.o(i.USB_CMD_Process)
    USB_CoreInit                             0x0800402d   Thumb Code   126  stm32f4xx_ll_usb.o(i.USB_CoreInit)
    USB_DeactivateEndpoint                   0x080040f5   Thumb Code   194  stm32f4xx_ll_usb.o(i.USB_DeactivateEndpoint)
    USB_DevConnect                           0x080041c1   Thumb Code    28  stm32f4xx_ll_usb.o(i.USB_DevConnect)
    USB_DevDisconnect                        0x080041dd   Thumb Code    28  stm32f4xx_ll_usb.o(i.USB_DevDisconnect)
    USB_DevInit                              0x080041f9   Thumb Code   370  stm32f4xx_ll_usb.o(i.USB_DevInit)
    USB_DisableGlobalInt                     0x08004375   Thumb Code    12  stm32f4xx_ll_usb.o(i.USB_DisableGlobalInt)
    USB_EP0_OutStart                         0x08004381   Thumb Code    84  stm32f4xx_ll_usb.o(i.USB_EP0_OutStart)
    USB_EPClearStall                         0x080043d9   Thumb Code    88  stm32f4xx_ll_usb.o(i.USB_EPClearStall)
    USB_EPSetStall                           0x08004431   Thumb Code    88  stm32f4xx_ll_usb.o(i.USB_EPSetStall)
    USB_EPStartXfer                          0x08004489   Thumb Code   562  stm32f4xx_ll_usb.o(i.USB_EPStartXfer)
    USB_EPStopXfer                           0x080046c1   Thumb Code   158  stm32f4xx_ll_usb.o(i.USB_EPStopXfer)
    USB_EnableGlobalInt                      0x0800475f   Thumb Code    12  stm32f4xx_ll_usb.o(i.USB_EnableGlobalInt)
    USB_FlushRxFifo                          0x0800476b   Thumb Code    56  stm32f4xx_ll_usb.o(i.USB_FlushRxFifo)
    USB_FlushTxFifo                          0x080047a3   Thumb Code    60  stm32f4xx_ll_usb.o(i.USB_FlushTxFifo)
    USB_GetDevSpeed                          0x080047df   Thumb Code    26  stm32f4xx_ll_usb.o(i.USB_GetDevSpeed)
    USB_GetMode                              0x080047f9   Thumb Code     8  stm32f4xx_ll_usb.o(i.USB_GetMode)
    USB_ReadDevAllInEpInterrupt              0x08004801   Thumb Code    14  stm32f4xx_ll_usb.o(i.USB_ReadDevAllInEpInterrupt)
    USB_ReadDevAllOutEpInterrupt             0x0800480f   Thumb Code    14  stm32f4xx_ll_usb.o(i.USB_ReadDevAllOutEpInterrupt)
    USB_ReadDevInEPInterrupt                 0x0800481d   Thumb Code    36  stm32f4xx_ll_usb.o(i.USB_ReadDevInEPInterrupt)
    USB_ReadDevOutEPInterrupt                0x08004841   Thumb Code    16  stm32f4xx_ll_usb.o(i.USB_ReadDevOutEPInterrupt)
    USB_ReadInterrupts                       0x08004851   Thumb Code     8  stm32f4xx_ll_usb.o(i.USB_ReadInterrupts)
    USB_ReadPacket                           0x08004859   Thumb Code    62  stm32f4xx_ll_usb.o(i.USB_ReadPacket)
    USB_SetCurrentMode                       0x08004897   Thumb Code    92  stm32f4xx_ll_usb.o(i.USB_SetCurrentMode)
    USB_SetDevAddress                        0x080048f3   Thumb Code    34  stm32f4xx_ll_usb.o(i.USB_SetDevAddress)
    USB_SetTurnaroundTime                    0x08004915   Thumb Code   158  stm32f4xx_ll_usb.o(i.USB_SetTurnaroundTime)
    USB_WritePacket                          0x080049fd   Thumb Code    40  stm32f4xx_ll_usb.o(i.USB_WritePacket)
    UpdateOdometry                           0x08004a25   Thumb Code    64  main.o(i.UpdateOdometry)
    UsageFault_Handler                       0x08004a71   Thumb Code     2  stm32f4xx_it.o(i.UsageFault_Handler)
    __hardfp_sqrtf                           0x08004a93   Thumb Code    58  sqrtf.o(i.__hardfp_sqrtf)
    main                                     0x08004acd   Thumb Code   132  main.o(i.main)
    __aeabi_d2f                              0x08004b6d   Thumb Code     0  d2f.o(x$fpl$d2f)
    _d2f                                     0x08004b6d   Thumb Code    98  d2f.o(x$fpl$d2f)
    __aeabi_ddiv                             0x08004bd1   Thumb Code     0  ddiv.o(x$fpl$ddiv)
    _ddiv                                    0x08004bd1   Thumb Code   552  ddiv.o(x$fpl$ddiv)
    __aeabi_d2iz                             0x08004e81   Thumb Code     0  dfix.o(x$fpl$dfix)
    _dfix                                    0x08004e81   Thumb Code    94  dfix.o(x$fpl$dfix)
    __fpl_dnaninf                            0x08004edf   Thumb Code   156  dnaninf.o(x$fpl$dnaninf)
    __fpl_dretinf                            0x08004f7b   Thumb Code    12  dretinf.o(x$fpl$dretinf)
    __aeabi_f2d                              0x08004f89   Thumb Code     0  f2d.o(x$fpl$f2d)
    _f2d                                     0x08004f89   Thumb Code    86  f2d.o(x$fpl$f2d)
    __fpl_fnaninf                            0x08004fdf   Thumb Code   140  fnaninf.o(x$fpl$fnaninf)
    _fp_init                                 0x0800506b   Thumb Code    10  fpinit.o(x$fpl$fpinit)
    __fplib_config_fpu_vfp                   0x08005073   Thumb Code     0  fpinit.o(x$fpl$fpinit)
    __fplib_config_pureend_doubles           0x08005073   Thumb Code     0  fpinit.o(x$fpl$fpinit)
    __fpl_fretinf                            0x08005075   Thumb Code    10  fretinf.o(x$fpl$fretinf)
    AHBPrescTable                            0x0800507e   Data          16  system_stm32f4xx.o(.constdata)
    __I$use$fp                               0x0800507e   Number         0  usenofp.o(x$fpl$usenofp)
    Region$$Table$$Base                      0x08005090   Number         0  anon$$obj.o(Region$$Table)
    Region$$Table$$Limit                     0x080050b0   Number         0  anon$$obj.o(Region$$Table)
    can2_error_status                        0x20000000   Data           1  main.o(.data)
    uwTickFreq                               0x2000001c   Data           1  stm32f4xx_hal.o(.data)
    uwTickPrio                               0x20000020   Data           4  stm32f4xx_hal.o(.data)
    uwTick                                   0x20000024   Data           4  stm32f4xx_hal.o(.data)
    SystemCoreClock                          0x20000028   Data           4  system_stm32f4xx.o(.data)
    FS_Desc                                  0x20000034   Data          28  usbd_desc.o(.data)
    USBD_LangIDDesc                          0x20000050   Data           4  usbd_desc.o(.data)
    USBD_FS_DeviceDesc                       0x20000054   Data          18  usbd_desc.o(.data)
    USBD_StringSerial                        0x20000068   Data          26  usbd_desc.o(.data)
    USBD_Interface_fops_FS                   0x20000084   Data          20  usbd_cdc_if.o(.data)
    USBD_CDC                                 0x200000f0   Data          56  usbd_cdc.o(.data)
    hcan2                                    0x20000144   Data          40  main.o(.bss)
    hiwdg                                    0x2000016c   Data          12  main.o(.bss)
    htim3                                    0x20000178   Data          72  main.o(.bss)
    motor_fb                                 0x20000240   Data          28  can_motor.o(.bss)
    hUsbDeviceFS                             0x2000025c   Data         732  usb_device.o(.bss)
    USBD_StrDesc                             0x20000538   Data         512  usbd_desc.o(.bss)
    UserRxBufferFS                           0x20000738   Data        2048  usbd_cdc_if.o(.bss)
    UserTxBufferFS                           0x20000f38   Data        2048  usbd_cdc_if.o(.bss)
    hpcd_USB_OTG_FS                          0x20001958   Data        1252  usbd_conf.o(.bss)
    __libspace_start                         0x20001e3c   Data          96  libspace.o(.bss)
    __temporary_stack_top$libspace           0x20001e9c   Data           0  libspace.o(.bss)



==============================================================================

Memory Map of the image

  Image Entry point : 0x08000189

  Load Region LR_IROM1 (Base: 0x08000000, Size: 0x000051d8, Max: 0x00100000, ABSOLUTE)

    Execution Region ER_IROM1 (Exec base: 0x08000000, Load base: 0x08000000, Size: 0x000050b0, Max: 0x00100000, ABSOLUTE)

    Exec Addr    Load Addr    Size         Type   Attr      Idx    E Section Name        Object

    0x08000000   0x08000000   0x00000188   Data   RO            3    RESET               startup_stm32f405xx.o
    0x08000188   0x08000188   0x00000008   Code   RO         4426  * !!!main             c_w.l(__main.o)
    0x08000190   0x08000190   0x00000034   Code   RO         4635    !!!scatter          c_w.l(__scatter.o)
    0x080001c4   0x080001c4   0x0000001a   Code   RO         4637    !!handler_copy      c_w.l(__scatter_copy.o)
    0x080001de   0x080001de   0x00000002   PAD
    0x080001e0   0x080001e0   0x0000001c   Code   RO         4639    !!handler_zi        c_w.l(__scatter_zi.o)
    0x080001fc   0x080001fc   0x00000002   Code   RO         4506    .ARM.Collect$$libinit$$00000000  c_w.l(libinit.o)
    0x080001fe   0x080001fe   0x00000004   Code   RO         4515    .ARM.Collect$$libinit$$00000001  c_w.l(libinit2.o)
    0x08000202   0x08000202   0x00000000   Code   RO         4518    .ARM.Collect$$libinit$$00000004  c_w.l(libinit2.o)
    0x08000202   0x08000202   0x00000000   Code   RO         4521    .ARM.Collect$$libinit$$0000000A  c_w.l(libinit2.o)
    0x08000202   0x08000202   0x00000000   Code   RO         4523    .ARM.Collect$$libinit$$0000000C  c_w.l(libinit2.o)
    0x08000202   0x08000202   0x00000000   Code   RO         4525    .ARM.Collect$$libinit$$0000000E  c_w.l(libinit2.o)
    0x08000202   0x08000202   0x00000000   Code   RO         4528    .ARM.Collect$$libinit$$00000011  c_w.l(libinit2.o)
    0x08000202   0x08000202   0x00000000   Code   RO         4530    .ARM.Collect$$libinit$$00000013  c_w.l(libinit2.o)
    0x08000202   0x08000202   0x00000000   Code   RO         4532    .ARM.Collect$$libinit$$00000015  c_w.l(libinit2.o)
    0x08000202   0x08000202   0x00000000   Code   RO         4534    .ARM.Collect$$libinit$$00000017  c_w.l(libinit2.o)
    0x08000202   0x08000202   0x00000000   Code   RO         4536    .ARM.Collect$$libinit$$00000019  c_w.l(libinit2.o)
    0x08000202   0x08000202   0x00000000   Code   RO         4538    .ARM.Collect$$libinit$$0000001B  c_w.l(libinit2.o)
    0x08000202   0x08000202   0x00000000   Code   RO         4540    .ARM.Collect$$libinit$$0000001D  c_w.l(libinit2.o)
    0x08000202   0x08000202   0x00000000   Code   RO         4542    .ARM.Collect$$libinit$$0000001F  c_w.l(libinit2.o)
    0x08000202   0x08000202   0x00000000   Code   RO         4544    .ARM.Collect$$libinit$$00000021  c_w.l(libinit2.o)
    0x08000202   0x08000202   0x00000000   Code   RO         4546    .ARM.Collect$$libinit$$00000023  c_w.l(libinit2.o)
    0x08000202   0x08000202   0x00000000   Code   RO         4548    .ARM.Collect$$libinit$$00000025  c_w.l(libinit2.o)
    0x08000202   0x08000202   0x00000000   Code   RO         4552    .ARM.Collect$$libinit$$0000002C  c_w.l(libinit2.o)
    0x08000202   0x08000202   0x00000000   Code   RO         4554    .ARM.Collect$$libinit$$0000002E  c_w.l(libinit2.o)
    0x08000202   0x08000202   0x00000000   Code   RO         4556    .ARM.Collect$$libinit$$00000030  c_w.l(libinit2.o)
    0x08000202   0x08000202   0x00000000   Code   RO         4558    .ARM.Collect$$libinit$$00000032  c_w.l(libinit2.o)
    0x08000202   0x08000202   0x00000002   Code   RO         4559    .ARM.Collect$$libinit$$00000033  c_w.l(libinit2.o)
    0x08000204   0x08000204   0x00000002   Code   RO         4590    .ARM.Collect$$libshutdown$$00000000  c_w.l(libshutdown.o)
    0x08000206   0x08000206   0x00000000   Code   RO         4616    .ARM.Collect$$libshutdown$$00000002  c_w.l(libshutdown2.o)
    0x08000206   0x08000206   0x00000000   Code   RO         4618    .ARM.Collect$$libshutdown$$00000004  c_w.l(libshutdown2.o)
    0x08000206   0x08000206   0x00000000   Code   RO         4620    .ARM.Collect$$libshutdown$$00000006  c_w.l(libshutdown2.o)
    0x08000206   0x08000206   0x00000000   Code   RO         4623    .ARM.Collect$$libshutdown$$00000009  c_w.l(libshutdown2.o)
    0x08000206   0x08000206   0x00000000   Code   RO         4626    .ARM.Collect$$libshutdown$$0000000C  c_w.l(libshutdown2.o)
    0x08000206   0x08000206   0x00000000   Code   RO         4628    .ARM.Collect$$libshutdown$$0000000E  c_w.l(libshutdown2.o)
    0x08000206   0x08000206   0x00000000   Code   RO         4631    .ARM.Collect$$libshutdown$$00000011  c_w.l(libshutdown2.o)
    0x08000206   0x08000206   0x00000002   Code   RO         4632    .ARM.Collect$$libshutdown$$00000012  c_w.l(libshutdown2.o)
    0x08000208   0x08000208   0x00000000   Code   RO         4452    .ARM.Collect$$rtentry$$00000000  c_w.l(__rtentry.o)
    0x08000208   0x08000208   0x00000000   Code   RO         4469    .ARM.Collect$$rtentry$$00000002  c_w.l(__rtentry2.o)
    0x08000208   0x08000208   0x00000006   Code   RO         4481    .ARM.Collect$$rtentry$$00000004  c_w.l(__rtentry4.o)
    0x0800020e   0x0800020e   0x00000000   Code   RO         4471    .ARM.Collect$$rtentry$$00000009  c_w.l(__rtentry2.o)
    0x0800020e   0x0800020e   0x00000004   Code   RO         4472    .ARM.Collect$$rtentry$$0000000A  c_w.l(__rtentry2.o)
    0x08000212   0x08000212   0x00000000   Code   RO         4474    .ARM.Collect$$rtentry$$0000000C  c_w.l(__rtentry2.o)
    0x08000212   0x08000212   0x00000008   Code   RO         4475    .ARM.Collect$$rtentry$$0000000D  c_w.l(__rtentry2.o)
    0x0800021a   0x0800021a   0x00000002   Code   RO         4507    .ARM.Collect$$rtexit$$00000000  c_w.l(rtexit.o)
    0x0800021c   0x0800021c   0x00000000   Code   RO         4563    .ARM.Collect$$rtexit$$00000002  c_w.l(rtexit2.o)
    0x0800021c   0x0800021c   0x00000004   Code   RO         4564    .ARM.Collect$$rtexit$$00000003  c_w.l(rtexit2.o)
    0x08000220   0x08000220   0x00000006   Code   RO         4565    .ARM.Collect$$rtexit$$00000004  c_w.l(rtexit2.o)
    0x08000226   0x08000226   0x00000002   PAD
    0x08000228   0x08000228   0x00000040   Code   RO            4    .text               startup_stm32f405xx.o
    0x08000268   0x08000268   0x000000ee   Code   RO         4420    .text               c_w.l(lludivv7m.o)
    0x08000356   0x08000356   0x0000004e   Code   RO         4422    .text               c_w.l(rt_memclr_w.o)
    0x080003a4   0x080003a4   0x00000006   Code   RO         4424    .text               c_w.l(heapauxi.o)
    0x080003aa   0x080003aa   0x00000016   Code   RO         4457    .text               c_w.l(_rserrno.o)
    0x080003c0   0x080003c0   0x00000008   Code   RO         4488    .text               c_w.l(rt_errno_addr_intlibspace.o)
    0x080003c8   0x080003c8   0x00000008   Code   RO         4490    .text               c_w.l(libspace.o)
    0x080003d0   0x080003d0   0x0000004a   Code   RO         4493    .text               c_w.l(sys_stackheap_outer.o)
    0x0800041a   0x0800041a   0x00000012   Code   RO         4495    .text               c_w.l(exit.o)
    0x0800042c   0x0800042c   0x0000000c   Code   RO         4560    .text               c_w.l(sys_exit.o)
    0x08000438   0x08000438   0x00000002   Code   RO         4579    .text               c_w.l(use_no_semi.o)
    0x0800043a   0x0800043a   0x00000000   Code   RO         4581    .text               c_w.l(indicate_semi.o)
    0x0800043a   0x0800043a   0x00000002   Code   RO          285    i.BusFault_Handler  stm32f4xx_it.o
    0x0800043c   0x0800043c   0x0000000c   Code   RO          286    i.CAN2_RX1_IRQHandler  stm32f4xx_it.o
    0x08000448   0x08000448   0x0000000e   Code   RO           13    i.CAN2_RxCallback   main.o
    0x08000456   0x08000456   0x00000002   PAD
    0x08000458   0x08000458   0x00000030   Code   RO           14    i.CAN2_SCE_Callback  main.o
    0x08000488   0x08000488   0x0000000c   Code   RO          287    i.CAN2_SCE_IRQHandler  stm32f4xx_it.o
    0x08000494   0x08000494   0x00000034   Code   RO           15    i.CAN_Filter_Config  main.o
    0x080004c8   0x080004c8   0x00000040   Code   RO           16    i.CAN_Start         main.o
    0x08000508   0x08000508   0x00000004   Code   RO         3754    i.CDC_Control_FS    usbd_cdc_if.o
    0x0800050c   0x0800050c   0x00000004   Code   RO         3755    i.CDC_DeInit_FS     usbd_cdc_if.o
    0x08000510   0x08000510   0x00000024   Code   RO         3756    i.CDC_Init_FS       usbd_cdc_if.o
    0x08000534   0x08000534   0x00000020   Code   RO         3757    i.CDC_Receive_FS    usbd_cdc_if.o
    0x08000554   0x08000554   0x00000004   Code   RO         3758    i.CDC_TransmitCplt_FS  usbd_cdc_if.o
    0x08000558   0x08000558   0x0000002c   Code   RO         3759    i.CDC_Transmit_FS   usbd_cdc_if.o
    0x08000584   0x08000584   0x00000002   Code   RO          288    i.DebugMon_Handler  stm32f4xx_it.o
    0x08000586   0x08000586   0x00000004   Code   RO           17    i.Error_Handler     main.o
    0x0800058a   0x0800058a   0x00000024   Code   RO         2251    i.HAL_CAN_ActivateNotification  stm32f4xx_hal_can.o
    0x080005ae   0x080005ae   0x000000d0   Code   RO         2252    i.HAL_CAN_AddTxMessage  stm32f4xx_hal_can.o
    0x0800067e   0x0800067e   0x00000002   PAD
    0x08000680   0x08000680   0x0000010c   Code   RO         2253    i.HAL_CAN_ConfigFilter  stm32f4xx_hal_can.o
    0x0800078c   0x0800078c   0x00000014   Code   RO           18    i.HAL_CAN_ErrorCallback  main.o
    0x080007a0   0x080007a0   0x000000f4   Code   RO         2259    i.HAL_CAN_GetRxMessage  stm32f4xx_hal_can.o
    0x08000894   0x08000894   0x000001fc   Code   RO         2263    i.HAL_CAN_IRQHandler  stm32f4xx_hal_can.o
    0x08000a90   0x08000a90   0x0000011a   Code   RO         2264    i.HAL_CAN_Init      stm32f4xx_hal_can.o
    0x08000baa   0x08000baa   0x00000002   PAD
    0x08000bac   0x08000bac   0x0000009c   Code   RO          386    i.HAL_CAN_MspInit   stm32f4xx_hal_msp.o
    0x08000c48   0x08000c48   0x00000022   Code   RO         2270    i.HAL_CAN_ResetError  stm32f4xx_hal_can.o
    0x08000c6a   0x08000c6a   0x00000002   Code   RO         2271    i.HAL_CAN_RxFifo0FullCallback  stm32f4xx_hal_can.o
    0x08000c6c   0x08000c6c   0x00000002   Code   RO         2272    i.HAL_CAN_RxFifo0MsgPendingCallback  stm32f4xx_hal_can.o
    0x08000c6e   0x08000c6e   0x00000002   Code   RO         2273    i.HAL_CAN_RxFifo1FullCallback  stm32f4xx_hal_can.o
    0x08000c70   0x08000c70   0x00000030   Code   RO           19    i.HAL_CAN_RxFifo1MsgPendingCallback  main.o
    0x08000ca0   0x08000ca0   0x00000002   Code   RO         2275    i.HAL_CAN_SleepCallback  stm32f4xx_hal_can.o
    0x08000ca2   0x08000ca2   0x00000002   PAD
    0x08000ca4   0x08000ca4   0x00000058   Code   RO         2276    i.HAL_CAN_Start     stm32f4xx_hal_can.o
    0x08000cfc   0x08000cfc   0x00000002   Code   RO         2278    i.HAL_CAN_TxMailbox0AbortCallback  stm32f4xx_hal_can.o
    0x08000cfe   0x08000cfe   0x00000002   Code   RO         2279    i.HAL_CAN_TxMailbox0CompleteCallback  stm32f4xx_hal_can.o
    0x08000d00   0x08000d00   0x00000002   Code   RO         2280    i.HAL_CAN_TxMailbox1AbortCallback  stm32f4xx_hal_can.o
    0x08000d02   0x08000d02   0x00000002   Code   RO         2281    i.HAL_CAN_TxMailbox1CompleteCallback  stm32f4xx_hal_can.o
    0x08000d04   0x08000d04   0x00000002   Code   RO         2282    i.HAL_CAN_TxMailbox2AbortCallback  stm32f4xx_hal_can.o
    0x08000d06   0x08000d06   0x00000002   Code   RO         2283    i.HAL_CAN_TxMailbox2CompleteCallback  stm32f4xx_hal_can.o
    0x08000d08   0x08000d08   0x00000002   Code   RO         2285    i.HAL_CAN_WakeUpFromRxMsgCallback  stm32f4xx_hal_can.o
    0x08000d0a   0x08000d0a   0x00000002   PAD
    0x08000d0c   0x08000d0c   0x00000024   Code   RO         1987    i.HAL_Delay         stm32f4xx_hal.o
    0x08000d30   0x08000d30   0x00000234   Code   RO         1425    i.HAL_GPIO_Init     stm32f4xx_hal_gpio.o
    0x08000f64   0x08000f64   0x0000000c   Code   RO         1995    i.HAL_GetTick       stm32f4xx_hal.o
    0x08000f70   0x08000f70   0x0000005e   Code   RO         2484    i.HAL_IWDG_Init     stm32f4xx_hal_iwdg.o
    0x08000fce   0x08000fce   0x0000000c   Code   RO         2485    i.HAL_IWDG_Refresh  stm32f4xx_hal_iwdg.o
    0x08000fda   0x08000fda   0x00000002   PAD
    0x08000fdc   0x08000fdc   0x00000010   Code   RO         2001    i.HAL_IncTick       stm32f4xx_hal.o
    0x08000fec   0x08000fec   0x00000034   Code   RO         2002    i.HAL_Init          stm32f4xx_hal.o
    0x08001020   0x08001020   0x00000040   Code   RO         2003    i.HAL_InitTick      stm32f4xx_hal.o
    0x08001060   0x08001060   0x00000030   Code   RO          387    i.HAL_MspInit       stm32f4xx_hal_msp.o
    0x08001090   0x08001090   0x0000001a   Code   RO         1835    i.HAL_NVIC_EnableIRQ  stm32f4xx_hal_cortex.o
    0x080010aa   0x080010aa   0x00000002   PAD
    0x080010ac   0x080010ac   0x00000040   Code   RO         1841    i.HAL_NVIC_SetPriority  stm32f4xx_hal_cortex.o
    0x080010ec   0x080010ec   0x00000024   Code   RO         1842    i.HAL_NVIC_SetPriorityGrouping  stm32f4xx_hal_cortex.o
    0x08001110   0x08001110   0x00000002   Code   RO          672    i.HAL_PCDEx_LPM_Callback  stm32f4xx_hal_pcd_ex.o
    0x08001112   0x08001112   0x00000008   Code   RO          673    i.HAL_PCDEx_SetRxFiFo  stm32f4xx_hal_pcd_ex.o
    0x0800111a   0x0800111a   0x00000044   Code   RO          674    i.HAL_PCDEx_SetTxFiFo  stm32f4xx_hal_pcd_ex.o
    0x0800115e   0x0800115e   0x00000008   Code   RO         3811    i.HAL_PCD_ConnectCallback  usbd_conf.o
    0x08001166   0x08001166   0x00000012   Code   RO         3812    i.HAL_PCD_DataInStageCallback  usbd_conf.o
    0x08001178   0x08001178   0x00000014   Code   RO         3813    i.HAL_PCD_DataOutStageCallback  usbd_conf.o
    0x0800118c   0x0800118c   0x00000008   Code   RO         3814    i.HAL_PCD_DisconnectCallback  usbd_conf.o
    0x08001194   0x08001194   0x0000001e   Code   RO          442    i.HAL_PCD_EP_Abort  stm32f4xx_hal_pcd.o
    0x080011b2   0x080011b2   0x0000004a   Code   RO          443    i.HAL_PCD_EP_Close  stm32f4xx_hal_pcd.o
    0x080011fc   0x080011fc   0x0000005a   Code   RO          444    i.HAL_PCD_EP_ClrStall  stm32f4xx_hal_pcd.o
    0x08001256   0x08001256   0x00000012   Code   RO          446    i.HAL_PCD_EP_GetRxCount  stm32f4xx_hal_pcd.o
    0x08001268   0x08001268   0x00000062   Code   RO          447    i.HAL_PCD_EP_Open   stm32f4xx_hal_pcd.o
    0x080012ca   0x080012ca   0x00000038   Code   RO          448    i.HAL_PCD_EP_Receive  stm32f4xx_hal_pcd.o
    0x08001302   0x08001302   0x00000072   Code   RO          449    i.HAL_PCD_EP_SetStall  stm32f4xx_hal_pcd.o
    0x08001374   0x08001374   0x00000032   Code   RO          450    i.HAL_PCD_EP_Transmit  stm32f4xx_hal_pcd.o
    0x080013a6   0x080013a6   0x00000002   PAD
    0x080013a8   0x080013a8   0x0000055c   Code   RO          452    i.HAL_PCD_IRQHandler  stm32f4xx_hal_pcd.o
    0x08001904   0x08001904   0x00000008   Code   RO         3815    i.HAL_PCD_ISOINIncompleteCallback  usbd_conf.o
    0x0800190c   0x0800190c   0x00000008   Code   RO         3816    i.HAL_PCD_ISOOUTIncompleteCallback  usbd_conf.o
    0x08001914   0x08001914   0x000000cc   Code   RO          455    i.HAL_PCD_Init      stm32f4xx_hal_pcd.o
    0x080019e0   0x080019e0   0x00000084   Code   RO         3818    i.HAL_PCD_MspInit   usbd_conf.o
    0x08001a64   0x08001a64   0x0000002c   Code   RO         3819    i.HAL_PCD_ResetCallback  usbd_conf.o
    0x08001a90   0x08001a90   0x00000008   Code   RO         3820    i.HAL_PCD_ResumeCallback  usbd_conf.o
    0x08001a98   0x08001a98   0x00000008   Code   RO         3821    i.HAL_PCD_SOFCallback  usbd_conf.o
    0x08001aa0   0x08001aa0   0x00000026   Code   RO          461    i.HAL_PCD_SetAddress  stm32f4xx_hal_pcd.o
    0x08001ac6   0x08001ac6   0x0000000e   Code   RO         3822    i.HAL_PCD_SetupStageCallback  usbd_conf.o
    0x08001ad4   0x08001ad4   0x00000042   Code   RO          464    i.HAL_PCD_Start     stm32f4xx_hal_pcd.o
    0x08001b16   0x08001b16   0x00000002   PAD
    0x08001b18   0x08001b18   0x00000030   Code   RO         3823    i.HAL_PCD_SuspendCallback  usbd_conf.o
    0x08001b48   0x08001b48   0x00000134   Code   RO         1019    i.HAL_RCC_ClockConfig  stm32f4xx_hal_rcc.o
    0x08001c7c   0x08001c7c   0x0000000c   Code   RO         1024    i.HAL_RCC_GetHCLKFreq  stm32f4xx_hal_rcc.o
    0x08001c88   0x08001c88   0x00000060   Code   RO         1028    i.HAL_RCC_GetSysClockFreq  stm32f4xx_hal_rcc.o
    0x08001ce8   0x08001ce8   0x0000036c   Code   RO         1031    i.HAL_RCC_OscConfig  stm32f4xx_hal_rcc.o
    0x08002054   0x08002054   0x00000028   Code   RO         1846    i.HAL_SYSTICK_Config  stm32f4xx_hal_cortex.o
    0x0800207c   0x0800207c   0x00000002   Code   RO         3220    i.HAL_TIMEx_BreakCallback  stm32f4xx_hal_tim_ex.o
    0x0800207e   0x0800207e   0x00000002   Code   RO         3221    i.HAL_TIMEx_CommutCallback  stm32f4xx_hal_tim_ex.o
    0x08002080   0x08002080   0x00000090   Code   RO         3239    i.HAL_TIMEx_MasterConfigSynchronization  stm32f4xx_hal_tim_ex.o
    0x08002110   0x08002110   0x0000005a   Code   RO         2516    i.HAL_TIM_Base_Init  stm32f4xx_hal_tim.o
    0x0800216a   0x0800216a   0x00000002   PAD
    0x0800216c   0x0800216c   0x0000003c   Code   RO          389    i.HAL_TIM_Base_MspInit  stm32f4xx_hal_msp.o
    0x080021a8   0x080021a8   0x00000080   Code   RO         2521    i.HAL_TIM_Base_Start_IT  stm32f4xx_hal_tim.o
    0x08002228   0x08002228   0x000000dc   Code   RO         2525    i.HAL_TIM_ConfigClockSource  stm32f4xx_hal_tim.o
    0x08002304   0x08002304   0x00000002   Code   RO         2550    i.HAL_TIM_IC_CaptureCallback  stm32f4xx_hal_tim.o
    0x08002306   0x08002306   0x00000130   Code   RO         2564    i.HAL_TIM_IRQHandler  stm32f4xx_hal_tim.o
    0x08002436   0x08002436   0x00000002   Code   RO         2567    i.HAL_TIM_OC_DelayElapsedCallback  stm32f4xx_hal_tim.o
    0x08002438   0x08002438   0x00000002   Code   RO         2594    i.HAL_TIM_PWM_PulseFinishedCallback  stm32f4xx_hal_tim.o
    0x0800243a   0x0800243a   0x00000002   PAD
    0x0800243c   0x0800243c   0x0000013c   Code   RO           20    i.HAL_TIM_PeriodElapsedCallback  main.o
    0x08002578   0x08002578   0x00000002   Code   RO         2607    i.HAL_TIM_TriggerCallback  stm32f4xx_hal_tim.o
    0x0800257a   0x0800257a   0x00000002   Code   RO          289    i.HardFault_Handler  stm32f4xx_it.o
    0x0800257c   0x0800257c   0x00000038   Code   RO         3668    i.IntToUnicode      usbd_desc.o
    0x080025b4   0x080025b4   0x00000108   Code   RO         3582    i.Kinematics_Calculate  kinematics.o
    0x080026bc   0x080026bc   0x00000144   Code   RO         3583    i.Kinematics_Forward  kinematics.o
    0x08002800   0x08002800   0x00000040   Code   RO           21    i.MX_CAN2_Init      main.o
    0x08002840   0x08002840   0x0000004c   Code   RO           22    i.MX_GPIO_Init      main.o
    0x0800288c   0x0800288c   0x00000068   Code   RO           23    i.MX_TIM3_Init      main.o
    0x080028f4   0x080028f4   0x00000054   Code   RO         3637    i.MX_USB_DEVICE_Init  usb_device.o
    0x08002948   0x08002948   0x00000002   Code   RO          290    i.MemManage_Handler  stm32f4xx_it.o
    0x0800294a   0x0800294a   0x00000002   PAD
    0x0800294c   0x0800294c   0x00000040   Code   RO         3525    i.MotorCAN2_ProcessRx  can_motor.o
    0x0800298c   0x0800298c   0x00000020   Code   RO         3526    i.MotorCAN2_ResetBus  can_motor.o
    0x080029ac   0x080029ac   0x00000054   Code   RO         3527    i.MotorCAN2_SendCurrent  can_motor.o
    0x08002a00   0x08002a00   0x00000024   Code   RO         3528    i.Motor_CheckOnline  can_motor.o
    0x08002a24   0x08002a24   0x00000020   Code   RO         3529    i.Motor_IsOnline    can_motor.o
    0x08002a44   0x08002a44   0x00000002   Code   RO          291    i.NMI_Handler       stm32f4xx_it.o
    0x08002a46   0x08002a46   0x00000002   PAD
    0x08002a48   0x08002a48   0x0000000c   Code   RO          292    i.OTG_FS_IRQHandler  stm32f4xx_it.o
    0x08002a54   0x08002a54   0x000000cc   Code   RO          468    i.PCD_EP_OutXfrComplete_int  stm32f4xx_hal_pcd.o
    0x08002b20   0x08002b20   0x000000a2   Code   RO          469    i.PCD_WriteEmptyTxFifo  stm32f4xx_hal_pcd.o
    0x08002bc2   0x08002bc2   0x00000098   Code   RO         3607    i.PID_Calculate     pid.o
    0x08002c5a   0x08002c5a   0x00000002   PAD
    0x08002c5c   0x08002c5c   0x0000001c   Code   RO         3608    i.PID_Init          pid.o
    0x08002c78   0x08002c78   0x00000014   Code   RO         3609    i.PID_Reset         pid.o
    0x08002c8c   0x08002c8c   0x00000002   Code   RO          293    i.PendSV_Handler    stm32f4xx_it.o
    0x08002c8e   0x08002c8e   0x00000002   Code   RO          294    i.SVC_Handler       stm32f4xx_it.o
    0x08002c90   0x08002c90   0x0000000a   Code   RO         4177    i.SWAPBYTE          usbd_ctlreq.o
    0x08002c9a   0x08002c9a   0x00000002   PAD
    0x08002c9c   0x08002c9c   0x00000020   Code   RO           24    i.SendChassisFeedback  main.o
    0x08002cbc   0x08002cbc   0x00000004   Code   RO          295    i.SysTick_Handler   stm32f4xx_it.o
    0x08002cc0   0x08002cc0   0x0000009c   Code   RO           25    i.SystemClock_Config  main.o
    0x08002d5c   0x08002d5c   0x00000010   Code   RO         3488    i.SystemInit        system_stm32f4xx.o
    0x08002d6c   0x08002d6c   0x0000000c   Code   RO          296    i.TIM3_IRQHandler   stm32f4xx_it.o
    0x08002d78   0x08002d78   0x000000d0   Code   RO         2609    i.TIM_Base_SetConfig  stm32f4xx_hal_tim.o
    0x08002e48   0x08002e48   0x00000014   Code   RO         2620    i.TIM_ETR_SetConfig  stm32f4xx_hal_tim.o
    0x08002e5c   0x08002e5c   0x00000010   Code   RO         2621    i.TIM_ITRx_SetConfig  stm32f4xx_hal_tim.o
    0x08002e6c   0x08002e6c   0x00000022   Code   RO         2627    i.TIM_TI1_ConfigInputStage  stm32f4xx_hal_tim.o
    0x08002e8e   0x08002e8e   0x00000024   Code   RO         2629    i.TIM_TI2_ConfigInputStage  stm32f4xx_hal_tim.o
    0x08002eb2   0x08002eb2   0x00000076   Code   RO         4315    i.USBD_CDC_DataIn   usbd_cdc.o
    0x08002f28   0x08002f28   0x0000003c   Code   RO         4316    i.USBD_CDC_DataOut  usbd_cdc.o
    0x08002f64   0x08002f64   0x00000094   Code   RO         4317    i.USBD_CDC_DeInit   usbd_cdc.o
    0x08002ff8   0x08002ff8   0x00000036   Code   RO         4318    i.USBD_CDC_EP0_RxReady  usbd_cdc.o
    0x0800302e   0x0800302e   0x00000002   PAD
    0x08003030   0x08003030   0x0000000c   Code   RO         4319    i.USBD_CDC_GetDeviceQualifierDescriptor  usbd_cdc.o
    0x0800303c   0x0800303c   0x0000003c   Code   RO         4320    i.USBD_CDC_GetFSCfgDesc  usbd_cdc.o
    0x08003078   0x08003078   0x00000040   Code   RO         4321    i.USBD_CDC_GetHSCfgDesc  usbd_cdc.o
    0x080030b8   0x080030b8   0x0000003c   Code   RO         4322    i.USBD_CDC_GetOtherSpeedCfgDesc  usbd_cdc.o
    0x080030f4   0x080030f4   0x00000120   Code   RO         4323    i.USBD_CDC_Init     usbd_cdc.o
    0x08003214   0x08003214   0x00000038   Code   RO         4324    i.USBD_CDC_ReceivePacket  usbd_cdc.o
    0x0800324c   0x0800324c   0x00000016   Code   RO         4325    i.USBD_CDC_RegisterInterface  usbd_cdc.o
    0x08003262   0x08003262   0x0000001a   Code   RO         4326    i.USBD_CDC_SetRxBuffer  usbd_cdc.o
    0x0800327c   0x0800327c   0x0000001e   Code   RO         4327    i.USBD_CDC_SetTxBuffer  usbd_cdc.o
    0x0800329a   0x0800329a   0x000000d4   Code   RO         4328    i.USBD_CDC_Setup    usbd_cdc.o
    0x0800336e   0x0800336e   0x00000002   PAD
    0x08003370   0x08003370   0x00000050   Code   RO         4329    i.USBD_CDC_TransmitPacket  usbd_cdc.o
    0x080033c0   0x080033c0   0x00000014   Code   RO         4018    i.USBD_ClrClassConfig  usbd_core.o
    0x080033d4   0x080033d4   0x00000004   Code   RO         4019    i.USBD_CoreFindEP   usbd_core.o
    0x080033d8   0x080033d8   0x00000004   Code   RO         4020    i.USBD_CoreFindIF   usbd_core.o
    0x080033dc   0x080033dc   0x00000010   Code   RO         4255    i.USBD_CtlContinueRx  usbd_ioreq.o
    0x080033ec   0x080033ec   0x00000010   Code   RO         4256    i.USBD_CtlContinueSendData  usbd_ioreq.o
    0x080033fc   0x080033fc   0x00000016   Code   RO         4178    i.USBD_CtlError     usbd_ctlreq.o
    0x08003412   0x08003412   0x00000022   Code   RO         4257    i.USBD_CtlPrepareRx  usbd_ioreq.o
    0x08003434   0x08003434   0x00000016   Code   RO         4258    i.USBD_CtlReceiveStatus  usbd_ioreq.o
    0x0800344a   0x0800344a   0x0000001c   Code   RO         4259    i.USBD_CtlSendData  usbd_ioreq.o
    0x08003466   0x08003466   0x00000016   Code   RO         4260    i.USBD_CtlSendStatus  usbd_ioreq.o
    0x0800347c   0x0800347c   0x00000020   Code   RO         3669    i.USBD_FS_ConfigStrDescriptor  usbd_desc.o
    0x0800349c   0x0800349c   0x0000000c   Code   RO         3670    i.USBD_FS_DeviceDescriptor  usbd_desc.o
    0x080034a8   0x080034a8   0x00000024   Code   RO         3671    i.USBD_FS_InterfaceStrDescriptor  usbd_desc.o
    0x080034cc   0x080034cc   0x0000000c   Code   RO         3672    i.USBD_FS_LangIDStrDescriptor  usbd_desc.o
    0x080034d8   0x080034d8   0x00000028   Code   RO         3673    i.USBD_FS_ManufacturerStrDescriptor  usbd_desc.o
    0x08003500   0x08003500   0x0000002c   Code   RO         3674    i.USBD_FS_ProductStrDescriptor  usbd_desc.o
    0x0800352c   0x0800352c   0x00000038   Code   RO         3675    i.USBD_FS_SerialStrDescriptor  usbd_desc.o
    0x08003564   0x08003564   0x000000e6   Code   RO         4179    i.USBD_GetDescriptor  usbd_ctlreq.o
    0x0800364a   0x0800364a   0x0000003a   Code   RO         4022    i.USBD_GetEpDesc    usbd_core.o
    0x08003684   0x08003684   0x00000014   Code   RO         4180    i.USBD_GetLen       usbd_ctlreq.o
    0x08003698   0x08003698   0x0000000e   Code   RO         4023    i.USBD_GetNextDesc  usbd_core.o
    0x080036a6   0x080036a6   0x0000004e   Code   RO         4181    i.USBD_GetString    usbd_ctlreq.o
    0x080036f4   0x080036f4   0x00000018   Code   RO         3824    i.USBD_Get_USB_Status  usbd_conf.o
    0x0800370c   0x0800370c   0x00000026   Code   RO         4024    i.USBD_Init         usbd_core.o
    0x08003732   0x08003732   0x00000012   Code   RO         3825    i.USBD_LL_ClearStallEP  usbd_conf.o
    0x08003744   0x08003744   0x00000012   Code   RO         3826    i.USBD_LL_CloseEP   usbd_conf.o
    0x08003756   0x08003756   0x000000b8   Code   RO         4025    i.USBD_LL_DataInStage  usbd_core.o
    0x0800380e   0x0800380e   0x00000094   Code   RO         4026    i.USBD_LL_DataOutStage  usbd_core.o
    0x080038a2   0x080038a2   0x00000004   Code   RO         4027    i.USBD_LL_DevConnected  usbd_core.o
    0x080038a6   0x080038a6   0x0000001e   Code   RO         4028    i.USBD_LL_DevDisconnected  usbd_core.o
    0x080038c4   0x080038c4   0x00000008   Code   RO         3830    i.USBD_LL_GetRxDataSize  usbd_conf.o
    0x080038cc   0x080038cc   0x00000060   Code   RO         3831    i.USBD_LL_Init      usbd_conf.o
    0x0800392c   0x0800392c   0x0000001e   Code   RO         3832    i.USBD_LL_IsStallEP  usbd_conf.o
    0x0800394a   0x0800394a   0x00000028   Code   RO         4029    i.USBD_LL_IsoINIncomplete  usbd_core.o
    0x08003972   0x08003972   0x00000028   Code   RO         4030    i.USBD_LL_IsoOUTIncomplete  usbd_core.o
    0x0800399a   0x0800399a   0x00000018   Code   RO         3833    i.USBD_LL_OpenEP    usbd_conf.o
    0x080039b2   0x080039b2   0x00000012   Code   RO         3834    i.USBD_LL_PrepareReceive  usbd_conf.o
    0x080039c4   0x080039c4   0x0000005e   Code   RO         4031    i.USBD_LL_Reset     usbd_core.o
    0x08003a22   0x08003a22   0x00000014   Code   RO         4032    i.USBD_LL_Resume    usbd_core.o
    0x08003a36   0x08003a36   0x0000001a   Code   RO         4033    i.USBD_LL_SOF       usbd_core.o
    0x08003a50   0x08003a50   0x00000006   Code   RO         4034    i.USBD_LL_SetSpeed  usbd_core.o
    0x08003a56   0x08003a56   0x00000012   Code   RO         3835    i.USBD_LL_SetUSBAddress  usbd_conf.o
    0x08003a68   0x08003a68   0x00000060   Code   RO         4035    i.USBD_LL_SetupStage  usbd_core.o
    0x08003ac8   0x08003ac8   0x00000012   Code   RO         3836    i.USBD_LL_StallEP   usbd_conf.o
    0x08003ada   0x08003ada   0x00000012   Code   RO         3837    i.USBD_LL_Start     usbd_conf.o
    0x08003aec   0x08003aec   0x0000001a   Code   RO         4036    i.USBD_LL_Suspend   usbd_core.o
    0x08003b06   0x08003b06   0x00000012   Code   RO         3839    i.USBD_LL_Transmit  usbd_conf.o
    0x08003b18   0x08003b18   0x0000002c   Code   RO         4182    i.USBD_ParseSetupRequest  usbd_ctlreq.o
    0x08003b44   0x08003b44   0x0000003a   Code   RO         4037    i.USBD_RegisterClass  usbd_core.o
    0x08003b7e   0x08003b7e   0x00000014   Code   RO         4039    i.USBD_SetClassConfig  usbd_core.o
    0x08003b92   0x08003b92   0x00000002   PAD
    0x08003b94   0x08003b94   0x000000b8   Code   RO         4183    i.USBD_SetConfig    usbd_ctlreq.o
    0x08003c4c   0x08003c4c   0x00000004   Code   RO         4040    i.USBD_Start        usbd_core.o
    0x08003c50   0x08003c50   0x0000012c   Code   RO         4184    i.USBD_StdDevReq    usbd_ctlreq.o
    0x08003d7c   0x08003d7c   0x00000166   Code   RO         4185    i.USBD_StdEPReq     usbd_ctlreq.o
    0x08003ee2   0x08003ee2   0x00000072   Code   RO         4186    i.USBD_StdItfReq    usbd_ctlreq.o
    0x08003f54   0x08003f54   0x00000002   Code   RO         3840    i.USBD_static_free  usbd_conf.o
    0x08003f56   0x08003f56   0x00000002   PAD
    0x08003f58   0x08003f58   0x00000008   Code   RO         3841    i.USBD_static_malloc  usbd_conf.o
    0x08003f60   0x08003f60   0x00000080   Code   RO          714    i.USB_ActivateEndpoint  stm32f4xx_ll_usb.o
    0x08003fe0   0x08003fe0   0x0000001c   Code   RO          716    i.USB_ActivateSetup  stm32f4xx_ll_usb.o
    0x08003ffc   0x08003ffc   0x00000030   Code   RO           26    i.USB_CMD_Process   main.o
    0x0800402c   0x0800402c   0x00000084   Code   RO          718    i.USB_CoreInit      stm32f4xx_ll_usb.o
    0x080040b0   0x080040b0   0x00000044   Code   RO          719    i.USB_CoreReset     stm32f4xx_ll_usb.o
    0x080040f4   0x080040f4   0x000000cc   Code   RO          722    i.USB_DeactivateEndpoint  stm32f4xx_ll_usb.o
    0x080041c0   0x080041c0   0x0000001c   Code   RO          723    i.USB_DevConnect    stm32f4xx_ll_usb.o
    0x080041dc   0x080041dc   0x0000001c   Code   RO          724    i.USB_DevDisconnect  stm32f4xx_ll_usb.o
    0x080041f8   0x080041f8   0x0000017c   Code   RO          725    i.USB_DevInit       stm32f4xx_ll_usb.o
    0x08004374   0x08004374   0x0000000c   Code   RO          726    i.USB_DisableGlobalInt  stm32f4xx_ll_usb.o
    0x08004380   0x08004380   0x00000058   Code   RO          729    i.USB_EP0_OutStart  stm32f4xx_ll_usb.o
    0x080043d8   0x080043d8   0x00000058   Code   RO          730    i.USB_EPClearStall  stm32f4xx_ll_usb.o
    0x08004430   0x08004430   0x00000058   Code   RO          731    i.USB_EPSetStall    stm32f4xx_ll_usb.o
    0x08004488   0x08004488   0x00000238   Code   RO          732    i.USB_EPStartXfer   stm32f4xx_ll_usb.o
    0x080046c0   0x080046c0   0x0000009e   Code   RO          733    i.USB_EPStopXfer    stm32f4xx_ll_usb.o
    0x0800475e   0x0800475e   0x0000000c   Code   RO          734    i.USB_EnableGlobalInt  stm32f4xx_ll_usb.o
    0x0800476a   0x0800476a   0x00000038   Code   RO          735    i.USB_FlushRxFifo   stm32f4xx_ll_usb.o
    0x080047a2   0x080047a2   0x0000003c   Code   RO          736    i.USB_FlushTxFifo   stm32f4xx_ll_usb.o
    0x080047de   0x080047de   0x0000001a   Code   RO          738    i.USB_GetDevSpeed   stm32f4xx_ll_usb.o
    0x080047f8   0x080047f8   0x00000008   Code   RO          740    i.USB_GetMode       stm32f4xx_ll_usb.o
    0x08004800   0x08004800   0x0000000e   Code   RO          748    i.USB_ReadDevAllInEpInterrupt  stm32f4xx_ll_usb.o
    0x0800480e   0x0800480e   0x0000000e   Code   RO          749    i.USB_ReadDevAllOutEpInterrupt  stm32f4xx_ll_usb.o
    0x0800481c   0x0800481c   0x00000024   Code   RO          750    i.USB_ReadDevInEPInterrupt  stm32f4xx_ll_usb.o
    0x08004840   0x08004840   0x00000010   Code   RO          751    i.USB_ReadDevOutEPInterrupt  stm32f4xx_ll_usb.o
    0x08004850   0x08004850   0x00000008   Code   RO          752    i.USB_ReadInterrupts  stm32f4xx_ll_usb.o
    0x08004858   0x08004858   0x0000003e   Code   RO          753    i.USB_ReadPacket    stm32f4xx_ll_usb.o
    0x08004896   0x08004896   0x0000005c   Code   RO          755    i.USB_SetCurrentMode  stm32f4xx_ll_usb.o
    0x080048f2   0x080048f2   0x00000022   Code   RO          756    i.USB_SetDevAddress  stm32f4xx_ll_usb.o
    0x08004914   0x08004914   0x000000e8   Code   RO          758    i.USB_SetTurnaroundTime  stm32f4xx_ll_usb.o
    0x080049fc   0x080049fc   0x00000028   Code   RO          761    i.USB_WritePacket   stm32f4xx_ll_usb.o
    0x08004a24   0x08004a24   0x0000004c   Code   RO           27    i.UpdateOdometry    main.o
    0x08004a70   0x08004a70   0x00000002   Code   RO          297    i.UsageFault_Handler  stm32f4xx_it.o
    0x08004a72   0x08004a72   0x00000020   Code   RO         1848    i.__NVIC_SetPriority  stm32f4xx_hal_cortex.o
    0x08004a92   0x08004a92   0x0000003a   Code   RO         4440    i.__hardfp_sqrtf    m_wm.l(sqrtf.o)
    0x08004acc   0x08004acc   0x000000a0   Code   RO           28    i.main              main.o
    0x08004b6c   0x08004b6c   0x00000062   Code   RO         4428    x$fpl$d2f           fz_wm.l(d2f.o)
    0x08004bce   0x08004bce   0x00000002   PAD
    0x08004bd0   0x08004bd0   0x000002b0   Code   RO         4431    x$fpl$ddiv          fz_wm.l(ddiv.o)
    0x08004e80   0x08004e80   0x0000005e   Code   RO         4434    x$fpl$dfix          fz_wm.l(dfix.o)
    0x08004ede   0x08004ede   0x0000009c   Code   RO         4459    x$fpl$dnaninf       fz_wm.l(dnaninf.o)
    0x08004f7a   0x08004f7a   0x0000000c   Code   RO         4461    x$fpl$dretinf       fz_wm.l(dretinf.o)
    0x08004f86   0x08004f86   0x00000002   PAD
    0x08004f88   0x08004f88   0x00000056   Code   RO         4438    x$fpl$f2d           fz_wm.l(f2d.o)
    0x08004fde   0x08004fde   0x0000008c   Code   RO         4463    x$fpl$fnaninf       fz_wm.l(fnaninf.o)
    0x0800506a   0x0800506a   0x0000000a   Code   RO         4575    x$fpl$fpinit        fz_wm.l(fpinit.o)
    0x08005074   0x08005074   0x0000000a   Code   RO         4465    x$fpl$fretinf       fz_wm.l(fretinf.o)
    0x0800507e   0x0800507e   0x00000000   Code   RO         4467    x$fpl$usenofp       fz_wm.l(usenofp.o)
    0x0800507e   0x0800507e   0x00000010   Data   RO         3489    .constdata          system_stm32f4xx.o
    0x0800508e   0x0800508e   0x00000002   PAD
    0x08005090   0x08005090   0x00000020   Data   RO         4633    Region$$Table       anon$$obj.o


    Execution Region RW_IRAM1 (Exec base: 0x20000000, Load base: 0x080050b0, Size: 0x000024a0, Max: 0x00030000, ABSOLUTE)

    Exec Addr    Load Addr    Size         Type   Attr      Idx    E Section Name        Object

    0x20000000   0x080050b0   0x0000001c   Data   RW           30    .data               main.o
    0x2000001c   0x080050cc   0x0000000c   Data   RW         2009    .data               stm32f4xx_hal.o
    0x20000028   0x080050d8   0x00000004   Data   RW         3491    .data               system_stm32f4xx.o
    0x2000002c   0x080050dc   0x00000008   Data   RW         3531    .data               can_motor.o
    0x20000034   0x080050e4   0x0000001c   Data   RW         3677    .data               usbd_desc.o
    0x20000050   0x08005100   0x00000032   Data   RW         3678    .data               usbd_desc.o
    0x20000082   0x08005132   0x00000002   PAD
    0x20000084   0x08005134   0x00000014   Data   RW         3761    .data               usbd_cdc_if.o
    0x20000098   0x08005148   0x00000001   Data   RW         4187    .data               usbd_ctlreq.o
    0x20000099   0x08005149   0x00000003   PAD
    0x2000009c   0x0800514c   0x00000053   Data   RW         4330    .data               usbd_cdc.o
    0x200000ef   0x0800519f   0x00000001   PAD
    0x200000f0   0x080051a0   0x00000038   Data   RW         4331    .data               usbd_cdc.o
    0x20000128        -       0x00000118   Zero   RW           29    .bss                main.o
    0x20000240        -       0x0000001c   Zero   RW         3530    .bss                can_motor.o
    0x2000025c        -       0x000002dc   Zero   RW         3638    .bss                usb_device.o
    0x20000538        -       0x00000200   Zero   RW         3676    .bss                usbd_desc.o
    0x20000738        -       0x00001000   Zero   RW         3760    .bss                usbd_cdc_if.o
    0x20001738        -       0x00000704   Zero   RW         3842    .bss                usbd_conf.o
    0x20001e3c        -       0x00000060   Zero   RW         4491    .bss                c_w.l(libspace.o)
    0x20001e9c   0x080051d8   0x00000004   PAD
    0x20001ea0        -       0x00000200   Zero   RW            2    HEAP                startup_stm32f405xx.o
    0x200020a0        -       0x00000400   Zero   RW            1    STACK               startup_stm32f405xx.o


==============================================================================

Image component sizes


      Code (inc. data)   RO Data    RW Data    ZI Data      Debug   Object Name

       248         28          0          8         28       4863   can_motor.o
       588         54          0          0          0       2936   kinematics.o
      1282        144          0         28        280     773442   main.o
       200         10          0          0          0       2855   pid.o
        64         26        392          0       1536        848   startup_stm32f405xx.o
       180         28          0         12          0       9633   stm32f4xx_hal.o
      1690          6          0          0          0      14688   stm32f4xx_hal_can.o
       198         14          0          0          0      33875   stm32f4xx_hal_cortex.o
       564         54          0          0          0       1564   stm32f4xx_hal_gpio.o
       106          0          0          0          0       1931   stm32f4xx_hal_iwdg.o
       264         30          0          0          0       2311   stm32f4xx_hal_msp.o
      2576         12          0          0          0      13692   stm32f4xx_hal_pcd.o
        78          0          0          0          0       2441   stm32f4xx_hal_pcd_ex.o
      1292         54          0          0          0       4594   stm32f4xx_hal_rcc.o
      1064         72          0          0          0      10437   stm32f4xx_hal_tim.o
       148         28          0          0          0       2521   stm32f4xx_hal_tim_ex.o
        68         24          0          0          0       6164   stm32f4xx_it.o
      2708        116          0          0          0      23552   stm32f4xx_ll_usb.o
        16          4         16          4          0       1151   system_stm32f4xx.o
        84         18          0          0        732        828   usb_device.o
      1290         38          0        139          0      14553   usbd_cdc.o
       124         22          0         20       4096       4032   usbd_cdc_if.o
       642         24          0          0       1796      17072   usbd_conf.o
       934          0          0          0          0      15567   usbd_core.o
      1360         28          0          1          0      15440   usbd_ctlreq.o
       288        104          0         78        512       6273   usbd_desc.o
       138          0          0          0          0       4596   usbd_ioreq.o

    ----------------------------------------------------------------------
     18232        938        442        296       8980     991859   Object Totals
         0          0         32          0          0          0   (incl. Generated)
        38          0          2          6          0          0   (incl. Padding)

    ----------------------------------------------------------------------

      Code (inc. data)   RO Data    RW Data    ZI Data      Debug   Library Member Name

         8          0          0          0          0         68   __main.o
         0          0          0          0          0          0   __rtentry.o
        12          0          0          0          0          0   __rtentry2.o
         6          0          0          0          0          0   __rtentry4.o
        52          8          0          0          0          0   __scatter.o
        26          0          0          0          0          0   __scatter_copy.o
        28          0          0          0          0          0   __scatter_zi.o
        22          0          0          0          0        100   _rserrno.o
        18          0          0          0          0         80   exit.o
         6          0          0          0          0        152   heapauxi.o
         0          0          0          0          0          0   indicate_semi.o
         2          0          0          0          0          0   libinit.o
         6          0          0          0          0          0   libinit2.o
         2          0          0          0          0          0   libshutdown.o
         2          0          0          0          0          0   libshutdown2.o
         8          4          0          0         96         68   libspace.o
       238          0          0          0          0        100   lludivv7m.o
         8          4          0          0          0         68   rt_errno_addr_intlibspace.o
        78          0          0          0          0         80   rt_memclr_w.o
         2          0          0          0          0          0   rtexit.o
        10          0          0          0          0          0   rtexit2.o
        12          4          0          0          0         68   sys_exit.o
        74          0          0          0          0         80   sys_stackheap_outer.o
         2          0          0          0          0         68   use_no_semi.o
        98          4          0          0          0        140   d2f.o
       688        140          0          0          0        256   ddiv.o
        94          4          0          0          0        140   dfix.o
       156          4          0          0          0        140   dnaninf.o
        12          0          0          0          0        116   dretinf.o
        86          4          0          0          0        132   f2d.o
       140          4          0          0          0        132   fnaninf.o
        10          0          0          0          0        116   fpinit.o
        10          0          0          0          0        116   fretinf.o
         0          0          0          0          0          0   usenofp.o
        58          0          0          0          0        136   sqrtf.o

    ----------------------------------------------------------------------
      1982        180          0          0        100       2356   Library Totals
         8          0          0          0          4          0   (incl. Padding)

    ----------------------------------------------------------------------

      Code (inc. data)   RO Data    RW Data    ZI Data      Debug   Library Name

       622         20          0          0         96        932   c_w.l
      1294        160          0          0          0       1288   fz_wm.l
        58          0          0          0          0        136   m_wm.l

    ----------------------------------------------------------------------
      1982        180          0          0        100       2356   Library Totals

    ----------------------------------------------------------------------

==============================================================================


      Code (inc. data)   RO Data    RW Data    ZI Data      Debug   

     20214       1118        442        296       9080     970651   Grand Totals
     20214       1118        442        296       9080     970651   ELF Image Totals
     20214       1118        442        296          0          0   ROM Totals

==============================================================================

    Total RO  Size (Code + RO Data)                20656 (  20.17kB)
    Total RW  Size (RW Data + ZI Data)              9376 (   9.16kB)
    Total ROM Size (Code + RO Data + RW Data)      20952 (  20.46kB)

==============================================================================

